******************************************************************************
                  MSP430 Linker PC v4.2.1                      
******************************************************************************
>> Linked Wed Jun 08 17:37:58 2016

OUTPUT FILE NAME:   <DC_Basic.out>
ENTRY POINT SYMBOL: "_c_int00"  address: 0000de62


MEMORY CONFIGURATION

         name            origin    length      used     unused   attr    fill
----------------------  --------  ---------  --------  --------  ----  --------
  SFR                   00000000   00000010  00000000  00000010  RWIX
  PERIPHERALS_8BIT      00000010   000000f0  00000000  000000f0  RWIX
  PERIPHERALS_16BIT     00000100   00000100  00000000  00000100  RWIX
  RAM                   00000200   00000200  0000007d  00000183  RWIX
  INFOB                 00001000   00000080  00000000  00000080  RWIX
  INFOA                 00001080   00000080  00000000  00000080  RWIX
  FLASH                 0000c000   00003fe0  00001f94  0000204c  RWIX
  INT00                 0000ffe0   00000002  00000000  00000002  RWIX
  INT01                 0000ffe2   00000002  00000002  00000000  RWIX
  INT02                 0000ffe4   00000002  00000000  00000002  RWIX
  INT03                 0000ffe6   00000002  00000000  00000002  RWIX
  INT04                 0000ffe8   00000002  00000002  00000000  RWIX
  INT05                 0000ffea   00000002  00000002  00000000  RWIX
  INT06                 0000ffec   00000002  00000002  00000000  RWIX
  INT07                 0000ffee   00000002  00000002  00000000  RWIX
  INT08                 0000fff0   00000002  00000002  00000000  RWIX
  INT09                 0000fff2   00000002  00000002  00000000  RWIX
  INT10                 0000fff4   00000002  00000002  00000000  RWIX
  INT11                 0000fff6   00000002  00000002  00000000  RWIX
  INT12                 0000fff8   00000002  00000002  00000000  RWIX
  INT13                 0000fffa   00000002  00000002  00000000  RWIX
  INT14                 0000fffc   00000002  00000002  00000000  RWIX
  RESET                 0000fffe   00000002  00000002  00000000  RWIX


SECTION ALLOCATION MAP

 output                                  attributes/
section   page    origin      length       input sections
--------  ----  ----------  ----------   ----------------
.init_array 
*          0    0000c000    00000000     UNINITIALIZED

.bss       0    00000200    0000001f     UNINITIALIZED
                  00000200    00000010     (.common:buffer)
                  00000210    0000000c     (.common:can)
                  0000021c    00000002     (.common:dcMODE)
                  0000021e    00000001     (.common:activity_count$3)

.TI.noinit 
*          0    00000200    00000000     UNINITIALIZED

.data      0    00000220    0000000e     UNINITIALIZED
                  00000220    00000007     tri63v4.obj (.data)
                  00000227    00000001     --HOLE--
                  00000228    00000006     can.obj (.data:buf_addr$1)

.TI.persistent 
*          0    00000220    00000000     UNINITIALIZED

.stack     0    000003b0    00000050     UNINITIALIZED
                  000003b0    00000002     rts430_eabi.lib : boot.obj (.stack)
                  000003b2    0000004e     --HOLE--

.text      0    0000c000    00001f72     
                  0000c000    00000a04     tri63v4.obj (.text:main)
                  0000ca04    000002e8     rts430_eabi.lib : addd.obj (.text:__mspabi_addd)
                  0000ccec    0000026e                     : frcaddd.obj (.text:__TI_frcaddd)
                  0000cf5a    0000018e     can.obj (.text:can_receive)
                  0000d0e8    00000174     can.obj (.text:can_transmit)
                  0000d25c    00000138     rts430_eabi.lib : cmpd.obj (.text:__mspabi_cmpd)
                  0000d394    00000130                     : fs_add.obj (.text)
                  0000d4c4    0000010c     can.obj (.text:can_init)
                  0000d5d0    000000c2     rts430_eabi.lib : fs_mpy.obj (.text)
                  0000d692    000000c0                     : renormd.obj (.text:__TI_renormd)
                  0000d752    000000a8                     : cvtdf.obj (.text:__mspabi_cvtdf)
                  0000d7fa    0000009a                     : fs_div.obj (.text)
                  0000d894    00000080                     : cvtfd.obj (.text:__mspabi_cvtfd)
                  0000d914    0000005e                     : copy_decompress_rle.obj (.text:__TI_decompress_rle_core)
                  0000d972    0000005e                     : autoinit.obj (.text:_auto_init)
                  0000d9d0    0000005c                     : lsr32.obj (.text:l_lsr_const)
                  0000da2c    00000052     tri63v4.obj (.text:timer_b0)
                  0000da7e    00000050     can.obj (.text:can_write_tx)
                  0000dace    0000004c     rts430_eabi.lib : lsr16.obj (.text)
                  0000db1a    0000004a                     : fs_cmp.obj (.text)
                  0000db64    00000040     can.obj (.text:can_write)
                  0000dba4    00000040     tri63v4.obj (.text:io_init)
                  0000dbe4    0000003e     rts430_eabi.lib : asr32.obj (.text:l_asr_const)
                  0000dc22    0000003e                     : lsl32.obj (.text:l_lsl_const)
                  0000dc60    0000003c     can.obj (.text:can_read)
                  0000dc9c    00000036     rts430_eabi.lib : subd.obj (.text:__mspabi_subd)
                  0000dcd2    00000036     spi.obj (.text:spi_init)
                  0000dd08    00000032     can.obj (.text:can_mod)
                  0000dd3a    00000032     tri63v4.obj (.text:timerA_init)
                  0000dd6c    0000002c     tri63v4.obj (.text:clock_init)
                  0000dd98    0000002c     rts430_eabi.lib : asr16.obj (.text)
                  0000ddc4    0000002c                     : lsl16.obj (.text)
                  0000ddf0    0000002a     can.obj (.text:can_rts)
                  0000de1a    00000024     tri63v4.obj (.text:adc_init)
                  0000de3e    00000024     rts430_eabi.lib : fs_utof.obj (.text)
                  0000de62    0000001a                     : boot.obj (.text:_c_int00_noexit)
                  0000de7c    0000001a     tri63v4.obj (.text:timerB_init)
                  0000de96    00000018     can.obj (.text:can_read_status)
                  0000deae    00000014     rts430_eabi.lib : copy_zero_init.obj (.text:decompress:ZI:__TI_zero_init)
                  0000dec2    00000012     can.obj (.text:can_reset)
                  0000ded4    00000012     rts430_eabi.lib : copy_decompress_none.obj (.text:decompress:none:__TI_decompress_none)
                  0000dee6    00000012                     : lsr32.obj (.text:l_lsr)
                  0000def8    00000012                     : memcpy.obj (.text:memcpy)
                  0000df0a    00000012     spi.obj (.text:spi_exchange)
                  0000df1c    00000012     spi.obj (.text:spi_transmit)
                  0000df2e    00000010     rts430_eabi.lib : asr32.obj (.text:l_asr)
                  0000df3e    00000010                     : lsl32.obj (.text:l_lsl)
                  0000df4e    00000010                     : epilog.obj (.text)
                  0000df5e    00000006                     : isr_trap.obj (.text:__TI_ISR_TRAP)
                  0000df64    00000006                     : copy_decompress_rle.obj (.text:decompress:rle24:__TI_decompress_rle24)
                  0000df6a    00000004                     : pre_init.obj (.text:_system_pre_init)
                  0000df6e    00000004                     : exit.obj (.text:abort)

.cinit     0    0000df72    00000022     
                  0000df72    00000010     (.cinit..data.load) [load image, compression = rle]
                  0000df82    00000006     (__TI_handler_table)
                  0000df88    00000004     (.cinit..bss.load) [load image, compression = zero_init]
                  0000df8c    00000008     (__TI_cinit_table)

PORT2      0    0000ffe2    00000002     
                  0000ffe2    00000002     rts430_eabi.lib : int01.obj (.int01)

PORT1      0    0000ffe8    00000002     
                  0000ffe8    00000002     rts430_eabi.lib : int04.obj (.int04)

TIMERA1    0    0000ffea    00000002     
                  0000ffea    00000002     rts430_eabi.lib : int05.obj (.int05)

TIMERA0    0    0000ffec    00000002     
                  0000ffec    00000002     rts430_eabi.lib : int06.obj (.int06)

ADC12      0    0000ffee    00000002     
                  0000ffee    00000002     rts430_eabi.lib : int07.obj (.int07)

USART0TX   0    0000fff0    00000002     
                  0000fff0    00000002     rts430_eabi.lib : int08.obj (.int08)

USART0RX   0    0000fff2    00000002     
                  0000fff2    00000002     rts430_eabi.lib : int09.obj (.int09)

WDT        0    0000fff4    00000002     
                  0000fff4    00000002     rts430_eabi.lib : int10.obj (.int10)

COMPARATORA 
*          0    0000fff6    00000002     
                  0000fff6    00000002     rts430_eabi.lib : int11.obj (.int11)

TIMERB1    0    0000fff8    00000002     
                  0000fff8    00000002     rts430_eabi.lib : int12.obj (.int12)

TIMERB0    0    0000fffa    00000002     
                  0000fffa    00000002     tri63v4.obj (.int13)

NMI        0    0000fffc    00000002     
                  0000fffc    00000002     rts430_eabi.lib : int14.obj (.int14)

.reset     0    0000fffe    00000002     
                  0000fffe    00000002     rts430_eabi.lib : boot.obj (.reset)


LINKER GENERATED COPY TABLES

__TI_cinit_table @ 0000df8c records: 2, size/record: 4, table size: 8
	.data: load addr=0000df72, load size=00000010 bytes, run addr=00000220, run size=0000000e bytes, compression=rle
	.bss: load addr=0000df88, load size=00000004 bytes, run addr=00000200, run size=0000001f bytes, compression=zero_init


LINKER GENERATED HANDLER TABLE

__TI_handler_table @ 0000df82 records: 3, size/record: 2, table size: 6
	index: 0, handler: __TI_zero_init
	index: 1, handler: __TI_decompress_rle24
	index: 2, handler: __TI_decompress_none


GLOBAL SYMBOLS: SORTED ALPHABETICALLY BY Name 

address    name
--------   ----
000001a0   ADC12CTL0
000001a2   ADC12CTL1
000001a6   ADC12IE
000001a4   ADC12IFG
000001a8   ADC12IV
00000080   ADC12MCTL0
00000081   ADC12MCTL1
0000008a   ADC12MCTL10
0000008b   ADC12MCTL11
0000008c   ADC12MCTL12
0000008d   ADC12MCTL13
0000008e   ADC12MCTL14
0000008f   ADC12MCTL15
00000082   ADC12MCTL2
00000083   ADC12MCTL3
00000084   ADC12MCTL4
00000085   ADC12MCTL5
00000086   ADC12MCTL6
00000087   ADC12MCTL7
00000088   ADC12MCTL8
00000089   ADC12MCTL9
00000140   ADC12MEM0
00000142   ADC12MEM1
00000154   ADC12MEM10
00000156   ADC12MEM11
00000158   ADC12MEM12
0000015a   ADC12MEM13
0000015c   ADC12MEM14
0000015e   ADC12MEM15
00000144   ADC12MEM2
00000146   ADC12MEM3
00000148   ADC12MEM4
0000014a   ADC12MEM5
0000014c   ADC12MEM6
0000014e   ADC12MEM7
00000150   ADC12MEM8
00000152   ADC12MEM9
00000057   BCSCTL1
00000058   BCSCTL2
0000df6e   C$$EXIT
00000059   CACTL1
0000005a   CACTL2
0000005b   CAPD
00000056   DCOCTL
00000128   FCTL1
0000012a   FCTL2
0000012c   FCTL3
00000000   IE1
00000002   IFG1
00000004   ME1
00000022   P1DIR
00000025   P1IE
00000024   P1IES
00000023   P1IFG
00000020   P1IN
00000021   P1OUT
00000026   P1SEL
0000002a   P2DIR
0000002d   P2IE
0000002c   P2IES
0000002b   P2IFG
00000028   P2IN
00000029   P2OUT
0000002e   P2SEL
0000001a   P3DIR
00000018   P3IN
00000019   P3OUT
0000001b   P3SEL
0000001e   P4DIR
0000001c   P4IN
0000001d   P4OUT
0000001f   P4SEL
00000032   P5DIR
00000030   P5IN
00000031   P5OUT
00000033   P5SEL
00000036   P6DIR
00000034   P6IN
00000035   P6OUT
00000037   P6SEL
00000172   TACCR0
00000174   TACCR1
00000176   TACCR2
00000162   TACCTL0
00000164   TACCTL1
00000166   TACCTL2
00000160   TACTL
0000012e   TAIV
00000170   TAR
00000192   TBCCR0
00000194   TBCCR1
00000196   TBCCR2
00000182   TBCCTL0
00000184   TBCCTL1
00000186   TBCCTL2
00000180   TBCTL
0000011e   TBIV
00000190   TBR
00000074   U0BR0
00000075   U0BR1
00000070   U0CTL
00000073   U0MCTL
00000072   U0RCTL
00000076   U0RXBUF
00000071   U0TCTL
00000077   U0TXBUF
00000120   WDTCTL
00000400   __STACK_END
00000050   __STACK_SIZE
0000df8c   __TI_CINIT_Base
0000df94   __TI_CINIT_Limit
0000df82   __TI_Handler_Table_Base
0000df88   __TI_Handler_Table_Limit
UNDEFED    __TI_INITARRAY_Base
UNDEFED    __TI_INITARRAY_Limit
0000df5e   __TI_ISR_TRAP
00000001   __TI_args_main
0000ded4   __TI_decompress_none
0000df64   __TI_decompress_rle24
00000001   __TI_exit
0000ccec   __TI_frcaddd
0000ffe2   __TI_int01
0000ffe8   __TI_int04
0000ffea   __TI_int05
0000ffec   __TI_int06
0000ffee   __TI_int07
0000fff0   __TI_int08
0000fff2   __TI_int09
0000fff4   __TI_int10
0000fff6   __TI_int11
0000fff8   __TI_int12
0000fffa   __TI_int13
0000fffc   __TI_int14
0000d692   __TI_renormd
0000deae   __TI_zero_init
ffffffff   __binit__
ffffffff   __c_args__
0000ca04   __mspabi_addd
0000d39a   __mspabi_addf
0000d25c   __mspabi_cmpd
0000db1a   __mspabi_cmpf
0000d752   __mspabi_cvtdf
0000d894   __mspabi_cvtfd
0000d7fa   __mspabi_divf
0000de3e   __mspabi_fltuf
0000df5a   __mspabi_func_epilog_1
0000df58   __mspabi_func_epilog_2
0000df56   __mspabi_func_epilog_3
0000df54   __mspabi_func_epilog_4
0000df52   __mspabi_func_epilog_5
0000df50   __mspabi_func_epilog_6
0000df4e   __mspabi_func_epilog_7
0000d5d0   __mspabi_mpyf
0000ddc4   __mspabi_slli
0000ddec   __mspabi_slli_1
0000ddda   __mspabi_slli_10
0000ddd8   __mspabi_slli_11
0000ddd6   __mspabi_slli_12
0000ddd4   __mspabi_slli_13
0000ddd2   __mspabi_slli_14
0000ddd0   __mspabi_slli_15
0000ddea   __mspabi_slli_2
0000dde8   __mspabi_slli_3
0000dde6   __mspabi_slli_4
0000dde4   __mspabi_slli_5
0000dde2   __mspabi_slli_6
0000dde0   __mspabi_slli_7
0000ddde   __mspabi_slli_8
0000dddc   __mspabi_slli_9
0000df3e   __mspabi_slll
0000dc5a   __mspabi_slll_1
0000dc36   __mspabi_slll_10
0000dc32   __mspabi_slll_11
0000dc2e   __mspabi_slll_12
0000dc2a   __mspabi_slll_13
0000dc26   __mspabi_slll_14
0000dc22   __mspabi_slll_15
0000dc56   __mspabi_slll_2
0000dc52   __mspabi_slll_3
0000dc4e   __mspabi_slll_4
0000dc4a   __mspabi_slll_5
0000dc46   __mspabi_slll_6
0000dc42   __mspabi_slll_7
0000dc3e   __mspabi_slll_8
0000dc3a   __mspabi_slll_9
0000dd98   __mspabi_srai
0000ddc0   __mspabi_srai_1
0000ddae   __mspabi_srai_10
0000ddac   __mspabi_srai_11
0000ddaa   __mspabi_srai_12
0000dda8   __mspabi_srai_13
0000dda6   __mspabi_srai_14
0000dda4   __mspabi_srai_15
0000ddbe   __mspabi_srai_2
0000ddbc   __mspabi_srai_3
0000ddba   __mspabi_srai_4
0000ddb8   __mspabi_srai_5
0000ddb6   __mspabi_srai_6
0000ddb4   __mspabi_srai_7
0000ddb2   __mspabi_srai_8
0000ddb0   __mspabi_srai_9
0000df2e   __mspabi_sral
0000dc1c   __mspabi_sral_1
0000dbf8   __mspabi_sral_10
0000dbf4   __mspabi_sral_11
0000dbf0   __mspabi_sral_12
0000dbec   __mspabi_sral_13
0000dbe8   __mspabi_sral_14
0000dbe4   __mspabi_sral_15
0000dc18   __mspabi_sral_2
0000dc14   __mspabi_sral_3
0000dc10   __mspabi_sral_4
0000dc0c   __mspabi_sral_5
0000dc08   __mspabi_sral_6
0000dc04   __mspabi_sral_7
0000dc00   __mspabi_sral_8
0000dbfc   __mspabi_sral_9
0000dace   __mspabi_srli
0000db14   __mspabi_srli_1
0000daf0   __mspabi_srli_10
0000daec   __mspabi_srli_11
0000dae8   __mspabi_srli_12
0000dae4   __mspabi_srli_13
0000dae0   __mspabi_srli_14
0000dadc   __mspabi_srli_15
0000db10   __mspabi_srli_2
0000db0c   __mspabi_srli_3
0000db08   __mspabi_srli_4
0000db04   __mspabi_srli_5
0000db00   __mspabi_srli_6
0000dafc   __mspabi_srli_7
0000daf8   __mspabi_srli_8
0000daf4   __mspabi_srli_9
0000dee6   __mspabi_srll
0000da24   __mspabi_srll_1
0000d9ee   __mspabi_srll_10
0000d9e8   __mspabi_srll_11
0000d9e2   __mspabi_srll_12
0000d9dc   __mspabi_srll_13
0000d9d6   __mspabi_srll_14
0000d9d0   __mspabi_srll_15
0000da1e   __mspabi_srll_2
0000da18   __mspabi_srll_3
0000da12   __mspabi_srll_4
0000da0c   __mspabi_srll_5
0000da06   __mspabi_srll_6
0000da00   __mspabi_srll_7
0000d9fa   __mspabi_srll_8
0000d9f4   __mspabi_srll_9
0000dc9c   __mspabi_subd
0000d394   __mspabi_subf
0000d972   _auto_init
0000de62   _c_int00
0000de62   _c_int00_noexit
0000fffe   _reset_vector
000003b0   _stack
0000df6a   _system_pre_init
0000df6e   abort
00000222   activity_flag
0000de1a   adc_init
ffffffff   binit
00000220   blink_flag
00000200   buffer
00000210   can
0000d4c4   can_init
0000dd08   can_mod
0000dc60   can_read
0000de96   can_read_status
0000cf5a   can_receive
0000dec2   can_reset
0000ddf0   can_rts
0000d0e8   can_transmit
0000db64   can_write
0000da7e   can_write_tx
0000dd6c   clock_init
00000221   comms_flag
0000021c   dcMODE
00000223   input_flag
0000dba4   io_init
0000c000   main
0000def8   memcpy
0000df0a   spi_exchange
0000dcd2   spi_init
0000df1c   spi_transmit
0000dd3a   timerA_init
0000de7c   timerB_init
0000da2c   timer_b0


GLOBAL SYMBOLS: SORTED BY Symbol Address 

address    name
--------   ----
00000000   IE1
00000001   __TI_args_main
00000001   __TI_exit
00000002   IFG1
00000004   ME1
00000018   P3IN
00000019   P3OUT
0000001a   P3DIR
0000001b   P3SEL
0000001c   P4IN
0000001d   P4OUT
0000001e   P4DIR
0000001f   P4SEL
00000020   P1IN
00000021   P1OUT
00000022   P1DIR
00000023   P1IFG
00000024   P1IES
00000025   P1IE
00000026   P1SEL
00000028   P2IN
00000029   P2OUT
0000002a   P2DIR
0000002b   P2IFG
0000002c   P2IES
0000002d   P2IE
0000002e   P2SEL
00000030   P5IN
00000031   P5OUT
00000032   P5DIR
00000033   P5SEL
00000034   P6IN
00000035   P6OUT
00000036   P6DIR
00000037   P6SEL
00000050   __STACK_SIZE
00000056   DCOCTL
00000057   BCSCTL1
00000058   BCSCTL2
00000059   CACTL1
0000005a   CACTL2
0000005b   CAPD
00000070   U0CTL
00000071   U0TCTL
00000072   U0RCTL
00000073   U0MCTL
00000074   U0BR0
00000075   U0BR1
00000076   U0RXBUF
00000077   U0TXBUF
00000080   ADC12MCTL0
00000081   ADC12MCTL1
00000082   ADC12MCTL2
00000083   ADC12MCTL3
00000084   ADC12MCTL4
00000085   ADC12MCTL5
00000086   ADC12MCTL6
00000087   ADC12MCTL7
00000088   ADC12MCTL8
00000089   ADC12MCTL9
0000008a   ADC12MCTL10
0000008b   ADC12MCTL11
0000008c   ADC12MCTL12
0000008d   ADC12MCTL13
0000008e   ADC12MCTL14
0000008f   ADC12MCTL15
0000011e   TBIV
00000120   WDTCTL
00000128   FCTL1
0000012a   FCTL2
0000012c   FCTL3
0000012e   TAIV
00000140   ADC12MEM0
00000142   ADC12MEM1
00000144   ADC12MEM2
00000146   ADC12MEM3
00000148   ADC12MEM4
0000014a   ADC12MEM5
0000014c   ADC12MEM6
0000014e   ADC12MEM7
00000150   ADC12MEM8
00000152   ADC12MEM9
00000154   ADC12MEM10
00000156   ADC12MEM11
00000158   ADC12MEM12
0000015a   ADC12MEM13
0000015c   ADC12MEM14
0000015e   ADC12MEM15
00000160   TACTL
00000162   TACCTL0
00000164   TACCTL1
00000166   TACCTL2
00000170   TAR
00000172   TACCR0
00000174   TACCR1
00000176   TACCR2
00000180   TBCTL
00000182   TBCCTL0
00000184   TBCCTL1
00000186   TBCCTL2
00000190   TBR
00000192   TBCCR0
00000194   TBCCR1
00000196   TBCCR2
000001a0   ADC12CTL0
000001a2   ADC12CTL1
000001a4   ADC12IFG
000001a6   ADC12IE
000001a8   ADC12IV
00000200   buffer
00000210   can
0000021c   dcMODE
00000220   blink_flag
00000221   comms_flag
00000222   activity_flag
00000223   input_flag
000003b0   _stack
00000400   __STACK_END
0000c000   main
0000ca04   __mspabi_addd
0000ccec   __TI_frcaddd
0000cf5a   can_receive
0000d0e8   can_transmit
0000d25c   __mspabi_cmpd
0000d394   __mspabi_subf
0000d39a   __mspabi_addf
0000d4c4   can_init
0000d5d0   __mspabi_mpyf
0000d692   __TI_renormd
0000d752   __mspabi_cvtdf
0000d7fa   __mspabi_divf
0000d894   __mspabi_cvtfd
0000d972   _auto_init
0000d9d0   __mspabi_srll_15
0000d9d6   __mspabi_srll_14
0000d9dc   __mspabi_srll_13
0000d9e2   __mspabi_srll_12
0000d9e8   __mspabi_srll_11
0000d9ee   __mspabi_srll_10
0000d9f4   __mspabi_srll_9
0000d9fa   __mspabi_srll_8
0000da00   __mspabi_srll_7
0000da06   __mspabi_srll_6
0000da0c   __mspabi_srll_5
0000da12   __mspabi_srll_4
0000da18   __mspabi_srll_3
0000da1e   __mspabi_srll_2
0000da24   __mspabi_srll_1
0000da2c   timer_b0
0000da7e   can_write_tx
0000dace   __mspabi_srli
0000dadc   __mspabi_srli_15
0000dae0   __mspabi_srli_14
0000dae4   __mspabi_srli_13
0000dae8   __mspabi_srli_12
0000daec   __mspabi_srli_11
0000daf0   __mspabi_srli_10
0000daf4   __mspabi_srli_9
0000daf8   __mspabi_srli_8
0000dafc   __mspabi_srli_7
0000db00   __mspabi_srli_6
0000db04   __mspabi_srli_5
0000db08   __mspabi_srli_4
0000db0c   __mspabi_srli_3
0000db10   __mspabi_srli_2
0000db14   __mspabi_srli_1
0000db1a   __mspabi_cmpf
0000db64   can_write
0000dba4   io_init
0000dbe4   __mspabi_sral_15
0000dbe8   __mspabi_sral_14
0000dbec   __mspabi_sral_13
0000dbf0   __mspabi_sral_12
0000dbf4   __mspabi_sral_11
0000dbf8   __mspabi_sral_10
0000dbfc   __mspabi_sral_9
0000dc00   __mspabi_sral_8
0000dc04   __mspabi_sral_7
0000dc08   __mspabi_sral_6
0000dc0c   __mspabi_sral_5
0000dc10   __mspabi_sral_4
0000dc14   __mspabi_sral_3
0000dc18   __mspabi_sral_2
0000dc1c   __mspabi_sral_1
0000dc22   __mspabi_slll_15
0000dc26   __mspabi_slll_14
0000dc2a   __mspabi_slll_13
0000dc2e   __mspabi_slll_12
0000dc32   __mspabi_slll_11
0000dc36   __mspabi_slll_10
0000dc3a   __mspabi_slll_9
0000dc3e   __mspabi_slll_8
0000dc42   __mspabi_slll_7
0000dc46   __mspabi_slll_6
0000dc4a   __mspabi_slll_5
0000dc4e   __mspabi_slll_4
0000dc52   __mspabi_slll_3
0000dc56   __mspabi_slll_2
0000dc5a   __mspabi_slll_1
0000dc60   can_read
0000dc9c   __mspabi_subd
0000dcd2   spi_init
0000dd08   can_mod
0000dd3a   timerA_init
0000dd6c   clock_init
0000dd98   __mspabi_srai
0000dda4   __mspabi_srai_15
0000dda6   __mspabi_srai_14
0000dda8   __mspabi_srai_13
0000ddaa   __mspabi_srai_12
0000ddac   __mspabi_srai_11
0000ddae   __mspabi_srai_10
0000ddb0   __mspabi_srai_9
0000ddb2   __mspabi_srai_8
0000ddb4   __mspabi_srai_7
0000ddb6   __mspabi_srai_6
0000ddb8   __mspabi_srai_5
0000ddba   __mspabi_srai_4
0000ddbc   __mspabi_srai_3
0000ddbe   __mspabi_srai_2
0000ddc0   __mspabi_srai_1
0000ddc4   __mspabi_slli
0000ddd0   __mspabi_slli_15
0000ddd2   __mspabi_slli_14
0000ddd4   __mspabi_slli_13
0000ddd6   __mspabi_slli_12
0000ddd8   __mspabi_slli_11
0000ddda   __mspabi_slli_10
0000dddc   __mspabi_slli_9
0000ddde   __mspabi_slli_8
0000dde0   __mspabi_slli_7
0000dde2   __mspabi_slli_6
0000dde4   __mspabi_slli_5
0000dde6   __mspabi_slli_4
0000dde8   __mspabi_slli_3
0000ddea   __mspabi_slli_2
0000ddec   __mspabi_slli_1
0000ddf0   can_rts
0000de1a   adc_init
0000de3e   __mspabi_fltuf
0000de62   _c_int00
0000de62   _c_int00_noexit
0000de7c   timerB_init
0000de96   can_read_status
0000deae   __TI_zero_init
0000dec2   can_reset
0000ded4   __TI_decompress_none
0000dee6   __mspabi_srll
0000def8   memcpy
0000df0a   spi_exchange
0000df1c   spi_transmit
0000df2e   __mspabi_sral
0000df3e   __mspabi_slll
0000df4e   __mspabi_func_epilog_7
0000df50   __mspabi_func_epilog_6
0000df52   __mspabi_func_epilog_5
0000df54   __mspabi_func_epilog_4
0000df56   __mspabi_func_epilog_3
0000df58   __mspabi_func_epilog_2
0000df5a   __mspabi_func_epilog_1
0000df5e   __TI_ISR_TRAP
0000df64   __TI_decompress_rle24
0000df6a   _system_pre_init
0000df6e   C$$EXIT
0000df6e   abort
0000df82   __TI_Handler_Table_Base
0000df88   __TI_Handler_Table_Limit
0000df8c   __TI_CINIT_Base
0000df94   __TI_CINIT_Limit
0000ffe2   __TI_int01
0000ffe8   __TI_int04
0000ffea   __TI_int05
0000ffec   __TI_int06
0000ffee   __TI_int07
0000fff0   __TI_int08
0000fff2   __TI_int09
0000fff4   __TI_int10
0000fff6   __TI_int11
0000fff8   __TI_int12
0000fffa   __TI_int13
0000fffc   __TI_int14
0000fffe   _reset_vector
ffffffff   __binit__
ffffffff   __c_args__
ffffffff   binit
UNDEFED    __TI_INITARRAY_Base
UNDEFED    __TI_INITARRAY_Limit

[287 symbols]
