<?xml version="1.0"?>
<link_info>
   <banner>MSP430 Linker PC v4.2.1</banner>
   <copyright>Copyright (c) 2003-2013 Texas Instruments Incorporated</copyright>
   <link_time>0x5783c342</link_time>
   <link_errors>0x0</link_errors>
   <output_file>DC_Sys_CM.out</output_file>
   <entry_point>
      <name>_c_int00</name>
      <address>0xe826</address>
   </entry_point>
   <input_file_list>
      <input_file id="fl-2">
         <path>.\</path>
         <kind>object</kind>
         <file>spi.obj</file>
         <name>spi.obj</name>
      </input_file>
      <input_file id="fl-3">
         <path>.\</path>
         <kind>object</kind>
         <file>main.obj</file>
         <name>main.obj</name>
      </input_file>
      <input_file id="fl-4">
         <path>.\</path>
         <kind>object</kind>
         <file>can.obj</file>
         <name>can.obj</name>
      </input_file>
      <input_file id="fl-1e">
         <path>C:\ti\ccsv5\tools\compiler\msp430_4.2.1\lib\</path>
         <kind>archive</kind>
         <file>rts430_eabi.lib</file>
         <name>addd.obj</name>
      </input_file>
      <input_file id="fl-1f">
         <path>C:\ti\ccsv5\tools\compiler\msp430_4.2.1\lib\</path>
         <kind>archive</kind>
         <file>rts430_eabi.lib</file>
         <name>asr16.obj</name>
      </input_file>
      <input_file id="fl-20">
         <path>C:\ti\ccsv5\tools\compiler\msp430_4.2.1\lib\</path>
         <kind>archive</kind>
         <file>rts430_eabi.lib</file>
         <name>boot.obj</name>
      </input_file>
      <input_file id="fl-21">
         <path>C:\ti\ccsv5\tools\compiler\msp430_4.2.1\lib\</path>
         <kind>archive</kind>
         <file>rts430_eabi.lib</file>
         <name>cmpd.obj</name>
      </input_file>
      <input_file id="fl-22">
         <path>C:\ti\ccsv5\tools\compiler\msp430_4.2.1\lib\</path>
         <kind>archive</kind>
         <file>rts430_eabi.lib</file>
         <name>copy_decompress_none.obj</name>
      </input_file>
      <input_file id="fl-23">
         <path>C:\ti\ccsv5\tools\compiler\msp430_4.2.1\lib\</path>
         <kind>archive</kind>
         <file>rts430_eabi.lib</file>
         <name>copy_decompress_rle.obj</name>
      </input_file>
      <input_file id="fl-24">
         <path>C:\ti\ccsv5\tools\compiler\msp430_4.2.1\lib\</path>
         <kind>archive</kind>
         <file>rts430_eabi.lib</file>
         <name>copy_zero_init.obj</name>
      </input_file>
      <input_file id="fl-25">
         <path>C:\ti\ccsv5\tools\compiler\msp430_4.2.1\lib\</path>
         <kind>archive</kind>
         <file>rts430_eabi.lib</file>
         <name>cvtdf.obj</name>
      </input_file>
      <input_file id="fl-26">
         <path>C:\ti\ccsv5\tools\compiler\msp430_4.2.1\lib\</path>
         <kind>archive</kind>
         <file>rts430_eabi.lib</file>
         <name>cvtfd.obj</name>
      </input_file>
      <input_file id="fl-27">
         <path>C:\ti\ccsv5\tools\compiler\msp430_4.2.1\lib\</path>
         <kind>archive</kind>
         <file>rts430_eabi.lib</file>
         <name>epilog.obj</name>
      </input_file>
      <input_file id="fl-28">
         <path>C:\ti\ccsv5\tools\compiler\msp430_4.2.1\lib\</path>
         <kind>archive</kind>
         <file>rts430_eabi.lib</file>
         <name>exit.obj</name>
      </input_file>
      <input_file id="fl-29">
         <path>C:\ti\ccsv5\tools\compiler\msp430_4.2.1\lib\</path>
         <kind>archive</kind>
         <file>rts430_eabi.lib</file>
         <name>frcaddd.obj</name>
      </input_file>
      <input_file id="fl-2a">
         <path>C:\ti\ccsv5\tools\compiler\msp430_4.2.1\lib\</path>
         <kind>archive</kind>
         <file>rts430_eabi.lib</file>
         <name>fs_add.obj</name>
      </input_file>
      <input_file id="fl-2b">
         <path>C:\ti\ccsv5\tools\compiler\msp430_4.2.1\lib\</path>
         <kind>archive</kind>
         <file>rts430_eabi.lib</file>
         <name>fs_cmp.obj</name>
      </input_file>
      <input_file id="fl-2c">
         <path>C:\ti\ccsv5\tools\compiler\msp430_4.2.1\lib\</path>
         <kind>archive</kind>
         <file>rts430_eabi.lib</file>
         <name>fs_div.obj</name>
      </input_file>
      <input_file id="fl-2d">
         <path>C:\ti\ccsv5\tools\compiler\msp430_4.2.1\lib\</path>
         <kind>archive</kind>
         <file>rts430_eabi.lib</file>
         <name>fs_utof.obj</name>
      </input_file>
      <input_file id="fl-2e">
         <path>C:\ti\ccsv5\tools\compiler\msp430_4.2.1\lib\</path>
         <kind>archive</kind>
         <file>rts430_eabi.lib</file>
         <name>int01.obj</name>
      </input_file>
      <input_file id="fl-2f">
         <path>C:\ti\ccsv5\tools\compiler\msp430_4.2.1\lib\</path>
         <kind>archive</kind>
         <file>rts430_eabi.lib</file>
         <name>int04.obj</name>
      </input_file>
      <input_file id="fl-30">
         <path>C:\ti\ccsv5\tools\compiler\msp430_4.2.1\lib\</path>
         <kind>archive</kind>
         <file>rts430_eabi.lib</file>
         <name>int05.obj</name>
      </input_file>
      <input_file id="fl-31">
         <path>C:\ti\ccsv5\tools\compiler\msp430_4.2.1\lib\</path>
         <kind>archive</kind>
         <file>rts430_eabi.lib</file>
         <name>int06.obj</name>
      </input_file>
      <input_file id="fl-32">
         <path>C:\ti\ccsv5\tools\compiler\msp430_4.2.1\lib\</path>
         <kind>archive</kind>
         <file>rts430_eabi.lib</file>
         <name>int07.obj</name>
      </input_file>
      <input_file id="fl-33">
         <path>C:\ti\ccsv5\tools\compiler\msp430_4.2.1\lib\</path>
         <kind>archive</kind>
         <file>rts430_eabi.lib</file>
         <name>int08.obj</name>
      </input_file>
      <input_file id="fl-34">
         <path>C:\ti\ccsv5\tools\compiler\msp430_4.2.1\lib\</path>
         <kind>archive</kind>
         <file>rts430_eabi.lib</file>
         <name>int09.obj</name>
      </input_file>
      <input_file id="fl-35">
         <path>C:\ti\ccsv5\tools\compiler\msp430_4.2.1\lib\</path>
         <kind>archive</kind>
         <file>rts430_eabi.lib</file>
         <name>int10.obj</name>
      </input_file>
      <input_file id="fl-36">
         <path>C:\ti\ccsv5\tools\compiler\msp430_4.2.1\lib\</path>
         <kind>archive</kind>
         <file>rts430_eabi.lib</file>
         <name>int11.obj</name>
      </input_file>
      <input_file id="fl-37">
         <path>C:\ti\ccsv5\tools\compiler\msp430_4.2.1\lib\</path>
         <kind>archive</kind>
         <file>rts430_eabi.lib</file>
         <name>int12.obj</name>
      </input_file>
      <input_file id="fl-38">
         <path>C:\ti\ccsv5\tools\compiler\msp430_4.2.1\lib\</path>
         <kind>archive</kind>
         <file>rts430_eabi.lib</file>
         <name>int14.obj</name>
      </input_file>
      <input_file id="fl-39">
         <path>C:\ti\ccsv5\tools\compiler\msp430_4.2.1\lib\</path>
         <kind>archive</kind>
         <file>rts430_eabi.lib</file>
         <name>isr_trap.obj</name>
      </input_file>
      <input_file id="fl-3a">
         <path>C:\ti\ccsv5\tools\compiler\msp430_4.2.1\lib\</path>
         <kind>archive</kind>
         <file>rts430_eabi.lib</file>
         <name>lsl16.obj</name>
      </input_file>
      <input_file id="fl-3b">
         <path>C:\ti\ccsv5\tools\compiler\msp430_4.2.1\lib\</path>
         <kind>archive</kind>
         <file>rts430_eabi.lib</file>
         <name>lsl32.obj</name>
      </input_file>
      <input_file id="fl-3c">
         <path>C:\ti\ccsv5\tools\compiler\msp430_4.2.1\lib\</path>
         <kind>archive</kind>
         <file>rts430_eabi.lib</file>
         <name>lsr16.obj</name>
      </input_file>
      <input_file id="fl-3d">
         <path>C:\ti\ccsv5\tools\compiler\msp430_4.2.1\lib\</path>
         <kind>archive</kind>
         <file>rts430_eabi.lib</file>
         <name>lsr32.obj</name>
      </input_file>
      <input_file id="fl-3e">
         <path>C:\ti\ccsv5\tools\compiler\msp430_4.2.1\lib\</path>
         <kind>archive</kind>
         <file>rts430_eabi.lib</file>
         <name>memcpy.obj</name>
      </input_file>
      <input_file id="fl-3f">
         <path>C:\ti\ccsv5\tools\compiler\msp430_4.2.1\lib\</path>
         <kind>archive</kind>
         <file>rts430_eabi.lib</file>
         <name>mpyd.obj</name>
      </input_file>
      <input_file id="fl-40">
         <path>C:\ti\ccsv5\tools\compiler\msp430_4.2.1\lib\</path>
         <kind>archive</kind>
         <file>rts430_eabi.lib</file>
         <name>pre_init.obj</name>
      </input_file>
      <input_file id="fl-41">
         <path>C:\ti\ccsv5\tools\compiler\msp430_4.2.1\lib\</path>
         <kind>archive</kind>
         <file>rts430_eabi.lib</file>
         <name>renormd.obj</name>
      </input_file>
      <input_file id="fl-42">
         <path>C:\ti\ccsv5\tools\compiler\msp430_4.2.1\lib\</path>
         <kind>archive</kind>
         <file>rts430_eabi.lib</file>
         <name>subd.obj</name>
      </input_file>
      <input_file id="fl-43">
         <path>C:\ti\ccsv5\tools\compiler\msp430_4.2.1\lib\</path>
         <kind>archive</kind>
         <file>rts430_eabi.lib</file>
         <name>_lock.obj</name>
      </input_file>
      <input_file id="fl-44">
         <path>C:\ti\ccsv5\tools\compiler\msp430_4.2.1\lib\</path>
         <kind>archive</kind>
         <file>rts430_eabi.lib</file>
         <name>args_main.obj</name>
      </input_file>
      <input_file id="fl-45">
         <path>C:\ti\ccsv5\tools\compiler\msp430_4.2.1\lib\</path>
         <kind>archive</kind>
         <file>rts430_eabi.lib</file>
         <name>asr32.obj</name>
      </input_file>
      <input_file id="fl-46">
         <path>C:\ti\ccsv5\tools\compiler\msp430_4.2.1\lib\</path>
         <kind>archive</kind>
         <file>rts430_eabi.lib</file>
         <name>autoinit.obj</name>
      </input_file>
      <input_file id="fl-47">
         <path>C:\ti\ccsv5\tools\compiler\msp430_4.2.1\lib\</path>
         <kind>archive</kind>
         <file>rts430_eabi.lib</file>
         <name>frcmpyd.obj</name>
      </input_file>
      <input_file id="fl-48">
         <path>C:\ti\ccsv5\tools\compiler\msp430_4.2.1\lib\</path>
         <kind>archive</kind>
         <file>rts430_eabi.lib</file>
         <name>mult32.obj</name>
      </input_file>
   </input_file_list>
   <object_component_list>
      <object_component id="oc-4c">
         <name>.stack</name>
         <uninitialized>true</uninitialized>
         <run_address>0x3b0</run_address>
         <size>0x2</size>
         <input_file_ref idref="fl-20"/>
      </object_component>
      <object_component id="oc-37d">
         <name>.stack</name>
         <uninitialized>true</uninitialized>
         <run_address>0x3b0</run_address>
         <size>0x0</size>
      </object_component>
      <object_component id="oc-62">
         <name>.text:main</name>
         <load_address>0xc000</load_address>
         <run_address>0xc000</run_address>
         <size>0xf16</size>
         <input_file_ref idref="fl-3"/>
      </object_component>
      <object_component id="oc-249">
         <name>.text:__TI_frcmpyd</name>
         <load_address>0xcf16</load_address>
         <run_address>0xcf16</run_address>
         <size>0x2f8</size>
         <input_file_ref idref="fl-47"/>
      </object_component>
      <object_component id="oc-15b">
         <name>.text:__mspabi_addd</name>
         <load_address>0xd20e</load_address>
         <run_address>0xd20e</run_address>
         <size>0x2e8</size>
         <input_file_ref idref="fl-1e"/>
      </object_component>
      <object_component id="oc-255">
         <name>.text:__TI_frcaddd</name>
         <load_address>0xd4f6</load_address>
         <run_address>0xd4f6</run_address>
         <size>0x26e</size>
         <input_file_ref idref="fl-29"/>
      </object_component>
      <object_component id="oc-156">
         <name>.text:__mspabi_mpyd</name>
         <load_address>0xd764</load_address>
         <run_address>0xd764</run_address>
         <size>0x256</size>
         <input_file_ref idref="fl-3f"/>
      </object_component>
      <object_component id="oc-196">
         <name>.text:can_receive</name>
         <load_address>0xd9ba</load_address>
         <run_address>0xd9ba</run_address>
         <size>0x18e</size>
         <input_file_ref idref="fl-4"/>
      </object_component>
      <object_component id="oc-17a">
         <name>.text:can_transmit</name>
         <load_address>0xdb48</load_address>
         <run_address>0xdb48</run_address>
         <size>0x174</size>
         <input_file_ref idref="fl-4"/>
      </object_component>
      <object_component id="oc-165">
         <name>.text:__mspabi_cmpd</name>
         <load_address>0xdcbc</load_address>
         <run_address>0xdcbc</run_address>
         <size>0x138</size>
         <input_file_ref idref="fl-21"/>
      </object_component>
      <object_component id="oc-df">
         <name>.text</name>
         <load_address>0xddf4</load_address>
         <run_address>0xddf4</run_address>
         <size>0x130</size>
         <input_file_ref idref="fl-2a"/>
      </object_component>
      <object_component id="oc-ab">
         <name>.text:can_init</name>
         <load_address>0xdf24</load_address>
         <run_address>0xdf24</run_address>
         <size>0x10c</size>
         <input_file_ref idref="fl-4"/>
      </object_component>
      <object_component id="oc-31a">
         <name>.text:__TI_renormd</name>
         <load_address>0xe030</load_address>
         <run_address>0xe030</run_address>
         <size>0xc0</size>
         <input_file_ref idref="fl-41"/>
      </object_component>
      <object_component id="oc-160">
         <name>.text:__mspabi_cvtdf</name>
         <load_address>0xe0f0</load_address>
         <run_address>0xe0f0</run_address>
         <size>0xa8</size>
         <input_file_ref idref="fl-25"/>
      </object_component>
      <object_component id="oc-14d">
         <name>.text</name>
         <load_address>0xe198</load_address>
         <run_address>0xe198</run_address>
         <size>0x9a</size>
         <input_file_ref idref="fl-2c"/>
      </object_component>
      <object_component id="oc-151">
         <name>.text:__mspabi_cvtfd</name>
         <load_address>0xe232</load_address>
         <run_address>0xe232</run_address>
         <size>0x80</size>
         <input_file_ref idref="fl-26"/>
      </object_component>
      <object_component id="oc-80">
         <name>.text:__TI_decompress_rle_core</name>
         <load_address>0xe2b2</load_address>
         <run_address>0xe2b2</run_address>
         <size>0x5e</size>
         <input_file_ref idref="fl-23"/>
      </object_component>
      <object_component id="oc-5d">
         <name>.text:_auto_init</name>
         <load_address>0xe310</load_address>
         <run_address>0xe310</run_address>
         <size>0x5e</size>
         <input_file_ref idref="fl-46"/>
      </object_component>
      <object_component id="oc-302">
         <name>.text:l_lsr_const</name>
         <load_address>0xe36e</load_address>
         <run_address>0xe36e</run_address>
         <size>0x5c</size>
         <input_file_ref idref="fl-3d"/>
      </object_component>
      <object_component id="oc-53">
         <name>.text:timer_b0</name>
         <load_address>0xe3ca</load_address>
         <run_address>0xe3ca</run_address>
         <size>0x52</size>
         <input_file_ref idref="fl-3"/>
      </object_component>
      <object_component id="oc-28e">
         <name>.text:can_write_tx</name>
         <load_address>0xe41c</load_address>
         <run_address>0xe41c</run_address>
         <size>0x50</size>
         <input_file_ref idref="fl-4"/>
      </object_component>
      <object_component id="oc-260">
         <name>.text</name>
         <load_address>0xe46c</load_address>
         <run_address>0xe46c</run_address>
         <size>0x4c</size>
         <input_file_ref idref="fl-3c"/>
      </object_component>
      <object_component id="oc-16a">
         <name>.text</name>
         <load_address>0xe4b8</load_address>
         <run_address>0xe4b8</run_address>
         <size>0x4a</size>
         <input_file_ref idref="fl-2b"/>
      </object_component>
      <object_component id="oc-200">
         <name>.text:can_write</name>
         <load_address>0xe502</load_address>
         <run_address>0xe502</run_address>
         <size>0x40</size>
         <input_file_ref idref="fl-4"/>
      </object_component>
      <object_component id="oc-a1">
         <name>.text:io_init</name>
         <load_address>0xe542</load_address>
         <run_address>0xe542</run_address>
         <size>0x40</size>
         <input_file_ref idref="fl-3"/>
      </object_component>
      <object_component id="oc-23e">
         <name>.text:l_asr_const</name>
         <load_address>0xe582</load_address>
         <run_address>0xe582</run_address>
         <size>0x3e</size>
         <input_file_ref idref="fl-45"/>
      </object_component>
      <object_component id="oc-25c">
         <name>.text:l_lsl_const</name>
         <load_address>0xe5c0</load_address>
         <run_address>0xe5c0</run_address>
         <size>0x3e</size>
         <input_file_ref idref="fl-3b"/>
      </object_component>
      <object_component id="oc-2a7">
         <name>.text:can_read</name>
         <load_address>0xe5fe</load_address>
         <run_address>0xe5fe</run_address>
         <size>0x3c</size>
         <input_file_ref idref="fl-4"/>
      </object_component>
      <object_component id="oc-16f">
         <name>.text:__mspabi_subd</name>
         <load_address>0xe63a</load_address>
         <run_address>0xe63a</run_address>
         <size>0x36</size>
         <input_file_ref idref="fl-42"/>
      </object_component>
      <object_component id="oc-a6">
         <name>.text:spi_init</name>
         <load_address>0xe670</load_address>
         <run_address>0xe670</run_address>
         <size>0x36</size>
         <input_file_ref idref="fl-2"/>
      </object_component>
      <object_component id="oc-1f4">
         <name>.text:can_mod</name>
         <load_address>0xe6a6</load_address>
         <run_address>0xe6a6</run_address>
         <size>0x32</size>
         <input_file_ref idref="fl-4"/>
      </object_component>
      <object_component id="oc-b5">
         <name>.text:timerA_init</name>
         <load_address>0xe6d8</load_address>
         <run_address>0xe6d8</run_address>
         <size>0x32</size>
         <input_file_ref idref="fl-3"/>
      </object_component>
      <object_component id="oc-b0">
         <name>.text:clock_init</name>
         <load_address>0xe70a</load_address>
         <run_address>0xe70a</run_address>
         <size>0x2c</size>
         <input_file_ref idref="fl-3"/>
      </object_component>
      <object_component id="oc-ce">
         <name>.text</name>
         <load_address>0xe736</load_address>
         <run_address>0xe736</run_address>
         <size>0x2c</size>
         <input_file_ref idref="fl-1f"/>
      </object_component>
      <object_component id="oc-c9">
         <name>.text</name>
         <load_address>0xe762</load_address>
         <run_address>0xe762</run_address>
         <size>0x2c</size>
         <input_file_ref idref="fl-3a"/>
      </object_component>
      <object_component id="oc-293">
         <name>.text:can_rts</name>
         <load_address>0xe78e</load_address>
         <run_address>0xe78e</run_address>
         <size>0x2a</size>
         <input_file_ref idref="fl-4"/>
      </object_component>
      <object_component id="oc-306">
         <name>.text</name>
         <load_address>0xe7b8</load_address>
         <run_address>0xe7b8</run_address>
         <size>0x26</size>
         <input_file_ref idref="fl-48"/>
      </object_component>
      <object_component id="oc-bf">
         <name>.text:adc_init</name>
         <load_address>0xe7de</load_address>
         <run_address>0xe7de</run_address>
         <size>0x24</size>
         <input_file_ref idref="fl-3"/>
      </object_component>
      <object_component id="oc-149">
         <name>.text</name>
         <load_address>0xe802</load_address>
         <run_address>0xe802</run_address>
         <size>0x24</size>
         <input_file_ref idref="fl-2d"/>
      </object_component>
      <object_component id="oc-38">
         <name>.text:_c_int00_noexit</name>
         <load_address>0xe826</load_address>
         <run_address>0xe826</run_address>
         <size>0x1a</size>
         <input_file_ref idref="fl-20"/>
      </object_component>
      <object_component id="oc-ba">
         <name>.text:timerB_init</name>
         <load_address>0xe840</load_address>
         <run_address>0xe840</run_address>
         <size>0x1a</size>
         <input_file_ref idref="fl-3"/>
      </object_component>
      <object_component id="oc-288">
         <name>.text:can_read_status</name>
         <load_address>0xe85a</load_address>
         <run_address>0xe85a</run_address>
         <size>0x18</size>
         <input_file_ref idref="fl-4"/>
      </object_component>
      <object_component id="oc-42">
         <name>.text:decompress:ZI:__TI_zero_init</name>
         <load_address>0xe872</load_address>
         <run_address>0xe872</run_address>
         <size>0x14</size>
         <input_file_ref idref="fl-24"/>
      </object_component>
      <object_component id="oc-1ef">
         <name>.text:can_reset</name>
         <load_address>0xe886</load_address>
         <run_address>0xe886</run_address>
         <size>0x12</size>
         <input_file_ref idref="fl-4"/>
      </object_component>
      <object_component id="oc-3d">
         <name>.text:decompress:none:__TI_decompress_none</name>
         <load_address>0xe898</load_address>
         <run_address>0xe898</run_address>
         <size>0x12</size>
         <input_file_ref idref="fl-22"/>
      </object_component>
      <object_component id="oc-312">
         <name>.text:l_lsr</name>
         <load_address>0xe8aa</load_address>
         <run_address>0xe8aa</run_address>
         <size>0x12</size>
         <input_file_ref idref="fl-3d"/>
      </object_component>
      <object_component id="oc-6d">
         <name>.text:memcpy</name>
         <load_address>0xe8bc</load_address>
         <run_address>0xe8bc</run_address>
         <size>0x12</size>
         <input_file_ref idref="fl-3e"/>
      </object_component>
      <object_component id="oc-32b">
         <name>.text:spi_exchange</name>
         <load_address>0xe8ce</load_address>
         <run_address>0xe8ce</run_address>
         <size>0x12</size>
         <input_file_ref idref="fl-2"/>
      </object_component>
      <object_component id="oc-2f2">
         <name>.text:spi_transmit</name>
         <load_address>0xe8e0</load_address>
         <run_address>0xe8e0</run_address>
         <size>0x12</size>
         <input_file_ref idref="fl-2"/>
      </object_component>
      <object_component id="oc-316">
         <name>.text:l_asr</name>
         <load_address>0xe8f2</load_address>
         <run_address>0xe8f2</run_address>
         <size>0x10</size>
         <input_file_ref idref="fl-45"/>
      </object_component>
      <object_component id="oc-30e">
         <name>.text:l_lsl</name>
         <load_address>0xe902</load_address>
         <run_address>0xe902</run_address>
         <size>0x10</size>
         <input_file_ref idref="fl-3b"/>
      </object_component>
      <object_component id="oc-9b">
         <name>.text</name>
         <load_address>0xe912</load_address>
         <run_address>0xe912</run_address>
         <size>0x10</size>
         <input_file_ref idref="fl-27"/>
      </object_component>
      <object_component id="oc-4f">
         <name>.text:__TI_ISR_TRAP</name>
         <load_address>0xe922</load_address>
         <run_address>0xe922</run_address>
         <size>0x6</size>
         <input_file_ref idref="fl-39"/>
      </object_component>
      <object_component id="oc-47">
         <name>.text:decompress:rle24:__TI_decompress_rle24</name>
         <load_address>0xe928</load_address>
         <run_address>0xe928</run_address>
         <size>0x6</size>
         <input_file_ref idref="fl-23"/>
      </object_component>
      <object_component id="oc-58">
         <name>.text:_system_pre_init</name>
         <load_address>0xe92e</load_address>
         <run_address>0xe92e</run_address>
         <size>0x4</size>
         <input_file_ref idref="fl-40"/>
      </object_component>
      <object_component id="oc-67">
         <name>.text:abort</name>
         <load_address>0xe932</load_address>
         <run_address>0xe932</run_address>
         <size>0x4</size>
         <input_file_ref idref="fl-28"/>
      </object_component>
      <object_component id="oc-37c">
         <name>.cinit..data.load</name>
         <load_address>0xe936</load_address>
         <run_address>0xe936</run_address>
         <size>0x14</size>
      </object_component>
      <object_component id="oc-379">
         <name>__TI_handler_table</name>
         <load_address>0xe94a</load_address>
         <run_address>0xe94a</run_address>
         <size>0x6</size>
      </object_component>
      <object_component id="oc-37b">
         <name>.cinit..bss.load</name>
         <load_address>0xe950</load_address>
         <run_address>0xe950</run_address>
         <size>0x4</size>
      </object_component>
      <object_component id="oc-37a">
         <name>__TI_cinit_table</name>
         <load_address>0xe954</load_address>
         <run_address>0xe954</run_address>
         <size>0x8</size>
      </object_component>
      <object_component id="oc-2c">
         <name>.int01</name>
         <load_address>0xffe2</load_address>
         <run_address>0xffe2</run_address>
         <size>0x2</size>
         <input_file_ref idref="fl-2e"/>
      </object_component>
      <object_component id="oc-2d">
         <name>.int04</name>
         <load_address>0xffe8</load_address>
         <run_address>0xffe8</run_address>
         <size>0x2</size>
         <input_file_ref idref="fl-2f"/>
      </object_component>
      <object_component id="oc-2e">
         <name>.int05</name>
         <load_address>0xffea</load_address>
         <run_address>0xffea</run_address>
         <size>0x2</size>
         <input_file_ref idref="fl-30"/>
      </object_component>
      <object_component id="oc-2f">
         <name>.int06</name>
         <load_address>0xffec</load_address>
         <run_address>0xffec</run_address>
         <size>0x2</size>
         <input_file_ref idref="fl-31"/>
      </object_component>
      <object_component id="oc-30">
         <name>.int07</name>
         <load_address>0xffee</load_address>
         <run_address>0xffee</run_address>
         <size>0x2</size>
         <input_file_ref idref="fl-32"/>
      </object_component>
      <object_component id="oc-31">
         <name>.int08</name>
         <load_address>0xfff0</load_address>
         <run_address>0xfff0</run_address>
         <size>0x2</size>
         <input_file_ref idref="fl-33"/>
      </object_component>
      <object_component id="oc-32">
         <name>.int09</name>
         <load_address>0xfff2</load_address>
         <run_address>0xfff2</run_address>
         <size>0x2</size>
         <input_file_ref idref="fl-34"/>
      </object_component>
      <object_component id="oc-33">
         <name>.int10</name>
         <load_address>0xfff4</load_address>
         <run_address>0xfff4</run_address>
         <size>0x2</size>
         <input_file_ref idref="fl-35"/>
      </object_component>
      <object_component id="oc-34">
         <name>.int11</name>
         <load_address>0xfff6</load_address>
         <run_address>0xfff6</run_address>
         <size>0x2</size>
         <input_file_ref idref="fl-36"/>
      </object_component>
      <object_component id="oc-35">
         <name>.int12</name>
         <load_address>0xfff8</load_address>
         <run_address>0xfff8</run_address>
         <size>0x2</size>
         <input_file_ref idref="fl-37"/>
      </object_component>
      <object_component id="oc-36">
         <name>.int13</name>
         <load_address>0xfffa</load_address>
         <run_address>0xfffa</run_address>
         <size>0x2</size>
         <input_file_ref idref="fl-3"/>
      </object_component>
      <object_component id="oc-37">
         <name>.int14</name>
         <load_address>0xfffc</load_address>
         <run_address>0xfffc</run_address>
         <size>0x2</size>
         <input_file_ref idref="fl-38"/>
      </object_component>
      <object_component id="oc-4e">
         <name>.reset</name>
         <load_address>0xfffe</load_address>
         <run_address>0xfffe</run_address>
         <size>0x2</size>
         <input_file_ref idref="fl-20"/>
      </object_component>
      <object_component id="oc-98">
         <name>.common:activity_count$3</name>
         <uninitialized>true</uninitialized>
         <run_address>0x28a</run_address>
         <size>0x1</size>
      </object_component>
      <object_component id="oc-16e">
         <name>.common:dcMODE</name>
         <uninitialized>true</uninitialized>
         <run_address>0x27c</run_address>
         <size>0x2</size>
      </object_component>
      <object_component id="oc-136">
         <name>.common:switches_old</name>
         <uninitialized>true</uninitialized>
         <run_address>0x284</run_address>
         <size>0x2</size>
      </object_component>
      <object_component id="oc-1b9">
         <name>.common:switches_new</name>
         <uninitialized>true</uninitialized>
         <run_address>0x282</run_address>
         <size>0x2</size>
      </object_component>
      <object_component id="oc-138">
         <name>.common:switches_dif</name>
         <uninitialized>true</uninitialized>
         <run_address>0x27e</run_address>
         <size>0x2</size>
      </object_component>
      <object_component id="oc-1bd">
         <name>.common:switches_dif_save</name>
         <uninitialized>true</uninitialized>
         <run_address>0x280</run_address>
         <size>0x2</size>
      </object_component>
      <object_component id="oc-1b7">
         <name>.common:switches_out_new</name>
         <uninitialized>true</uninitialized>
         <run_address>0x288</run_address>
         <size>0x2</size>
      </object_component>
      <object_component id="oc-1bb">
         <name>.common:switches_out_dif</name>
         <uninitialized>true</uninitialized>
         <run_address>0x286</run_address>
         <size>0x2</size>
      </object_component>
      <object_component id="oc-1a9">
         <name>.common:bps_char3</name>
         <uninitialized>true</uninitialized>
         <run_address>0x28e</run_address>
         <size>0x1</size>
      </object_component>
      <object_component id="oc-1aa">
         <name>.common:bps_char2</name>
         <uninitialized>true</uninitialized>
         <run_address>0x28d</run_address>
         <size>0x1</size>
      </object_component>
      <object_component id="oc-1ab">
         <name>.common:bps_char1</name>
         <uninitialized>true</uninitialized>
         <run_address>0x28c</run_address>
         <size>0x1</size>
      </object_component>
      <object_component id="oc-1ac">
         <name>.common:bps_char0</name>
         <uninitialized>true</uninitialized>
         <run_address>0x28b</run_address>
         <size>0x1</size>
      </object_component>
      <object_component id="oc-1a8">
         <name>.common:bps_long</name>
         <uninitialized>true</uninitialized>
         <run_address>0x278</run_address>
         <size>0x4</size>
      </object_component>
      <object_component id="oc-ea">
         <name>.common:enc1_old</name>
         <uninitialized>true</uninitialized>
         <run_address>0x290</run_address>
         <size>0x1</size>
      </object_component>
      <object_component id="oc-e9">
         <name>.common:enc1_new</name>
         <uninitialized>true</uninitialized>
         <run_address>0x28f</run_address>
         <size>0x1</size>
      </object_component>
      <object_component id="oc-2ee">
         <name>.common:can</name>
         <uninitialized>true</uninitialized>
         <run_address>0x26c</run_address>
         <size>0xc</size>
      </object_component>
      <object_component id="oc-2ed">
         <name>.common:buffer</name>
         <uninitialized>true</uninitialized>
         <run_address>0x25c</run_address>
         <size>0x10</size>
      </object_component>
      <object_component id="oc-94">
         <name>.data</name>
         <load_address>0x200</load_address>
         <run_address>0x200</run_address>
         <size>0x56</size>
         <input_file_ref idref="fl-3"/>
      </object_component>
      <object_component id="oc-27d">
         <name>.data:buf_addr$1</name>
         <load_address>0x256</load_address>
         <run_address>0x256</run_address>
         <size>0x6</size>
         <input_file_ref idref="fl-4"/>
      </object_component>
      <object_component id="oc-39">
         <name>.debug_info</name>
         <load_address>0x0</load_address>
         <run_address>0x0</run_address>
         <size>0x125</size>
         <input_file_ref idref="fl-20"/>
      </object_component>
      <object_component id="oc-3f">
         <name>.debug_info</name>
         <load_address>0x125</load_address>
         <run_address>0x125</run_address>
         <size>0x194</size>
         <input_file_ref idref="fl-22"/>
      </object_component>
      <object_component id="oc-43">
         <name>.debug_info</name>
         <load_address>0x2b9</load_address>
         <run_address>0x2b9</run_address>
         <size>0x16a</size>
         <input_file_ref idref="fl-24"/>
      </object_component>
      <object_component id="oc-48">
         <name>.debug_info</name>
         <load_address>0x423</load_address>
         <run_address>0x423</run_address>
         <size>0x18e</size>
         <input_file_ref idref="fl-23"/>
      </object_component>
      <object_component id="oc-4d">
         <name>.debug_info</name>
         <load_address>0x5b1</load_address>
         <run_address>0x5b1</run_address>
         <size>0xaa</size>
         <input_file_ref idref="fl-20"/>
      </object_component>
      <object_component id="oc-50">
         <name>.debug_info</name>
         <load_address>0x65b</load_address>
         <run_address>0x65b</run_address>
         <size>0xc2</size>
         <input_file_ref idref="fl-39"/>
      </object_component>
      <object_component id="oc-54">
         <name>.debug_info</name>
         <load_address>0x71d</load_address>
         <run_address>0x71d</run_address>
         <size>0x1aa</size>
         <input_file_ref idref="fl-3"/>
      </object_component>
      <object_component id="oc-5b">
         <name>.debug_info</name>
         <load_address>0x8c7</load_address>
         <run_address>0x8c7</run_address>
         <size>0xfd</size>
         <input_file_ref idref="fl-40"/>
      </object_component>
      <object_component id="oc-5e">
         <name>.debug_info</name>
         <load_address>0x9c4</load_address>
         <run_address>0x9c4</run_address>
         <size>0x14d</size>
         <input_file_ref idref="fl-46"/>
      </object_component>
      <object_component id="oc-63">
         <name>.debug_info</name>
         <load_address>0xb11</load_address>
         <run_address>0xb11</run_address>
         <size>0x8d1</size>
         <input_file_ref idref="fl-3"/>
      </object_component>
      <object_component id="oc-68">
         <name>.debug_info</name>
         <load_address>0x13e2</load_address>
         <run_address>0x13e2</run_address>
         <size>0xcc</size>
         <input_file_ref idref="fl-28"/>
      </object_component>
      <object_component id="oc-6e">
         <name>.debug_info</name>
         <load_address>0x14ae</load_address>
         <run_address>0x14ae</run_address>
         <size>0x157</size>
         <input_file_ref idref="fl-3e"/>
      </object_component>
      <object_component id="oc-73">
         <name>.debug_info</name>
         <load_address>0x1605</load_address>
         <run_address>0x1605</run_address>
         <size>0x46</size>
         <input_file_ref idref="fl-22"/>
      </object_component>
      <object_component id="oc-78">
         <name>.debug_info</name>
         <load_address>0x164b</load_address>
         <run_address>0x164b</run_address>
         <size>0x164</size>
         <input_file_ref idref="fl-22"/>
      </object_component>
      <object_component id="oc-7a">
         <name>.debug_info</name>
         <load_address>0x17af</load_address>
         <run_address>0x17af</run_address>
         <size>0x46</size>
         <input_file_ref idref="fl-24"/>
      </object_component>
      <object_component id="oc-7f">
         <name>.debug_info</name>
         <load_address>0x17f5</load_address>
         <run_address>0x17f5</run_address>
         <size>0x11f</size>
         <input_file_ref idref="fl-24"/>
      </object_component>
      <object_component id="oc-81">
         <name>.debug_info</name>
         <load_address>0x1914</load_address>
         <run_address>0x1914</run_address>
         <size>0x1e9</size>
         <input_file_ref idref="fl-23"/>
      </object_component>
      <object_component id="oc-86">
         <name>.debug_info</name>
         <load_address>0x1afd</load_address>
         <run_address>0x1afd</run_address>
         <size>0x129</size>
         <input_file_ref idref="fl-23"/>
      </object_component>
      <object_component id="oc-87">
         <name>.debug_info</name>
         <load_address>0x1c26</load_address>
         <run_address>0x1c26</run_address>
         <size>0x39</size>
         <input_file_ref idref="fl-23"/>
      </object_component>
      <object_component id="oc-8e">
         <name>.debug_info</name>
         <load_address>0x1c5f</load_address>
         <run_address>0x1c5f</run_address>
         <size>0x84</size>
         <input_file_ref idref="fl-2"/>
      </object_component>
      <object_component id="oc-95">
         <name>.debug_info</name>
         <load_address>0x1ce3</load_address>
         <run_address>0x1ce3</run_address>
         <size>0x64c</size>
         <input_file_ref idref="fl-3"/>
      </object_component>
      <object_component id="oc-9e">
         <name>.debug_info</name>
         <load_address>0x232f</load_address>
         <run_address>0x232f</run_address>
         <size>0xe1</size>
         <input_file_ref idref="fl-27"/>
      </object_component>
      <object_component id="oc-a0">
         <name>.debug_info</name>
         <load_address>0x2410</load_address>
         <run_address>0x2410</run_address>
         <size>0x2ba</size>
         <input_file_ref idref="fl-46"/>
      </object_component>
      <object_component id="oc-a2">
         <name>.debug_info</name>
         <load_address>0x26ca</load_address>
         <run_address>0x26ca</run_address>
         <size>0x10d</size>
         <input_file_ref idref="fl-3"/>
      </object_component>
      <object_component id="oc-a7">
         <name>.debug_info</name>
         <load_address>0x27d7</load_address>
         <run_address>0x27d7</run_address>
         <size>0x12f</size>
         <input_file_ref idref="fl-2"/>
      </object_component>
      <object_component id="oc-ac">
         <name>.debug_info</name>
         <load_address>0x2906</load_address>
         <run_address>0x2906</run_address>
         <size>0x175</size>
         <input_file_ref idref="fl-4"/>
      </object_component>
      <object_component id="oc-b1">
         <name>.debug_info</name>
         <load_address>0x2a7b</load_address>
         <run_address>0x2a7b</run_address>
         <size>0x11e</size>
         <input_file_ref idref="fl-3"/>
      </object_component>
      <object_component id="oc-b6">
         <name>.debug_info</name>
         <load_address>0x2b99</load_address>
         <run_address>0x2b99</run_address>
         <size>0x115</size>
         <input_file_ref idref="fl-3"/>
      </object_component>
      <object_component id="oc-bb">
         <name>.debug_info</name>
         <load_address>0x2cae</load_address>
         <run_address>0x2cae</run_address>
         <size>0x115</size>
         <input_file_ref idref="fl-3"/>
      </object_component>
      <object_component id="oc-c0">
         <name>.debug_info</name>
         <load_address>0x2dc3</load_address>
         <run_address>0x2dc3</run_address>
         <size>0x10f</size>
         <input_file_ref idref="fl-3"/>
      </object_component>
      <object_component id="oc-c5">
         <name>.debug_info</name>
         <load_address>0x2ed2</load_address>
         <run_address>0x2ed2</run_address>
         <size>0x90e</size>
         <input_file_ref idref="fl-3"/>
      </object_component>
      <object_component id="oc-ca">
         <name>.debug_info</name>
         <load_address>0x37e0</load_address>
         <run_address>0x37e0</run_address>
         <size>0xd3</size>
         <input_file_ref idref="fl-3a"/>
      </object_component>
      <object_component id="oc-d1">
         <name>.debug_info</name>
         <load_address>0x38b3</load_address>
         <run_address>0x38b3</run_address>
         <size>0xd3</size>
         <input_file_ref idref="fl-1f"/>
      </object_component>
      <object_component id="oc-e1">
         <name>.debug_info</name>
         <load_address>0x3986</load_address>
         <run_address>0x3986</run_address>
         <size>0xd4</size>
         <input_file_ref idref="fl-2a"/>
      </object_component>
      <object_component id="oc-14a">
         <name>.debug_info</name>
         <load_address>0x3a5a</load_address>
         <run_address>0x3a5a</run_address>
         <size>0xd7</size>
         <input_file_ref idref="fl-2d"/>
      </object_component>
      <object_component id="oc-14e">
         <name>.debug_info</name>
         <load_address>0x3b31</load_address>
         <run_address>0x3b31</run_address>
         <size>0xd4</size>
         <input_file_ref idref="fl-2c"/>
      </object_component>
      <object_component id="oc-152">
         <name>.debug_info</name>
         <load_address>0x3c05</load_address>
         <run_address>0x3c05</run_address>
         <size>0x179</size>
         <input_file_ref idref="fl-26"/>
      </object_component>
      <object_component id="oc-159">
         <name>.debug_info</name>
         <load_address>0x3d7e</load_address>
         <run_address>0x3d7e</run_address>
         <size>0x29f</size>
         <input_file_ref idref="fl-3f"/>
      </object_component>
      <object_component id="oc-15d">
         <name>.debug_info</name>
         <load_address>0x401d</load_address>
         <run_address>0x401d</run_address>
         <size>0x218</size>
         <input_file_ref idref="fl-1e"/>
      </object_component>
      <object_component id="oc-161">
         <name>.debug_info</name>
         <load_address>0x4235</load_address>
         <run_address>0x4235</run_address>
         <size>0x1b4</size>
         <input_file_ref idref="fl-25"/>
      </object_component>
      <object_component id="oc-167">
         <name>.debug_info</name>
         <load_address>0x43e9</load_address>
         <run_address>0x43e9</run_address>
         <size>0x199</size>
         <input_file_ref idref="fl-21"/>
      </object_component>
      <object_component id="oc-16b">
         <name>.debug_info</name>
         <load_address>0x4582</load_address>
         <run_address>0x4582</run_address>
         <size>0xe0</size>
         <input_file_ref idref="fl-2b"/>
      </object_component>
      <object_component id="oc-170">
         <name>.debug_info</name>
         <load_address>0x4662</load_address>
         <run_address>0x4662</run_address>
         <size>0x163</size>
         <input_file_ref idref="fl-42"/>
      </object_component>
      <object_component id="oc-175">
         <name>.debug_info</name>
         <load_address>0x47c5</load_address>
         <run_address>0x47c5</run_address>
         <size>0x25e</size>
         <input_file_ref idref="fl-4"/>
      </object_component>
      <object_component id="oc-17b">
         <name>.debug_info</name>
         <load_address>0x4a23</load_address>
         <run_address>0x4a23</run_address>
         <size>0x2de</size>
         <input_file_ref idref="fl-4"/>
      </object_component>
      <object_component id="oc-197">
         <name>.debug_info</name>
         <load_address>0x4d01</load_address>
         <run_address>0x4d01</run_address>
         <size>0x1d2</size>
         <input_file_ref idref="fl-4"/>
      </object_component>
      <object_component id="oc-1d1">
         <name>.debug_info</name>
         <load_address>0x4ed3</load_address>
         <run_address>0x4ed3</run_address>
         <size>0x127</size>
         <input_file_ref idref="fl-3e"/>
      </object_component>
      <object_component id="oc-1d2">
         <name>.debug_info</name>
         <load_address>0x4ffa</load_address>
         <run_address>0x4ffa</run_address>
         <size>0x2c</size>
         <input_file_ref idref="fl-24"/>
      </object_component>
      <object_component id="oc-1d7">
         <name>.debug_info</name>
         <load_address>0x5026</load_address>
         <run_address>0x5026</run_address>
         <size>0x2c</size>
         <input_file_ref idref="fl-22"/>
      </object_component>
      <object_component id="oc-1e8">
         <name>.debug_info</name>
         <load_address>0x5052</load_address>
         <run_address>0x5052</run_address>
         <size>0x39</size>
         <input_file_ref idref="fl-46"/>
      </object_component>
      <object_component id="oc-1f0">
         <name>.debug_info</name>
         <load_address>0x508b</load_address>
         <run_address>0x508b</run_address>
         <size>0x121</size>
         <input_file_ref idref="fl-4"/>
      </object_component>
      <object_component id="oc-1f5">
         <name>.debug_info</name>
         <load_address>0x51ac</load_address>
         <run_address>0x51ac</run_address>
         <size>0x1c2</size>
         <input_file_ref idref="fl-4"/>
      </object_component>
      <object_component id="oc-201">
         <name>.debug_info</name>
         <load_address>0x536e</load_address>
         <run_address>0x536e</run_address>
         <size>0x1d1</size>
         <input_file_ref idref="fl-4"/>
      </object_component>
      <object_component id="oc-22f">
         <name>.debug_info</name>
         <load_address>0x553f</load_address>
         <run_address>0x553f</run_address>
         <size>0x87</size>
         <input_file_ref idref="fl-3"/>
      </object_component>
      <object_component id="oc-234">
         <name>.debug_info</name>
         <load_address>0x55c6</load_address>
         <run_address>0x55c6</run_address>
         <size>0x76</size>
         <input_file_ref idref="fl-3"/>
      </object_component>
      <object_component id="oc-23f">
         <name>.debug_info</name>
         <load_address>0x563c</load_address>
         <run_address>0x563c</run_address>
         <size>0xd9</size>
         <input_file_ref idref="fl-45"/>
      </object_component>
      <object_component id="oc-243">
         <name>.debug_info</name>
         <load_address>0x5715</load_address>
         <run_address>0x5715</run_address>
         <size>0x128</size>
         <input_file_ref idref="fl-26"/>
      </object_component>
      <object_component id="oc-244">
         <name>.debug_info</name>
         <load_address>0x583d</load_address>
         <run_address>0x583d</run_address>
         <size>0xdb</size>
         <input_file_ref idref="fl-25"/>
      </object_component>
      <object_component id="oc-24a">
         <name>.debug_info</name>
         <load_address>0x5918</load_address>
         <run_address>0x5918</run_address>
         <size>0x37b</size>
         <input_file_ref idref="fl-47"/>
      </object_component>
      <object_component id="oc-24f">
         <name>.debug_info</name>
         <load_address>0x5c93</load_address>
         <run_address>0x5c93</run_address>
         <size>0x142</size>
         <input_file_ref idref="fl-3f"/>
      </object_component>
      <object_component id="oc-250">
         <name>.debug_info</name>
         <load_address>0x5dd5</load_address>
         <run_address>0x5dd5</run_address>
         <size>0x94</size>
         <input_file_ref idref="fl-1e"/>
      </object_component>
      <object_component id="oc-256">
         <name>.debug_info</name>
         <load_address>0x5e69</load_address>
         <run_address>0x5e69</run_address>
         <size>0x2d6</size>
         <input_file_ref idref="fl-29"/>
      </object_component>
      <object_component id="oc-25b">
         <name>.debug_info</name>
         <load_address>0x613f</load_address>
         <run_address>0x613f</run_address>
         <size>0x147</size>
         <input_file_ref idref="fl-1e"/>
      </object_component>
      <object_component id="oc-25d">
         <name>.debug_info</name>
         <load_address>0x6286</load_address>
         <run_address>0x6286</run_address>
         <size>0xd9</size>
         <input_file_ref idref="fl-3b"/>
      </object_component>
      <object_component id="oc-261">
         <name>.debug_info</name>
         <load_address>0x635f</load_address>
         <run_address>0x635f</run_address>
         <size>0xd3</size>
         <input_file_ref idref="fl-3c"/>
      </object_component>
      <object_component id="oc-265">
         <name>.debug_info</name>
         <load_address>0x6432</load_address>
         <run_address>0x6432</run_address>
         <size>0x105</size>
         <input_file_ref idref="fl-25"/>
      </object_component>
      <object_component id="oc-267">
         <name>.debug_info</name>
         <load_address>0x6537</load_address>
         <run_address>0x6537</run_address>
         <size>0x104</size>
         <input_file_ref idref="fl-21"/>
      </object_component>
      <object_component id="oc-26a">
         <name>.debug_info</name>
         <load_address>0x663b</load_address>
         <run_address>0x663b</run_address>
         <size>0x104</size>
         <input_file_ref idref="fl-42"/>
      </object_component>
      <object_component id="oc-289">
         <name>.debug_info</name>
         <load_address>0x673f</load_address>
         <run_address>0x673f</run_address>
         <size>0x144</size>
         <input_file_ref idref="fl-4"/>
      </object_component>
      <object_component id="oc-28f">
         <name>.debug_info</name>
         <load_address>0x6883</load_address>
         <run_address>0x6883</run_address>
         <size>0x19e</size>
         <input_file_ref idref="fl-4"/>
      </object_component>
      <object_component id="oc-294">
         <name>.debug_info</name>
         <load_address>0x6a21</load_address>
         <run_address>0x6a21</run_address>
         <size>0x156</size>
         <input_file_ref idref="fl-4"/>
      </object_component>
      <object_component id="oc-2a8">
         <name>.debug_info</name>
         <load_address>0x6b77</load_address>
         <run_address>0x6b77</run_address>
         <size>0x1bc</size>
         <input_file_ref idref="fl-4"/>
      </object_component>
      <object_component id="oc-2f3">
         <name>.debug_info</name>
         <load_address>0x6d33</load_address>
         <run_address>0x6d33</run_address>
         <size>0x133</size>
         <input_file_ref idref="fl-2"/>
      </object_component>
      <object_component id="oc-2fa">
         <name>.debug_info</name>
         <load_address>0x6e66</load_address>
         <run_address>0x6e66</run_address>
         <size>0x138</size>
         <input_file_ref idref="fl-2"/>
      </object_component>
      <object_component id="oc-303">
         <name>.debug_info</name>
         <load_address>0x6f9e</load_address>
         <run_address>0x6f9e</run_address>
         <size>0xd9</size>
         <input_file_ref idref="fl-3d"/>
      </object_component>
      <object_component id="oc-308">
         <name>.debug_info</name>
         <load_address>0x7077</load_address>
         <run_address>0x7077</run_address>
         <size>0xd4</size>
         <input_file_ref idref="fl-48"/>
      </object_component>
      <object_component id="oc-30b">
         <name>.debug_info</name>
         <load_address>0x714b</load_address>
         <run_address>0x714b</run_address>
         <size>0x129</size>
         <input_file_ref idref="fl-47"/>
      </object_component>
      <object_component id="oc-30f">
         <name>.debug_info</name>
         <load_address>0x7274</load_address>
         <run_address>0x7274</run_address>
         <size>0xd3</size>
         <input_file_ref idref="fl-3b"/>
      </object_component>
      <object_component id="oc-313">
         <name>.debug_info</name>
         <load_address>0x7347</load_address>
         <run_address>0x7347</run_address>
         <size>0xd3</size>
         <input_file_ref idref="fl-3d"/>
      </object_component>
      <object_component id="oc-317">
         <name>.debug_info</name>
         <load_address>0x741a</load_address>
         <run_address>0x741a</run_address>
         <size>0xd3</size>
         <input_file_ref idref="fl-45"/>
      </object_component>
      <object_component id="oc-31b">
         <name>.debug_info</name>
         <load_address>0x74ed</load_address>
         <run_address>0x74ed</run_address>
         <size>0x197</size>
         <input_file_ref idref="fl-41"/>
      </object_component>
      <object_component id="oc-320">
         <name>.debug_info</name>
         <load_address>0x7684</load_address>
         <run_address>0x7684</run_address>
         <size>0x13b</size>
         <input_file_ref idref="fl-29"/>
      </object_component>
      <object_component id="oc-32c">
         <name>.debug_info</name>
         <load_address>0x77bf</load_address>
         <run_address>0x77bf</run_address>
         <size>0x137</size>
         <input_file_ref idref="fl-2"/>
      </object_component>
      <object_component id="oc-335">
         <name>.debug_info</name>
         <load_address>0x78f6</load_address>
         <run_address>0x78f6</run_address>
         <size>0x283</size>
         <input_file_ref idref="fl-2"/>
      </object_component>
      <object_component id="oc-33e">
         <name>.debug_info</name>
         <load_address>0x7b79</load_address>
         <run_address>0x7b79</run_address>
         <size>0x10d</size>
         <input_file_ref idref="fl-41"/>
      </object_component>
      <object_component id="oc-37e">
         <name>.debug_info</name>
         <load_address>0x7c86</load_address>
         <run_address>0x7c86</run_address>
         <size>0xb8</size>
      </object_component>
      <object_component id="oc-3a">
         <name>.debug_line</name>
         <load_address>0x0</load_address>
         <run_address>0x0</run_address>
         <size>0x44</size>
         <input_file_ref idref="fl-20"/>
      </object_component>
      <object_component id="oc-40">
         <name>.debug_line</name>
         <load_address>0x44</load_address>
         <run_address>0x44</run_address>
         <size>0x50</size>
         <input_file_ref idref="fl-22"/>
      </object_component>
      <object_component id="oc-44">
         <name>.debug_line</name>
         <load_address>0x94</load_address>
         <run_address>0x94</run_address>
         <size>0x4a</size>
         <input_file_ref idref="fl-24"/>
      </object_component>
      <object_component id="oc-49">
         <name>.debug_line</name>
         <load_address>0xde</load_address>
         <run_address>0xde</run_address>
         <size>0x49</size>
         <input_file_ref idref="fl-23"/>
      </object_component>
      <object_component id="oc-51">
         <name>.debug_line</name>
         <load_address>0x127</load_address>
         <run_address>0x127</run_address>
         <size>0x3c</size>
         <input_file_ref idref="fl-39"/>
      </object_component>
      <object_component id="oc-55">
         <name>.debug_line</name>
         <load_address>0x163</load_address>
         <run_address>0x163</run_address>
         <size>0x69</size>
         <input_file_ref idref="fl-3"/>
      </object_component>
      <object_component id="oc-5a">
         <name>.debug_line</name>
         <load_address>0x1cc</load_address>
         <run_address>0x1cc</run_address>
         <size>0x3e</size>
         <input_file_ref idref="fl-40"/>
      </object_component>
      <object_component id="oc-5f">
         <name>.debug_line</name>
         <load_address>0x20a</load_address>
         <run_address>0x20a</run_address>
         <size>0x6b</size>
         <input_file_ref idref="fl-46"/>
      </object_component>
      <object_component id="oc-64">
         <name>.debug_line</name>
         <load_address>0x275</load_address>
         <run_address>0x275</run_address>
         <size>0x4c5</size>
         <input_file_ref idref="fl-3"/>
      </object_component>
      <object_component id="oc-69">
         <name>.debug_line</name>
         <load_address>0x73a</load_address>
         <run_address>0x73a</run_address>
         <size>0x3a</size>
         <input_file_ref idref="fl-28"/>
      </object_component>
      <object_component id="oc-6f">
         <name>.debug_line</name>
         <load_address>0x774</load_address>
         <run_address>0x774</run_address>
         <size>0x45</size>
         <input_file_ref idref="fl-3e"/>
      </object_component>
      <object_component id="oc-75">
         <name>.debug_line</name>
         <load_address>0x7b9</load_address>
         <run_address>0x7b9</run_address>
         <size>0x3a</size>
         <input_file_ref idref="fl-22"/>
      </object_component>
      <object_component id="oc-7c">
         <name>.debug_line</name>
         <load_address>0x7f3</load_address>
         <run_address>0x7f3</run_address>
         <size>0x34</size>
         <input_file_ref idref="fl-24"/>
      </object_component>
      <object_component id="oc-82">
         <name>.debug_line</name>
         <load_address>0x827</load_address>
         <run_address>0x827</run_address>
         <size>0x80</size>
         <input_file_ref idref="fl-23"/>
      </object_component>
      <object_component id="oc-89">
         <name>.debug_line</name>
         <load_address>0x8a7</load_address>
         <run_address>0x8a7</run_address>
         <size>0x39</size>
         <input_file_ref idref="fl-23"/>
      </object_component>
      <object_component id="oc-8d">
         <name>.debug_line</name>
         <load_address>0x8e0</load_address>
         <run_address>0x8e0</run_address>
         <size>0x2a</size>
         <input_file_ref idref="fl-20"/>
      </object_component>
      <object_component id="oc-90">
         <name>.debug_line</name>
         <load_address>0x90a</load_address>
         <run_address>0x90a</run_address>
         <size>0x20</size>
         <input_file_ref idref="fl-2"/>
      </object_component>
      <object_component id="oc-9c">
         <name>.debug_line</name>
         <load_address>0x92a</load_address>
         <run_address>0x92a</run_address>
         <size>0x40</size>
         <input_file_ref idref="fl-27"/>
      </object_component>
      <object_component id="oc-a3">
         <name>.debug_line</name>
         <load_address>0x96a</load_address>
         <run_address>0x96a</run_address>
         <size>0x4e</size>
         <input_file_ref idref="fl-3"/>
      </object_component>
      <object_component id="oc-a8">
         <name>.debug_line</name>
         <load_address>0x9b8</load_address>
         <run_address>0x9b8</run_address>
         <size>0x4e</size>
         <input_file_ref idref="fl-2"/>
      </object_component>
      <object_component id="oc-ad">
         <name>.debug_line</name>
         <load_address>0xa06</load_address>
         <run_address>0xa06</run_address>
         <size>0x6e</size>
         <input_file_ref idref="fl-4"/>
      </object_component>
      <object_component id="oc-b2">
         <name>.debug_line</name>
         <load_address>0xa74</load_address>
         <run_address>0xa74</run_address>
         <size>0x55</size>
         <input_file_ref idref="fl-3"/>
      </object_component>
      <object_component id="oc-b7">
         <name>.debug_line</name>
         <load_address>0xac9</load_address>
         <run_address>0xac9</run_address>
         <size>0x4a</size>
         <input_file_ref idref="fl-3"/>
      </object_component>
      <object_component id="oc-bc">
         <name>.debug_line</name>
         <load_address>0xb13</load_address>
         <run_address>0xb13</run_address>
         <size>0x46</size>
         <input_file_ref idref="fl-3"/>
      </object_component>
      <object_component id="oc-c1">
         <name>.debug_line</name>
         <load_address>0xb59</load_address>
         <run_address>0xb59</run_address>
         <size>0x48</size>
         <input_file_ref idref="fl-3"/>
      </object_component>
      <object_component id="oc-cb">
         <name>.debug_line</name>
         <load_address>0xba1</load_address>
         <run_address>0xba1</run_address>
         <size>0x4e</size>
         <input_file_ref idref="fl-3a"/>
      </object_component>
      <object_component id="oc-d0">
         <name>.debug_line</name>
         <load_address>0xbef</load_address>
         <run_address>0xbef</run_address>
         <size>0x4e</size>
         <input_file_ref idref="fl-1f"/>
      </object_component>
      <object_component id="oc-e0">
         <name>.debug_line</name>
         <load_address>0xc3d</load_address>
         <run_address>0xc3d</run_address>
         <size>0xba</size>
         <input_file_ref idref="fl-2a"/>
      </object_component>
      <object_component id="oc-14b">
         <name>.debug_line</name>
         <load_address>0xcf7</load_address>
         <run_address>0xcf7</run_address>
         <size>0x4d</size>
         <input_file_ref idref="fl-2d"/>
      </object_component>
      <object_component id="oc-14f">
         <name>.debug_line</name>
         <load_address>0xd44</load_address>
         <run_address>0xd44</run_address>
         <size>0x82</size>
         <input_file_ref idref="fl-2c"/>
      </object_component>
      <object_component id="oc-153">
         <name>.debug_line</name>
         <load_address>0xdc6</load_address>
         <run_address>0xdc6</run_address>
         <size>0x53</size>
         <input_file_ref idref="fl-26"/>
      </object_component>
      <object_component id="oc-158">
         <name>.debug_line</name>
         <load_address>0xe19</load_address>
         <run_address>0xe19</run_address>
         <size>0x103</size>
         <input_file_ref idref="fl-3f"/>
      </object_component>
      <object_component id="oc-15e">
         <name>.debug_line</name>
         <load_address>0xf1c</load_address>
         <run_address>0xf1c</run_address>
         <size>0xcb</size>
         <input_file_ref idref="fl-1e"/>
      </object_component>
      <object_component id="oc-162">
         <name>.debug_line</name>
         <load_address>0xfe7</load_address>
         <run_address>0xfe7</run_address>
         <size>0x6c</size>
         <input_file_ref idref="fl-25"/>
      </object_component>
      <object_component id="oc-166">
         <name>.debug_line</name>
         <load_address>0x1053</load_address>
         <run_address>0x1053</run_address>
         <size>0x85</size>
         <input_file_ref idref="fl-21"/>
      </object_component>
      <object_component id="oc-16c">
         <name>.debug_line</name>
         <load_address>0x10d8</load_address>
         <run_address>0x10d8</run_address>
         <size>0x5e</size>
         <input_file_ref idref="fl-2b"/>
      </object_component>
      <object_component id="oc-172">
         <name>.debug_line</name>
         <load_address>0x1136</load_address>
         <run_address>0x1136</run_address>
         <size>0x49</size>
         <input_file_ref idref="fl-42"/>
      </object_component>
      <object_component id="oc-17c">
         <name>.debug_line</name>
         <load_address>0x117f</load_address>
         <run_address>0x117f</run_address>
         <size>0xd0</size>
         <input_file_ref idref="fl-4"/>
      </object_component>
      <object_component id="oc-198">
         <name>.debug_line</name>
         <load_address>0x124f</load_address>
         <run_address>0x124f</run_address>
         <size>0xea</size>
         <input_file_ref idref="fl-4"/>
      </object_component>
      <object_component id="oc-1d4">
         <name>.debug_line</name>
         <load_address>0x1339</load_address>
         <run_address>0x1339</run_address>
         <size>0x44</size>
         <input_file_ref idref="fl-24"/>
      </object_component>
      <object_component id="oc-1d9">
         <name>.debug_line</name>
         <load_address>0x137d</load_address>
         <run_address>0x137d</run_address>
         <size>0x44</size>
         <input_file_ref idref="fl-22"/>
      </object_component>
      <object_component id="oc-1dd">
         <name>.debug_line</name>
         <load_address>0x13c1</load_address>
         <run_address>0x13c1</run_address>
         <size>0x20</size>
         <input_file_ref idref="fl-22"/>
      </object_component>
      <object_component id="oc-1df">
         <name>.debug_line</name>
         <load_address>0x13e1</load_address>
         <run_address>0x13e1</run_address>
         <size>0x20</size>
         <input_file_ref idref="fl-24"/>
      </object_component>
      <object_component id="oc-1e2">
         <name>.debug_line</name>
         <load_address>0x1401</load_address>
         <run_address>0x1401</run_address>
         <size>0x20</size>
         <input_file_ref idref="fl-23"/>
      </object_component>
      <object_component id="oc-1e4">
         <name>.debug_line</name>
         <load_address>0x1421</load_address>
         <run_address>0x1421</run_address>
         <size>0x2d</size>
         <input_file_ref idref="fl-3"/>
      </object_component>
      <object_component id="oc-1e7">
         <name>.debug_line</name>
         <load_address>0x144e</load_address>
         <run_address>0x144e</run_address>
         <size>0x2e</size>
         <input_file_ref idref="fl-46"/>
      </object_component>
      <object_component id="oc-1ea">
         <name>.debug_line</name>
         <load_address>0x147c</load_address>
         <run_address>0x147c</run_address>
         <size>0x2e</size>
         <input_file_ref idref="fl-46"/>
      </object_component>
      <object_component id="oc-1f1">
         <name>.debug_line</name>
         <load_address>0x14aa</load_address>
         <run_address>0x14aa</run_address>
         <size>0x44</size>
         <input_file_ref idref="fl-4"/>
      </object_component>
      <object_component id="oc-1f6">
         <name>.debug_line</name>
         <load_address>0x14ee</load_address>
         <run_address>0x14ee</run_address>
         <size>0x47</size>
         <input_file_ref idref="fl-4"/>
      </object_component>
      <object_component id="oc-202">
         <name>.debug_line</name>
         <load_address>0x1535</load_address>
         <run_address>0x1535</run_address>
         <size>0x54</size>
         <input_file_ref idref="fl-4"/>
      </object_component>
      <object_component id="oc-22e">
         <name>.debug_line</name>
         <load_address>0x1589</load_address>
         <run_address>0x1589</run_address>
         <size>0xa8</size>
         <input_file_ref idref="fl-3"/>
      </object_component>
      <object_component id="oc-231">
         <name>.debug_line</name>
         <load_address>0x1631</load_address>
         <run_address>0x1631</run_address>
         <size>0x2d</size>
         <input_file_ref idref="fl-3"/>
      </object_component>
      <object_component id="oc-236">
         <name>.debug_line</name>
         <load_address>0x165e</load_address>
         <run_address>0x165e</run_address>
         <size>0x2c</size>
         <input_file_ref idref="fl-3"/>
      </object_component>
      <object_component id="oc-240">
         <name>.debug_line</name>
         <load_address>0x168a</load_address>
         <run_address>0x168a</run_address>
         <size>0x56</size>
         <input_file_ref idref="fl-45"/>
      </object_component>
      <object_component id="oc-246">
         <name>.debug_line</name>
         <load_address>0x16e0</load_address>
         <run_address>0x16e0</run_address>
         <size>0x2e</size>
         <input_file_ref idref="fl-25"/>
      </object_component>
      <object_component id="oc-24b">
         <name>.debug_line</name>
         <load_address>0x170e</load_address>
         <run_address>0x170e</run_address>
         <size>0xa8</size>
         <input_file_ref idref="fl-47"/>
      </object_component>
      <object_component id="oc-252">
         <name>.debug_line</name>
         <load_address>0x17b6</load_address>
         <run_address>0x17b6</run_address>
         <size>0x2e</size>
         <input_file_ref idref="fl-1e"/>
      </object_component>
      <object_component id="oc-257">
         <name>.debug_line</name>
         <load_address>0x17e4</load_address>
         <run_address>0x17e4</run_address>
         <size>0xf2</size>
         <input_file_ref idref="fl-29"/>
      </object_component>
      <object_component id="oc-25e">
         <name>.debug_line</name>
         <load_address>0x18d6</load_address>
         <run_address>0x18d6</run_address>
         <size>0x56</size>
         <input_file_ref idref="fl-3b"/>
      </object_component>
      <object_component id="oc-262">
         <name>.debug_line</name>
         <load_address>0x192c</load_address>
         <run_address>0x192c</run_address>
         <size>0x5e</size>
         <input_file_ref idref="fl-3c"/>
      </object_component>
      <object_component id="oc-26c">
         <name>.debug_line</name>
         <load_address>0x198a</load_address>
         <run_address>0x198a</run_address>
         <size>0x6c</size>
         <input_file_ref idref="fl-4"/>
      </object_component>
      <object_component id="oc-28a">
         <name>.debug_line</name>
         <load_address>0x19f6</load_address>
         <run_address>0x19f6</run_address>
         <size>0x46</size>
         <input_file_ref idref="fl-4"/>
      </object_component>
      <object_component id="oc-290">
         <name>.debug_line</name>
         <load_address>0x1a3c</load_address>
         <run_address>0x1a3c</run_address>
         <size>0x5a</size>
         <input_file_ref idref="fl-4"/>
      </object_component>
      <object_component id="oc-295">
         <name>.debug_line</name>
         <load_address>0x1a96</load_address>
         <run_address>0x1a96</run_address>
         <size>0x53</size>
         <input_file_ref idref="fl-4"/>
      </object_component>
      <object_component id="oc-2a9">
         <name>.debug_line</name>
         <load_address>0x1ae9</load_address>
         <run_address>0x1ae9</run_address>
         <size>0x53</size>
         <input_file_ref idref="fl-4"/>
      </object_component>
      <object_component id="oc-2f1">
         <name>.debug_line</name>
         <load_address>0x1b3c</load_address>
         <run_address>0x1b3c</run_address>
         <size>0x20</size>
         <input_file_ref idref="fl-3e"/>
      </object_component>
      <object_component id="oc-2f4">
         <name>.debug_line</name>
         <load_address>0x1b5c</load_address>
         <run_address>0x1b5c</run_address>
         <size>0x47</size>
         <input_file_ref idref="fl-2"/>
      </object_component>
      <object_component id="oc-2fc">
         <name>.debug_line</name>
         <load_address>0x1ba3</load_address>
         <run_address>0x1ba3</run_address>
         <size>0x30</size>
         <input_file_ref idref="fl-2"/>
      </object_component>
      <object_component id="oc-301">
         <name>.debug_line</name>
         <load_address>0x1bd3</load_address>
         <run_address>0x1bd3</run_address>
         <size>0x20</size>
         <input_file_ref idref="fl-26"/>
      </object_component>
      <object_component id="oc-304">
         <name>.debug_line</name>
         <load_address>0x1bf3</load_address>
         <run_address>0x1bf3</run_address>
         <size>0x65</size>
         <input_file_ref idref="fl-3d"/>
      </object_component>
      <object_component id="oc-307">
         <name>.debug_line</name>
         <load_address>0x1c58</load_address>
         <run_address>0x1c58</run_address>
         <size>0x4b</size>
         <input_file_ref idref="fl-48"/>
      </object_component>
      <object_component id="oc-30d">
         <name>.debug_line</name>
         <load_address>0x1ca3</load_address>
         <run_address>0x1ca3</run_address>
         <size>0x2d</size>
         <input_file_ref idref="fl-3f"/>
      </object_component>
      <object_component id="oc-310">
         <name>.debug_line</name>
         <load_address>0x1cd0</load_address>
         <run_address>0x1cd0</run_address>
         <size>0x3e</size>
         <input_file_ref idref="fl-3b"/>
      </object_component>
      <object_component id="oc-314">
         <name>.debug_line</name>
         <load_address>0x1d0e</load_address>
         <run_address>0x1d0e</run_address>
         <size>0x42</size>
         <input_file_ref idref="fl-3d"/>
      </object_component>
      <object_component id="oc-318">
         <name>.debug_line</name>
         <load_address>0x1d50</load_address>
         <run_address>0x1d50</run_address>
         <size>0x3e</size>
         <input_file_ref idref="fl-45"/>
      </object_component>
      <object_component id="oc-31c">
         <name>.debug_line</name>
         <load_address>0x1d8e</load_address>
         <run_address>0x1d8e</run_address>
         <size>0x82</size>
         <input_file_ref idref="fl-41"/>
      </object_component>
      <object_component id="oc-322">
         <name>.debug_line</name>
         <load_address>0x1e10</load_address>
         <run_address>0x1e10</run_address>
         <size>0x2d</size>
         <input_file_ref idref="fl-1e"/>
      </object_component>
      <object_component id="oc-326">
         <name>.debug_line</name>
         <load_address>0x1e3d</load_address>
         <run_address>0x1e3d</run_address>
         <size>0x20</size>
         <input_file_ref idref="fl-25"/>
      </object_component>
      <object_component id="oc-328">
         <name>.debug_line</name>
         <load_address>0x1e5d</load_address>
         <run_address>0x1e5d</run_address>
         <size>0x20</size>
         <input_file_ref idref="fl-21"/>
      </object_component>
      <object_component id="oc-32a">
         <name>.debug_line</name>
         <load_address>0x1e7d</load_address>
         <run_address>0x1e7d</run_address>
         <size>0x20</size>
         <input_file_ref idref="fl-42"/>
      </object_component>
      <object_component id="oc-32d">
         <name>.debug_line</name>
         <load_address>0x1e9d</load_address>
         <run_address>0x1e9d</run_address>
         <size>0x48</size>
         <input_file_ref idref="fl-2"/>
      </object_component>
      <object_component id="oc-339">
         <name>.debug_line</name>
         <load_address>0x1ee5</load_address>
         <run_address>0x1ee5</run_address>
         <size>0x20</size>
         <input_file_ref idref="fl-47"/>
      </object_component>
      <object_component id="oc-340">
         <name>.debug_line</name>
         <load_address>0x1f05</load_address>
         <run_address>0x1f05</run_address>
         <size>0x2d</size>
         <input_file_ref idref="fl-29"/>
      </object_component>
      <object_component id="oc-343">
         <name>.debug_line</name>
         <load_address>0x1f32</load_address>
         <run_address>0x1f32</run_address>
         <size>0x54</size>
         <input_file_ref idref="fl-2"/>
      </object_component>
      <object_component id="oc-345">
         <name>.debug_line</name>
         <load_address>0x1f86</load_address>
         <run_address>0x1f86</run_address>
         <size>0x20</size>
         <input_file_ref idref="fl-41"/>
      </object_component>
      <object_component id="oc-3b">
         <name>.debug_frame</name>
         <load_address>0x0</load_address>
         <run_address>0x0</run_address>
         <size>0x42</size>
         <input_file_ref idref="fl-20"/>
      </object_component>
      <object_component id="oc-3e">
         <name>.debug_frame</name>
         <load_address>0x42</load_address>
         <run_address>0x42</run_address>
         <size>0x47</size>
         <input_file_ref idref="fl-22"/>
      </object_component>
      <object_component id="oc-45">
         <name>.debug_frame</name>
         <load_address>0x89</load_address>
         <run_address>0x89</run_address>
         <size>0x47</size>
         <input_file_ref idref="fl-24"/>
      </object_component>
      <object_component id="oc-4a">
         <name>.debug_frame</name>
         <load_address>0xd0</load_address>
         <run_address>0xd0</run_address>
         <size>0x47</size>
         <input_file_ref idref="fl-23"/>
      </object_component>
      <object_component id="oc-56">
         <name>.debug_frame</name>
         <load_address>0x117</load_address>
         <run_address>0x117</run_address>
         <size>0x47</size>
         <input_file_ref idref="fl-3"/>
      </object_component>
      <object_component id="oc-59">
         <name>.debug_frame</name>
         <load_address>0x15e</load_address>
         <run_address>0x15e</run_address>
         <size>0x47</size>
         <input_file_ref idref="fl-40"/>
      </object_component>
      <object_component id="oc-60">
         <name>.debug_frame</name>
         <load_address>0x1a5</load_address>
         <run_address>0x1a5</run_address>
         <size>0x51</size>
         <input_file_ref idref="fl-46"/>
      </object_component>
      <object_component id="oc-65">
         <name>.debug_frame</name>
         <load_address>0x1f6</load_address>
[...]
         <object_component_ref idref="oc-47"/>
      </symbol>
      <symbol id="sm-2ec">
         <name>__TI_zero_init</name>
         <value>0xe872</value>
         <object_component_ref idref="oc-42"/>
      </symbol>
      <symbol id="sm-303">
         <name>__mspabi_cvtdf</name>
         <value>0xe0f0</value>
         <object_component_ref idref="oc-160"/>
      </symbol>
      <symbol id="sm-313">
         <name>__mspabi_cvtfd</name>
         <value>0xe232</value>
         <object_component_ref idref="oc-151"/>
      </symbol>
      <symbol id="sm-31b">
         <name>__mspabi_func_epilog_2</name>
         <value>0xe91c</value>
         <object_component_ref idref="oc-9b"/>
      </symbol>
      <symbol id="sm-31c">
         <name>__mspabi_func_epilog_3</name>
         <value>0xe91a</value>
         <object_component_ref idref="oc-9b"/>
      </symbol>
      <symbol id="sm-31d">
         <name>__mspabi_func_epilog_1</name>
         <value>0xe91e</value>
         <object_component_ref idref="oc-9b"/>
      </symbol>
      <symbol id="sm-31e">
         <name>__mspabi_func_epilog_6</name>
         <value>0xe914</value>
         <object_component_ref idref="oc-9b"/>
      </symbol>
      <symbol id="sm-31f">
         <name>__mspabi_func_epilog_7</name>
         <value>0xe912</value>
         <object_component_ref idref="oc-9b"/>
      </symbol>
      <symbol id="sm-320">
         <name>__mspabi_func_epilog_4</name>
         <value>0xe918</value>
         <object_component_ref idref="oc-9b"/>
      </symbol>
      <symbol id="sm-321">
         <name>__mspabi_func_epilog_5</name>
         <value>0xe916</value>
         <object_component_ref idref="oc-9b"/>
      </symbol>
      <symbol id="sm-32a">
         <name>C$$EXIT</name>
         <value>0xe932</value>
         <object_component_ref idref="oc-67"/>
      </symbol>
      <symbol id="sm-32b">
         <name>abort</name>
         <value>0xe932</value>
         <object_component_ref idref="oc-67"/>
      </symbol>
      <symbol id="sm-34c">
         <name>__TI_frcaddd</name>
         <value>0xd4f6</value>
         <object_component_ref idref="oc-255"/>
      </symbol>
      <symbol id="sm-366">
         <name>__mspabi_subf</name>
         <value>0xddf4</value>
         <object_component_ref idref="oc-df"/>
      </symbol>
      <symbol id="sm-367">
         <name>__mspabi_addf</name>
         <value>0xddfa</value>
         <object_component_ref idref="oc-df"/>
      </symbol>
      <symbol id="sm-376">
         <name>__mspabi_cmpf</name>
         <value>0xe4b8</value>
         <object_component_ref idref="oc-16a"/>
      </symbol>
      <symbol id="sm-387">
         <name>__mspabi_divf</name>
         <value>0xe198</value>
         <object_component_ref idref="oc-14d"/>
      </symbol>
      <symbol id="sm-391">
         <name>__mspabi_fltuf</name>
         <value>0xe802</value>
         <object_component_ref idref="oc-149"/>
      </symbol>
      <symbol id="sm-394">
         <name>__TI_int01</name>
         <value>0xffe2</value>
         <object_component_ref idref="oc-2c"/>
      </symbol>
      <symbol id="sm-397">
         <name>__TI_int04</name>
         <value>0xffe8</value>
         <object_component_ref idref="oc-2d"/>
      </symbol>
      <symbol id="sm-39a">
         <name>__TI_int05</name>
         <value>0xffea</value>
         <object_component_ref idref="oc-2e"/>
      </symbol>
      <symbol id="sm-39d">
         <name>__TI_int06</name>
         <value>0xffec</value>
         <object_component_ref idref="oc-2f"/>
      </symbol>
      <symbol id="sm-3a0">
         <name>__TI_int07</name>
         <value>0xffee</value>
         <object_component_ref idref="oc-30"/>
      </symbol>
      <symbol id="sm-3a3">
         <name>__TI_int08</name>
         <value>0xfff0</value>
         <object_component_ref idref="oc-31"/>
      </symbol>
      <symbol id="sm-3a6">
         <name>__TI_int09</name>
         <value>0xfff2</value>
         <object_component_ref idref="oc-32"/>
      </symbol>
      <symbol id="sm-3a9">
         <name>__TI_int10</name>
         <value>0xfff4</value>
         <object_component_ref idref="oc-33"/>
      </symbol>
      <symbol id="sm-3ac">
         <name>__TI_int11</name>
         <value>0xfff6</value>
         <object_component_ref idref="oc-34"/>
      </symbol>
      <symbol id="sm-3af">
         <name>__TI_int12</name>
         <value>0xfff8</value>
         <object_component_ref idref="oc-35"/>
      </symbol>
      <symbol id="sm-3b2">
         <name>__TI_int14</name>
         <value>0xfffc</value>
         <object_component_ref idref="oc-37"/>
      </symbol>
      <symbol id="sm-3b9">
         <name>__TI_ISR_TRAP</name>
         <value>0xe922</value>
         <object_component_ref idref="oc-4f"/>
      </symbol>
      <symbol id="sm-3c0">
         <name>__mspabi_slli</name>
         <value>0xe762</value>
         <object_component_ref idref="oc-c9"/>
      </symbol>
      <symbol id="sm-3c1">
         <name>__mspabi_slli_9</name>
         <value>0xe77a</value>
         <object_component_ref idref="oc-c9"/>
      </symbol>
      <symbol id="sm-3c2">
         <name>__mspabi_slli_8</name>
         <value>0xe77c</value>
         <object_component_ref idref="oc-c9"/>
      </symbol>
      <symbol id="sm-3c3">
         <name>__mspabi_slli_7</name>
         <value>0xe77e</value>
         <object_component_ref idref="oc-c9"/>
      </symbol>
      <symbol id="sm-3c4">
         <name>__mspabi_slli_6</name>
         <value>0xe780</value>
         <object_component_ref idref="oc-c9"/>
      </symbol>
      <symbol id="sm-3c5">
         <name>__mspabi_slli_5</name>
         <value>0xe782</value>
         <object_component_ref idref="oc-c9"/>
      </symbol>
      <symbol id="sm-3c6">
         <name>__mspabi_slli_4</name>
         <value>0xe784</value>
         <object_component_ref idref="oc-c9"/>
      </symbol>
      <symbol id="sm-3c7">
         <name>__mspabi_slli_3</name>
         <value>0xe786</value>
         <object_component_ref idref="oc-c9"/>
      </symbol>
      <symbol id="sm-3c8">
         <name>__mspabi_slli_2</name>
         <value>0xe788</value>
         <object_component_ref idref="oc-c9"/>
      </symbol>
      <symbol id="sm-3c9">
         <name>__mspabi_slli_1</name>
         <value>0xe78a</value>
         <object_component_ref idref="oc-c9"/>
      </symbol>
      <symbol id="sm-3ca">
         <name>__mspabi_slli_15</name>
         <value>0xe76e</value>
         <object_component_ref idref="oc-c9"/>
      </symbol>
      <symbol id="sm-3cb">
         <name>__mspabi_slli_14</name>
         <value>0xe770</value>
         <object_component_ref idref="oc-c9"/>
      </symbol>
      <symbol id="sm-3cc">
         <name>__mspabi_slli_13</name>
         <value>0xe772</value>
         <object_component_ref idref="oc-c9"/>
      </symbol>
      <symbol id="sm-3cd">
         <name>__mspabi_slli_12</name>
         <value>0xe774</value>
         <object_component_ref idref="oc-c9"/>
      </symbol>
      <symbol id="sm-3ce">
         <name>__mspabi_slli_11</name>
         <value>0xe776</value>
         <object_component_ref idref="oc-c9"/>
      </symbol>
      <symbol id="sm-3cf">
         <name>__mspabi_slli_10</name>
         <value>0xe778</value>
         <object_component_ref idref="oc-c9"/>
      </symbol>
      <symbol id="sm-3dd">
         <name>__mspabi_slll_9</name>
         <value>0xe5d8</value>
         <object_component_ref idref="oc-25c"/>
      </symbol>
      <symbol id="sm-3de">
         <name>__mspabi_slll_8</name>
         <value>0xe5dc</value>
         <object_component_ref idref="oc-25c"/>
      </symbol>
      <symbol id="sm-3df">
         <name>__mspabi_slll_7</name>
         <value>0xe5e0</value>
         <object_component_ref idref="oc-25c"/>
      </symbol>
      <symbol id="sm-3e0">
         <name>__mspabi_slll_6</name>
         <value>0xe5e4</value>
         <object_component_ref idref="oc-25c"/>
      </symbol>
      <symbol id="sm-3e1">
         <name>__mspabi_slll_5</name>
         <value>0xe5e8</value>
         <object_component_ref idref="oc-25c"/>
      </symbol>
      <symbol id="sm-3e2">
         <name>__mspabi_slll_4</name>
         <value>0xe5ec</value>
         <object_component_ref idref="oc-25c"/>
      </symbol>
      <symbol id="sm-3e3">
         <name>__mspabi_slll_3</name>
         <value>0xe5f0</value>
         <object_component_ref idref="oc-25c"/>
      </symbol>
      <symbol id="sm-3e4">
         <name>__mspabi_slll_2</name>
         <value>0xe5f4</value>
         <object_component_ref idref="oc-25c"/>
      </symbol>
      <symbol id="sm-3e5">
         <name>__mspabi_slll_1</name>
         <value>0xe5f8</value>
         <object_component_ref idref="oc-25c"/>
      </symbol>
      <symbol id="sm-3e6">
         <name>__mspabi_slll</name>
         <value>0xe902</value>
         <object_component_ref idref="oc-30e"/>
      </symbol>
      <symbol id="sm-3e7">
         <name>__mspabi_slll_15</name>
         <value>0xe5c0</value>
         <object_component_ref idref="oc-25c"/>
      </symbol>
      <symbol id="sm-3e8">
         <name>__mspabi_slll_14</name>
         <value>0xe5c4</value>
         <object_component_ref idref="oc-25c"/>
      </symbol>
      <symbol id="sm-3e9">
         <name>__mspabi_slll_13</name>
         <value>0xe5c8</value>
         <object_component_ref idref="oc-25c"/>
      </symbol>
      <symbol id="sm-3ea">
         <name>__mspabi_slll_12</name>
         <value>0xe5cc</value>
         <object_component_ref idref="oc-25c"/>
      </symbol>
      <symbol id="sm-3eb">
         <name>__mspabi_slll_11</name>
         <value>0xe5d0</value>
         <object_component_ref idref="oc-25c"/>
      </symbol>
      <symbol id="sm-3ec">
         <name>__mspabi_slll_10</name>
         <value>0xe5d4</value>
         <object_component_ref idref="oc-25c"/>
      </symbol>
      <symbol id="sm-3f3">
         <name>__mspabi_srli_8</name>
         <value>0xe496</value>
         <object_component_ref idref="oc-260"/>
      </symbol>
      <symbol id="sm-3f4">
         <name>__mspabi_srli_9</name>
         <value>0xe492</value>
         <object_component_ref idref="oc-260"/>
      </symbol>
      <symbol id="sm-3f5">
         <name>__mspabi_srli_6</name>
         <value>0xe49e</value>
         <object_component_ref idref="oc-260"/>
      </symbol>
      <symbol id="sm-3f6">
         <name>__mspabi_srli_7</name>
         <value>0xe49a</value>
         <object_component_ref idref="oc-260"/>
      </symbol>
      <symbol id="sm-3f7">
         <name>__mspabi_srli_4</name>
         <value>0xe4a6</value>
         <object_component_ref idref="oc-260"/>
      </symbol>
      <symbol id="sm-3f8">
         <name>__mspabi_srli_5</name>
         <value>0xe4a2</value>
         <object_component_ref idref="oc-260"/>
      </symbol>
      <symbol id="sm-3f9">
         <name>__mspabi_srli_2</name>
         <value>0xe4ae</value>
         <object_component_ref idref="oc-260"/>
      </symbol>
      <symbol id="sm-3fa">
         <name>__mspabi_srli_3</name>
         <value>0xe4aa</value>
         <object_component_ref idref="oc-260"/>
      </symbol>
      <symbol id="sm-3fb">
         <name>__mspabi_srli_1</name>
         <value>0xe4b2</value>
         <object_component_ref idref="oc-260"/>
      </symbol>
      <symbol id="sm-3fc">
         <name>__mspabi_srli</name>
         <value>0xe46c</value>
         <object_component_ref idref="oc-260"/>
      </symbol>
      <symbol id="sm-3fd">
         <name>__mspabi_srli_15</name>
         <value>0xe47a</value>
         <object_component_ref idref="oc-260"/>
      </symbol>
      <symbol id="sm-3fe">
         <name>__mspabi_srli_14</name>
         <value>0xe47e</value>
         <object_component_ref idref="oc-260"/>
      </symbol>
      <symbol id="sm-3ff">
         <name>__mspabi_srli_13</name>
         <value>0xe482</value>
         <object_component_ref idref="oc-260"/>
      </symbol>
      <symbol id="sm-400">
         <name>__mspabi_srli_12</name>
         <value>0xe486</value>
         <object_component_ref idref="oc-260"/>
      </symbol>
      <symbol id="sm-401">
         <name>__mspabi_srli_11</name>
         <value>0xe48a</value>
         <object_component_ref idref="oc-260"/>
      </symbol>
      <symbol id="sm-402">
         <name>__mspabi_srli_10</name>
         <value>0xe48e</value>
         <object_component_ref idref="oc-260"/>
      </symbol>
      <symbol id="sm-410">
         <name>__mspabi_srll_8</name>
         <value>0xe398</value>
         <object_component_ref idref="oc-302"/>
      </symbol>
      <symbol id="sm-411">
         <name>__mspabi_srll_9</name>
         <value>0xe392</value>
         <object_component_ref idref="oc-302"/>
      </symbol>
      <symbol id="sm-412">
         <name>__mspabi_srll_6</name>
         <value>0xe3a4</value>
         <object_component_ref idref="oc-302"/>
      </symbol>
      <symbol id="sm-413">
         <name>__mspabi_srll_7</name>
         <value>0xe39e</value>
         <object_component_ref idref="oc-302"/>
      </symbol>
      <symbol id="sm-414">
         <name>__mspabi_srll_4</name>
         <value>0xe3b0</value>
         <object_component_ref idref="oc-302"/>
      </symbol>
      <symbol id="sm-415">
         <name>__mspabi_srll_5</name>
         <value>0xe3aa</value>
         <object_component_ref idref="oc-302"/>
      </symbol>
      <symbol id="sm-416">
         <name>__mspabi_srll_2</name>
         <value>0xe3bc</value>
         <object_component_ref idref="oc-302"/>
      </symbol>
      <symbol id="sm-417">
         <name>__mspabi_srll_3</name>
         <value>0xe3b6</value>
         <object_component_ref idref="oc-302"/>
      </symbol>
      <symbol id="sm-418">
         <name>__mspabi_srll_1</name>
         <value>0xe3c2</value>
         <object_component_ref idref="oc-302"/>
      </symbol>
      <symbol id="sm-419">
         <name>__mspabi_srll_15</name>
         <value>0xe36e</value>
         <object_component_ref idref="oc-302"/>
      </symbol>
      <symbol id="sm-41a">
         <name>__mspabi_srll_14</name>
         <value>0xe374</value>
         <object_component_ref idref="oc-302"/>
      </symbol>
      <symbol id="sm-41b">
         <name>__mspabi_srll_13</name>
         <value>0xe37a</value>
         <object_component_ref idref="oc-302"/>
      </symbol>
      <symbol id="sm-41c">
         <name>__mspabi_srll_12</name>
         <value>0xe380</value>
         <object_component_ref idref="oc-302"/>
      </symbol>
      <symbol id="sm-41d">
         <name>__mspabi_srll_11</name>
         <value>0xe386</value>
         <object_component_ref idref="oc-302"/>
      </symbol>
      <symbol id="sm-41e">
         <name>__mspabi_srll_10</name>
         <value>0xe38c</value>
         <object_component_ref idref="oc-302"/>
      </symbol>
      <symbol id="sm-41f">
         <name>__mspabi_srll</name>
         <value>0xe8aa</value>
         <object_component_ref idref="oc-312"/>
      </symbol>
      <symbol id="sm-42c">
         <name>memcpy</name>
         <value>0xe8bc</value>
         <object_component_ref idref="oc-6d"/>
      </symbol>
      <symbol id="sm-44d">
         <name>__mspabi_mpyd</name>
         <value>0xd764</value>
         <object_component_ref idref="oc-156"/>
      </symbol>
      <symbol id="sm-455">
         <name>_system_pre_init</name>
         <value>0xe92e</value>
         <object_component_ref idref="oc-58"/>
      </symbol>
      <symbol id="sm-468">
         <name>__TI_renormd</name>
         <value>0xe030</value>
         <object_component_ref idref="oc-31a"/>
      </symbol>
      <symbol id="sm-473">
         <name>__mspabi_subd</name>
         <value>0xe63a</value>
         <object_component_ref idref="oc-16f"/>
      </symbol>
      <symbol id="sm-483">
         <name>__mspabi_sral</name>
         <value>0xe8f2</value>
         <object_component_ref idref="oc-316"/>
      </symbol>
      <symbol id="sm-484">
         <name>__mspabi_sral_15</name>
         <value>0xe582</value>
         <object_component_ref idref="oc-23e"/>
      </symbol>
      <symbol id="sm-485">
         <name>__mspabi_sral_14</name>
         <value>0xe586</value>
         <object_component_ref idref="oc-23e"/>
      </symbol>
      <symbol id="sm-486">
         <name>__mspabi_sral_13</name>
         <value>0xe58a</value>
         <object_component_ref idref="oc-23e"/>
      </symbol>
      <symbol id="sm-487">
         <name>__mspabi_sral_12</name>
         <value>0xe58e</value>
         <object_component_ref idref="oc-23e"/>
      </symbol>
      <symbol id="sm-488">
         <name>__mspabi_sral_11</name>
         <value>0xe592</value>
         <object_component_ref idref="oc-23e"/>
      </symbol>
      <symbol id="sm-489">
         <name>__mspabi_sral_10</name>
         <value>0xe596</value>
         <object_component_ref idref="oc-23e"/>
      </symbol>
      <symbol id="sm-48a">
         <name>__mspabi_sral_8</name>
         <value>0xe59e</value>
         <object_component_ref idref="oc-23e"/>
      </symbol>
      <symbol id="sm-48b">
         <name>__mspabi_sral_9</name>
         <value>0xe59a</value>
         <object_component_ref idref="oc-23e"/>
      </symbol>
      <symbol id="sm-48c">
         <name>__mspabi_sral_6</name>
         <value>0xe5a6</value>
         <object_component_ref idref="oc-23e"/>
      </symbol>
      <symbol id="sm-48d">
         <name>__mspabi_sral_7</name>
         <value>0xe5a2</value>
         <object_component_ref idref="oc-23e"/>
      </symbol>
      <symbol id="sm-48e">
         <name>__mspabi_sral_4</name>
         <value>0xe5ae</value>
         <object_component_ref idref="oc-23e"/>
      </symbol>
      <symbol id="sm-48f">
         <name>__mspabi_sral_5</name>
         <value>0xe5aa</value>
         <object_component_ref idref="oc-23e"/>
      </symbol>
      <symbol id="sm-490">
         <name>__mspabi_sral_2</name>
         <value>0xe5b6</value>
         <object_component_ref idref="oc-23e"/>
      </symbol>
      <symbol id="sm-491">
         <name>__mspabi_sral_3</name>
         <value>0xe5b2</value>
         <object_component_ref idref="oc-23e"/>
      </symbol>
      <symbol id="sm-492">
         <name>__mspabi_sral_1</name>
         <value>0xe5ba</value>
         <object_component_ref idref="oc-23e"/>
      </symbol>
      <symbol id="sm-4a7">
         <name>_auto_init</name>
         <value>0xe310</value>
         <object_component_ref idref="oc-5d"/>
      </symbol>
      <symbol id="sm-4b7">
         <name>__TI_frcmpyd</name>
         <value>0xcf16</value>
         <object_component_ref idref="oc-249"/>
      </symbol>
      <symbol id="sm-4c0">
         <name>__mspabi_mpyl</name>
         <value>0xe7b8</value>
         <object_component_ref idref="oc-306"/>
      </symbol>
      <symbol id="sm-4c1">
         <name>__TI_exit</name>
         <value>0x1</value>
      </symbol>
      <symbol id="sm-4c2">
         <name>__TI_args_main</name>
         <value>0x1</value>
      </symbol>
      <symbol id="sm-4c3">
         <name>__TI_INITARRAY_Base</name>
         <value>0x0</value>
      </symbol>
      <symbol id="sm-4c4">
         <name>__TI_INITARRAY_Limit</name>
         <value>0x0</value>
      </symbol>
   </symbol_table>
   <title>Link successful</title>
</link_info>
