******************************************************************************
                  MSP430 Linker PC v15.12.3                    
******************************************************************************
>> Linked Wed Jul 13 12:01:42 2016

OUTPUT FILE NAME:   <DC_TestBench.out>
ENTRY POINT SYMBOL: "_c_int00_noargs_noexit"  address: 0000de3a


MEMORY CONFIGURATION

         name            origin    length      used     unused   attr    fill
----------------------  --------  ---------  --------  --------  ----  --------
  SFR                   00000000   00000010  00000000  00000010  RWIX
  PERIPHERALS_8BIT      00000010   000000f0  00000000  000000f0  RWIX
  PERIPHERALS_16BIT     00000100   00000100  00000000  00000100  RWIX
  RAM                   00000200   00000200  0000007d  00000183  RWIX
  INFOB                 00001000   00000080  00000000  00000080  RWIX
  INFOA                 00001080   00000080  00000000  00000080  RWIX
  FLASH                 0000c000   00003fe0  00001f76  0000206a  RWIX
  INT00                 0000ffe0   00000002  00000000  00000002  RWIX
  INT01                 0000ffe2   00000002  00000002  00000000  RWIX
  INT02                 0000ffe4   00000002  00000000  00000002  RWIX
  INT03                 0000ffe6   00000002  00000000  00000002  RWIX
  INT04                 0000ffe8   00000002  00000002  00000000  RWIX
  INT05                 0000ffea   00000002  00000002  00000000  RWIX
  INT06                 0000ffec   00000002  00000002  00000000  RWIX
  INT07                 0000ffee   00000002  00000002  00000000  RWIX
  INT08                 0000fff0   00000002  00000002  00000000  RWIX
  INT09                 0000fff2   00000002  00000002  00000000  RWIX
  INT10                 0000fff4   00000002  00000002  00000000  RWIX
  INT11                 0000fff6   00000002  00000002  00000000  RWIX
  INT12                 0000fff8   00000002  00000002  00000000  RWIX
  INT13                 0000fffa   00000002  00000002  00000000  RWIX
  INT14                 0000fffc   00000002  00000002  00000000  RWIX
  RESET                 0000fffe   00000002  00000002  00000000  RWIX


SECTION ALLOCATION MAP

 output                                  attributes/
section   page    origin      length       input sections
--------  ----  ----------  ----------   ----------------
.bss       0    00000200    0000001f     UNINITIALIZED
                  00000200    00000010     (.common:buffer)
                  00000210    0000000c     (.common:can)
                  0000021c    00000002     (.common:dcMODE)
                  0000021e    00000001     tri63v4.obj (.bss)

.data      0    00000220    0000000e     UNINITIALIZED
                  00000220    00000007     tri63v4.obj (.data)
                  00000227    00000001     --HOLE--
                  00000228    00000006     can.obj (.data:buf_addr$1)

.stack     0    000003b0    00000050     UNINITIALIZED
                  000003b0    00000002     rts430_eabi.lib : boot.obj (.stack)
                  000003b2    0000004e     --HOLE--

.text      0    0000c000    00001f50     
                  0000c000    00000a04     tri63v4.obj (.text:main)
                  0000ca04    000002e8     rts430_eabi.lib : addd.obj (.text:__mspabi_addd)
                  0000ccec    00000260                     : frcaddd.obj (.text:__TI_frcaddd)
                  0000cf4c    0000018e     can.obj (.text:can_receive)
                  0000d0da    00000174     can.obj (.text:can_transmit)
                  0000d24e    00000132     rts430_eabi.lib : fs_add.obj (.text)
                  0000d380    0000010c     can.obj (.text:can_init)
                  0000d48c    000000dc     rts430_eabi.lib : cmpd.obj (.text:__mspabi_cmpd)
                  0000d568    000000c4                     : fs_mpy.obj (.text)
                  0000d62c    000000be                     : renormd.obj (.text:__TI_renormd)
                  0000d6ea    0000009c                     : fs_div.obj (.text)
                  0000d786    0000008c                     : cvtdf.obj (.text:__mspabi_cvtdf)
                  0000d812    00000072                     : cvtfd.obj (.text:__mspabi_cvtfd)
                  0000d884    0000006e                     : autoinit.obj (.text:_auto_init)
                  0000d8f2    00000064                     : copy_decompress_rle.obj (.text:__TI_decompress_rle_core)
                  0000d956    0000005c                     : lsr32.obj (.text:l_lsr_const)
                  0000d9b2    0000005a                     : cpy_tbl.obj (.text:copy_in)
                  0000da0c    00000052     tri63v4.obj (.text:timer_b0)
                  0000da5e    00000050     can.obj (.text:can_write_tx)
                  0000daae    0000004c     rts430_eabi.lib : lsr16.obj (.text)
                  0000dafa    0000004a                     : fs_cmp.obj (.text)
                  0000db44    00000040     can.obj (.text:can_write)
                  0000db84    00000040     tri63v4.obj (.text:io_init)
                  0000dbc4    0000003e     rts430_eabi.lib : asr32.obj (.text:l_asr_const)
                  0000dc02    0000003e                     : lsl32.obj (.text:l_lsl_const)
                  0000dc40    0000003c     can.obj (.text:can_read)
                  0000dc7c    00000036     spi.obj (.text:spi_init)
                  0000dcb2    00000032     can.obj (.text:can_mod)
                  0000dce4    00000032     tri63v4.obj (.text:timerA_init)
                  0000dd16    0000002e     rts430_eabi.lib : subd.obj (.text:__mspabi_subd)
                  0000dd44    0000002c     tri63v4.obj (.text:clock_init)
                  0000dd70    0000002c     rts430_eabi.lib : asr16.obj (.text)
                  0000dd9c    0000002c                     : lsl16.obj (.text)
                  0000ddc8    0000002a     can.obj (.text:can_rts)
                  0000ddf2    00000024     tri63v4.obj (.text:adc_init)
                  0000de16    00000024     rts430_eabi.lib : fs_utof.obj (.text)
                  0000de3a    0000001a                     : boot_special.obj (.text:_c_int00_noargs_noexit)
                  0000de54    0000001a     tri63v4.obj (.text:timerB_init)
                  0000de6e    00000018     can.obj (.text:can_read_status)
                  0000de86    00000014     rts430_eabi.lib : mult16.obj (.text)
                  0000de9a    00000012     can.obj (.text:can_reset)
                  0000deac    00000012     rts430_eabi.lib : copy_decompress_none.obj (.text:decompress:none:__TI_decompress_none)
                  0000debe    00000012                     : lsr32.obj (.text:l_lsr)
                  0000ded0    00000012                     : memcpy.obj (.text:memcpy)
                  0000dee2    00000012     spi.obj (.text:spi_exchange)
                  0000def4    00000012     spi.obj (.text:spi_transmit)
                  0000df06    00000010     rts430_eabi.lib : asr32.obj (.text:l_asr)
                  0000df16    00000010                     : lsl32.obj (.text:l_lsl)
                  0000df26    00000010                     : epilog.obj (.text)
                  0000df36    00000008                     : isr_trap.obj (.text:_isr:__TI_ISR_TRAP)
                  0000df3e    00000006                     : exit.obj (.text:abort)
                  0000df44    00000006                     : copy_decompress_rle.obj (.text:decompress:rle24:__TI_decompress_rle24)
                  0000df4a    00000004                     : pre_init.obj (.text:_system_pre_init)
                  0000df4e    00000002                     : startup.obj (.text:_system_post_cinit)

.cinit     0    0000df50    00000026     
                  0000df50    00000010     (.cinit..data.load) [load image, compression = rle]
                  0000df60    00000009     (.cinit..bss.load) [load image, compression = rle]
                  0000df69    00000001     --HOLE-- [fill = 0]
                  0000df6a    00000004     (__TI_handler_table)
                  0000df6e    00000008     (__TI_cinit_table)

.init_array 
*          0    0000c000    00000000     UNINITIALIZED

PORT2      0    0000ffe2    00000002     
                  0000ffe2    00000002     rts430_eabi.lib : int01.obj (.int01)

PORT1      0    0000ffe8    00000002     
                  0000ffe8    00000002     rts430_eabi.lib : int04.obj (.int04)

TIMERA1    0    0000ffea    00000002     
                  0000ffea    00000002     rts430_eabi.lib : int05.obj (.int05)

TIMERA0    0    0000ffec    00000002     
                  0000ffec    00000002     rts430_eabi.lib : int06.obj (.int06)

ADC12      0    0000ffee    00000002     
                  0000ffee    00000002     rts430_eabi.lib : int07.obj (.int07)

USART0TX   0    0000fff0    00000002     
                  0000fff0    00000002     rts430_eabi.lib : int08.obj (.int08)

USART0RX   0    0000fff2    00000002     
                  0000fff2    00000002     rts430_eabi.lib : int09.obj (.int09)

WDT        0    0000fff4    00000002     
                  0000fff4    00000002     rts430_eabi.lib : int10.obj (.int10)

COMPARATORA 
*          0    0000fff6    00000002     
                  0000fff6    00000002     rts430_eabi.lib : int11.obj (.int11)

TIMERB1    0    0000fff8    00000002     
                  0000fff8    00000002     rts430_eabi.lib : int12.obj (.int12)

TIMERB0    0    0000fffa    00000002     
                  0000fffa    00000002     tri63v4.obj (.int13)

NMI        0    0000fffc    00000002     
                  0000fffc    00000002     rts430_eabi.lib : int14.obj (.int14)

.reset     0    0000fffe    00000002     
                  0000fffe    00000002     rts430_eabi.lib : boot.obj (.reset)

MODULE SUMMARY

       Module                     code   ro data   rw data
       ------                     ----   -------   -------
    .\
       tri63v4.obj                2866   2         10     
       can.obj                    1376   0         34     
       spi.obj                    90     0         0      
    +--+--------------------------+------+---------+---------+
       Total:                     4332   2         44     
                                                          
    C:\ti\ccsv6\tools\compiler\msp430_15.12.3.LTS\lib\rts430_eabi.lib
       addd.obj                   744    0         0      
       frcaddd.obj                608    0         0      
       fs_add.obj                 306    0         0      
       cmpd.obj                   220    0         0      
       fs_mpy.obj                 196    0         0      
       renormd.obj                190    0         0      
       fs_div.obj                 156    0         0      
       cvtdf.obj                  140    0         0      
       cvtfd.obj                  114    0         0      
       autoinit.obj               110    0         0      
       lsr32.obj                  110    0         0      
       copy_decompress_rle.obj    106    0         0      
       cpy_tbl.obj                90     0         0      
       asr32.obj                  78     0         0      
       lsl32.obj                  78     0         0      
       lsr16.obj                  76     0         0      
       fs_cmp.obj                 74     0         0      
       subd.obj                   46     0         0      
       asr16.obj                  44     0         0      
       lsl16.obj                  44     0         0      
       fs_utof.obj                36     0         0      
       boot_special.obj           26     0         0      
       mult16.obj                 20     0         0      
       copy_decompress_none.obj   18     0         0      
       memcpy.obj                 18     0         0      
       epilog.obj                 16     0         0      
       isr_trap.obj               8      0         0      
       exit.obj                   6      0         0      
       pre_init.obj               4      0         0      
       boot.obj                   0      2         0      
       int01.obj                  0      2         0      
       int04.obj                  0      2         0      
       int05.obj                  0      2         0      
       int06.obj                  0      2         0      
       int07.obj                  0      2         0      
       int08.obj                  0      2         0      
       int09.obj                  0      2         0      
       int10.obj                  0      2         0      
       int11.obj                  0      2         0      
       int12.obj                  0      2         0      
       int14.obj                  0      2         0      
       startup.obj                2      0         0      
    +--+--------------------------+------+---------+---------+
       Total:                     3684   24        0      
                                                          
       Stack:                     0      0         80     
       Linker Generated:          0      37        0      
    +--+--------------------------+------+---------+---------+
       Grand Total:               8016   63        124    


LINKER GENERATED COPY TABLES

__TI_cinit_table @ 0000df6e records: 2, size/record: 4, table size: 8
	.data: load addr=0000df50, load size=00000010 bytes, run addr=00000220, run size=0000000e bytes, compression=rle
	.bss: load addr=0000df60, load size=00000009 bytes, run addr=00000200, run size=0000001f bytes, compression=rle


LINKER GENERATED HANDLER TABLE

__TI_handler_table @ 0000df6a records: 2, size/record: 2, table size: 4
	index: 0, handler: __TI_decompress_rle24
	index: 1, handler: __TI_decompress_none


GLOBAL SYMBOLS: SORTED ALPHABETICALLY BY Name 

address   name                    
-------   ----                    
000001a0  ADC12CTL0               
000001a2  ADC12CTL1               
000001a6  ADC12IE                 
000001a4  ADC12IFG                
000001a8  ADC12IV                 
00000080  ADC12MCTL0              
00000081  ADC12MCTL1              
0000008a  ADC12MCTL10             
0000008b  ADC12MCTL11             
0000008c  ADC12MCTL12             
0000008d  ADC12MCTL13             
0000008e  ADC12MCTL14             
0000008f  ADC12MCTL15             
00000082  ADC12MCTL2              
00000083  ADC12MCTL3              
00000084  ADC12MCTL4              
00000085  ADC12MCTL5              
00000086  ADC12MCTL6              
00000087  ADC12MCTL7              
00000088  ADC12MCTL8              
00000089  ADC12MCTL9              
00000140  ADC12MEM0               
00000142  ADC12MEM1               
00000154  ADC12MEM10              
00000156  ADC12MEM11              
00000158  ADC12MEM12              
0000015a  ADC12MEM13              
0000015c  ADC12MEM14              
0000015e  ADC12MEM15              
00000144  ADC12MEM2               
00000146  ADC12MEM3               
00000148  ADC12MEM4               
0000014a  ADC12MEM5               
0000014c  ADC12MEM6               
0000014e  ADC12MEM7               
00000150  ADC12MEM8               
00000152  ADC12MEM9               
00000057  BCSCTL1                 
00000058  BCSCTL2                 
0000df3e  C$$EXIT                 
00000059  CACTL1                  
0000005a  CACTL2                  
0000005b  CAPD                    
00000056  DCOCTL                  
00000128  FCTL1                   
0000012a  FCTL2                   
0000012c  FCTL3                   
00000000  IE1                     
00000002  IFG1                    
00000004  ME1                     
00000022  P1DIR                   
00000025  P1IE                    
00000024  P1IES                   
00000023  P1IFG                   
00000020  P1IN                    
00000021  P1OUT                   
00000026  P1SEL                   
0000002a  P2DIR                   
0000002d  P2IE                    
0000002c  P2IES                   
0000002b  P2IFG                   
00000028  P2IN                    
00000029  P2OUT                   
0000002e  P2SEL                   
0000001a  P3DIR                   
00000018  P3IN                    
00000019  P3OUT                   
0000001b  P3SEL                   
0000001e  P4DIR                   
0000001c  P4IN                    
0000001d  P4OUT                   
0000001f  P4SEL                   
00000032  P5DIR                   
00000030  P5IN                    
00000031  P5OUT                   
00000033  P5SEL                   
00000036  P6DIR                   
00000034  P6IN                    
00000035  P6OUT                   
00000037  P6SEL                   
00000172  TACCR0                  
00000174  TACCR1                  
00000176  TACCR2                  
00000162  TACCTL0                 
00000164  TACCTL1                 
00000166  TACCTL2                 
00000160  TACTL                   
0000012e  TAIV                    
00000170  TAR                     
00000192  TBCCR0                  
00000194  TBCCR1                  
00000196  TBCCR2                  
00000182  TBCCTL0                 
00000184  TBCCTL1                 
00000186  TBCCTL2                 
00000180  TBCTL                   
0000011e  TBIV                    
00000190  TBR                     
00000074  U0BR0                   
00000075  U0BR1                   
00000070  U0CTL                   
00000073  U0MCTL                  
00000072  U0RCTL                  
00000076  U0RXBUF                 
00000071  U0TCTL                  
00000077  U0TXBUF                 
00000120  WDTCTL                  
00000400  __STACK_END             
00000050  __STACK_SIZE            
UNDEFED   __TI_BINIT_Base         
UNDEFED   __TI_BINIT_Limit        
0000df6e  __TI_CINIT_Base         
0000df76  __TI_CINIT_Limit        
0000df6a  __TI_Handler_Table_Base 
0000df6e  __TI_Handler_Table_Limit
UNDEFED   __TI_INITARRAY_Base     
UNDEFED   __TI_INITARRAY_Limit    
0000df36  __TI_ISR_TRAP           
0000deac  __TI_decompress_none    
0000df44  __TI_decompress_rle24   
0000ccec  __TI_frcaddd            
0000ffe2  __TI_int01              
0000ffe8  __TI_int04              
0000ffea  __TI_int05              
0000ffec  __TI_int06              
0000ffee  __TI_int07              
0000fff0  __TI_int08              
0000fff2  __TI_int09              
0000fff4  __TI_int10              
0000fff6  __TI_int11              
0000fff8  __TI_int12              
0000fffa  __TI_int13              
0000fffc  __TI_int14              
ffffffff  __TI_pprof_out_hndl     
ffffffff  __TI_prof_data_size     
ffffffff  __TI_prof_data_start    
0000d62c  __TI_renormd            
ffffffff  __c_args__              
0000ca04  __mspabi_addd           
0000d254  __mspabi_addf           
0000d48c  __mspabi_cmpd           
0000dafa  __mspabi_cmpf           
0000d786  __mspabi_cvtdf          
0000d812  __mspabi_cvtfd          
0000d6ea  __mspabi_divf           
0000de16  __mspabi_fltuf          
0000df32  __mspabi_func_epilog_1  
0000df30  __mspabi_func_epilog_2  
0000df2e  __mspabi_func_epilog_3  
0000df2c  __mspabi_func_epilog_4  
0000df2a  __mspabi_func_epilog_5  
0000df28  __mspabi_func_epilog_6  
0000df26  __mspabi_func_epilog_7  
0000d568  __mspabi_mpyf           
0000de86  __mspabi_mpyi           
0000de86  __mspabi_mpyi_sw        
0000dd9c  __mspabi_slli           
0000ddc4  __mspabi_slli_1         
0000ddb2  __mspabi_slli_10        
0000ddb0  __mspabi_slli_11        
0000ddae  __mspabi_slli_12        
0000ddac  __mspabi_slli_13        
0000ddaa  __mspabi_slli_14        
0000dda8  __mspabi_slli_15        
0000ddc2  __mspabi_slli_2         
0000ddc0  __mspabi_slli_3         
0000ddbe  __mspabi_slli_4         
0000ddbc  __mspabi_slli_5         
0000ddba  __mspabi_slli_6         
0000ddb8  __mspabi_slli_7         
0000ddb6  __mspabi_slli_8         
0000ddb4  __mspabi_slli_9         
0000df16  __mspabi_slll           
0000dc3a  __mspabi_slll_1         
0000dc16  __mspabi_slll_10        
0000dc12  __mspabi_slll_11        
0000dc0e  __mspabi_slll_12        
0000dc0a  __mspabi_slll_13        
0000dc06  __mspabi_slll_14        
0000dc02  __mspabi_slll_15        
0000dc36  __mspabi_slll_2         
0000dc32  __mspabi_slll_3         
0000dc2e  __mspabi_slll_4         
0000dc2a  __mspabi_slll_5         
0000dc26  __mspabi_slll_6         
0000dc22  __mspabi_slll_7         
0000dc1e  __mspabi_slll_8         
0000dc1a  __mspabi_slll_9         
0000dd70  __mspabi_srai           
0000dd98  __mspabi_srai_1         
0000dd86  __mspabi_srai_10        
0000dd84  __mspabi_srai_11        
0000dd82  __mspabi_srai_12        
0000dd80  __mspabi_srai_13        
0000dd7e  __mspabi_srai_14        
0000dd7c  __mspabi_srai_15        
0000dd96  __mspabi_srai_2         
0000dd94  __mspabi_srai_3         
0000dd92  __mspabi_srai_4         
0000dd90  __mspabi_srai_5         
0000dd8e  __mspabi_srai_6         
0000dd8c  __mspabi_srai_7         
0000dd8a  __mspabi_srai_8         
0000dd88  __mspabi_srai_9         
0000df06  __mspabi_sral           
0000dbfc  __mspabi_sral_1         
0000dbd8  __mspabi_sral_10        
0000dbd4  __mspabi_sral_11        
0000dbd0  __mspabi_sral_12        
0000dbcc  __mspabi_sral_13        
0000dbc8  __mspabi_sral_14        
0000dbc4  __mspabi_sral_15        
0000dbf8  __mspabi_sral_2         
0000dbf4  __mspabi_sral_3         
0000dbf0  __mspabi_sral_4         
0000dbec  __mspabi_sral_5         
0000dbe8  __mspabi_sral_6         
0000dbe4  __mspabi_sral_7         
0000dbe0  __mspabi_sral_8         
0000dbdc  __mspabi_sral_9         
0000daae  __mspabi_srli           
0000daf4  __mspabi_srli_1         
0000dad0  __mspabi_srli_10        
0000dacc  __mspabi_srli_11        
0000dac8  __mspabi_srli_12        
0000dac4  __mspabi_srli_13        
0000dac0  __mspabi_srli_14        
0000dabc  __mspabi_srli_15        
0000daf0  __mspabi_srli_2         
0000daec  __mspabi_srli_3         
0000dae8  __mspabi_srli_4         
0000dae4  __mspabi_srli_5         
0000dae0  __mspabi_srli_6         
0000dadc  __mspabi_srli_7         
0000dad8  __mspabi_srli_8         
0000dad4  __mspabi_srli_9         
0000debe  __mspabi_srll           
0000d9aa  __mspabi_srll_1         
0000d974  __mspabi_srll_10        
0000d96e  __mspabi_srll_11        
0000d968  __mspabi_srll_12        
0000d962  __mspabi_srll_13        
0000d95c  __mspabi_srll_14        
0000d956  __mspabi_srll_15        
0000d9a4  __mspabi_srll_2         
0000d99e  __mspabi_srll_3         
0000d998  __mspabi_srll_4         
0000d992  __mspabi_srll_5         
0000d98c  __mspabi_srll_6         
0000d986  __mspabi_srll_7         
0000d980  __mspabi_srll_8         
0000d97a  __mspabi_srll_9         
0000dd16  __mspabi_subd           
0000d24e  __mspabi_subf           
0000d884  _auto_init              
0000de3a  _c_int00_noargs_noexit  
0000fffe  _reset_vector           
000003b0  _stack                  
0000df4e  _system_post_cinit      
0000df4a  _system_pre_init        
0000df3e  abort                   
00000222  activity_flag           
0000ddf2  adc_init                
00000220  blink_flag              
00000200  buffer                  
00000210  can                     
0000d380  can_init                
0000dcb2  can_mod                 
0000dc40  can_read                
0000de6e  can_read_status         
0000cf4c  can_receive             
0000de9a  can_reset               
0000ddc8  can_rts                 
0000d0da  can_transmit            
0000db44  can_write               
0000da5e  can_write_tx            
0000dd44  clock_init              
00000221  comms_flag              
0000d9b2  copy_in                 
0000021c  dcMODE                  
00000223  input_flag              
0000db84  io_init                 
0000c000  main                    
0000ded0  memcpy                  
0000dee2  spi_exchange            
0000dc7c  spi_init                
0000def4  spi_transmit            
0000dce4  timerA_init             
0000de54  timerB_init             
0000da0c  timer_b0                


GLOBAL SYMBOLS: SORTED BY Symbol Address 

address   name                    
-------   ----                    
00000000  IE1                     
00000002  IFG1                    
00000004  ME1                     
00000018  P3IN                    
00000019  P3OUT                   
0000001a  P3DIR                   
0000001b  P3SEL                   
0000001c  P4IN                    
0000001d  P4OUT                   
0000001e  P4DIR                   
0000001f  P4SEL                   
00000020  P1IN                    
00000021  P1OUT                   
00000022  P1DIR                   
00000023  P1IFG                   
00000024  P1IES                   
00000025  P1IE                    
00000026  P1SEL                   
00000028  P2IN                    
00000029  P2OUT                   
0000002a  P2DIR                   
0000002b  P2IFG                   
0000002c  P2IES                   
0000002d  P2IE                    
0000002e  P2SEL                   
00000030  P5IN                    
00000031  P5OUT                   
00000032  P5DIR                   
00000033  P5SEL                   
00000034  P6IN                    
00000035  P6OUT                   
00000036  P6DIR                   
00000037  P6SEL                   
00000050  __STACK_SIZE            
00000056  DCOCTL                  
00000057  BCSCTL1                 
00000058  BCSCTL2                 
00000059  CACTL1                  
0000005a  CACTL2                  
0000005b  CAPD                    
00000070  U0CTL                   
00000071  U0TCTL                  
00000072  U0RCTL                  
00000073  U0MCTL                  
00000074  U0BR0                   
00000075  U0BR1                   
00000076  U0RXBUF                 
00000077  U0TXBUF                 
00000080  ADC12MCTL0              
00000081  ADC12MCTL1              
00000082  ADC12MCTL2              
00000083  ADC12MCTL3              
00000084  ADC12MCTL4              
00000085  ADC12MCTL5              
00000086  ADC12MCTL6              
00000087  ADC12MCTL7              
00000088  ADC12MCTL8              
00000089  ADC12MCTL9              
0000008a  ADC12MCTL10             
0000008b  ADC12MCTL11             
0000008c  ADC12MCTL12             
0000008d  ADC12MCTL13             
0000008e  ADC12MCTL14             
0000008f  ADC12MCTL15             
0000011e  TBIV                    
00000120  WDTCTL                  
00000128  FCTL1                   
0000012a  FCTL2                   
0000012c  FCTL3                   
0000012e  TAIV                    
00000140  ADC12MEM0               
00000142  ADC12MEM1               
00000144  ADC12MEM2               
00000146  ADC12MEM3               
00000148  ADC12MEM4               
0000014a  ADC12MEM5               
0000014c  ADC12MEM6               
0000014e  ADC12MEM7               
00000150  ADC12MEM8               
00000152  ADC12MEM9               
00000154  ADC12MEM10              
00000156  ADC12MEM11              
00000158  ADC12MEM12              
0000015a  ADC12MEM13              
0000015c  ADC12MEM14              
0000015e  ADC12MEM15              
00000160  TACTL                   
00000162  TACCTL0                 
00000164  TACCTL1                 
00000166  TACCTL2                 
00000170  TAR                     
00000172  TACCR0                  
00000174  TACCR1                  
00000176  TACCR2                  
00000180  TBCTL                   
00000182  TBCCTL0                 
00000184  TBCCTL1                 
00000186  TBCCTL2                 
00000190  TBR                     
00000192  TBCCR0                  
00000194  TBCCR1                  
00000196  TBCCR2                  
000001a0  ADC12CTL0               
000001a2  ADC12CTL1               
000001a4  ADC12IFG                
000001a6  ADC12IE                 
000001a8  ADC12IV                 
00000200  buffer                  
00000210  can                     
0000021c  dcMODE                  
00000220  blink_flag              
00000221  comms_flag              
00000222  activity_flag           
00000223  input_flag              
000003b0  _stack                  
00000400  __STACK_END             
0000c000  main                    
0000ca04  __mspabi_addd           
0000ccec  __TI_frcaddd            
0000cf4c  can_receive             
0000d0da  can_transmit            
0000d24e  __mspabi_subf           
0000d254  __mspabi_addf           
0000d380  can_init                
0000d48c  __mspabi_cmpd           
0000d568  __mspabi_mpyf           
0000d62c  __TI_renormd            
0000d6ea  __mspabi_divf           
0000d786  __mspabi_cvtdf          
0000d812  __mspabi_cvtfd          
0000d884  _auto_init              
0000d956  __mspabi_srll_15        
0000d95c  __mspabi_srll_14        
0000d962  __mspabi_srll_13        
0000d968  __mspabi_srll_12        
0000d96e  __mspabi_srll_11        
0000d974  __mspabi_srll_10        
0000d97a  __mspabi_srll_9         
0000d980  __mspabi_srll_8         
0000d986  __mspabi_srll_7         
0000d98c  __mspabi_srll_6         
0000d992  __mspabi_srll_5         
0000d998  __mspabi_srll_4         
0000d99e  __mspabi_srll_3         
0000d9a4  __mspabi_srll_2         
0000d9aa  __mspabi_srll_1         
0000d9b2  copy_in                 
0000da0c  timer_b0                
0000da5e  can_write_tx            
0000daae  __mspabi_srli           
0000dabc  __mspabi_srli_15        
0000dac0  __mspabi_srli_14        
0000dac4  __mspabi_srli_13        
0000dac8  __mspabi_srli_12        
0000dacc  __mspabi_srli_11        
0000dad0  __mspabi_srli_10        
0000dad4  __mspabi_srli_9         
0000dad8  __mspabi_srli_8         
0000dadc  __mspabi_srli_7         
0000dae0  __mspabi_srli_6         
0000dae4  __mspabi_srli_5         
0000dae8  __mspabi_srli_4         
0000daec  __mspabi_srli_3         
0000daf0  __mspabi_srli_2         
0000daf4  __mspabi_srli_1         
0000dafa  __mspabi_cmpf           
0000db44  can_write               
0000db84  io_init                 
0000dbc4  __mspabi_sral_15        
0000dbc8  __mspabi_sral_14        
0000dbcc  __mspabi_sral_13        
0000dbd0  __mspabi_sral_12        
0000dbd4  __mspabi_sral_11        
0000dbd8  __mspabi_sral_10        
0000dbdc  __mspabi_sral_9         
0000dbe0  __mspabi_sral_8         
0000dbe4  __mspabi_sral_7         
0000dbe8  __mspabi_sral_6         
0000dbec  __mspabi_sral_5         
0000dbf0  __mspabi_sral_4         
0000dbf4  __mspabi_sral_3         
0000dbf8  __mspabi_sral_2         
0000dbfc  __mspabi_sral_1         
0000dc02  __mspabi_slll_15        
0000dc06  __mspabi_slll_14        
0000dc0a  __mspabi_slll_13        
0000dc0e  __mspabi_slll_12        
0000dc12  __mspabi_slll_11        
0000dc16  __mspabi_slll_10        
0000dc1a  __mspabi_slll_9         
0000dc1e  __mspabi_slll_8         
0000dc22  __mspabi_slll_7         
0000dc26  __mspabi_slll_6         
0000dc2a  __mspabi_slll_5         
0000dc2e  __mspabi_slll_4         
0000dc32  __mspabi_slll_3         
0000dc36  __mspabi_slll_2         
0000dc3a  __mspabi_slll_1         
0000dc40  can_read                
0000dc7c  spi_init                
0000dcb2  can_mod                 
0000dce4  timerA_init             
0000dd16  __mspabi_subd           
0000dd44  clock_init              
0000dd70  __mspabi_srai           
0000dd7c  __mspabi_srai_15        
0000dd7e  __mspabi_srai_14        
0000dd80  __mspabi_srai_13        
0000dd82  __mspabi_srai_12        
0000dd84  __mspabi_srai_11        
0000dd86  __mspabi_srai_10        
0000dd88  __mspabi_srai_9         
0000dd8a  __mspabi_srai_8         
0000dd8c  __mspabi_srai_7         
0000dd8e  __mspabi_srai_6         
0000dd90  __mspabi_srai_5         
0000dd92  __mspabi_srai_4         
0000dd94  __mspabi_srai_3         
0000dd96  __mspabi_srai_2         
0000dd98  __mspabi_srai_1         
0000dd9c  __mspabi_slli           
0000dda8  __mspabi_slli_15        
0000ddaa  __mspabi_slli_14        
0000ddac  __mspabi_slli_13        
0000ddae  __mspabi_slli_12        
0000ddb0  __mspabi_slli_11        
0000ddb2  __mspabi_slli_10        
0000ddb4  __mspabi_slli_9         
0000ddb6  __mspabi_slli_8         
0000ddb8  __mspabi_slli_7         
0000ddba  __mspabi_slli_6         
0000ddbc  __mspabi_slli_5         
0000ddbe  __mspabi_slli_4         
0000ddc0  __mspabi_slli_3         
0000ddc2  __mspabi_slli_2         
0000ddc4  __mspabi_slli_1         
0000ddc8  can_rts                 
0000ddf2  adc_init                
0000de16  __mspabi_fltuf          
0000de3a  _c_int00_noargs_noexit  
0000de54  timerB_init             
0000de6e  can_read_status         
0000de86  __mspabi_mpyi           
0000de86  __mspabi_mpyi_sw        
0000de9a  can_reset               
0000deac  __TI_decompress_none    
0000debe  __mspabi_srll           
0000ded0  memcpy                  
0000dee2  spi_exchange            
0000def4  spi_transmit            
0000df06  __mspabi_sral           
0000df16  __mspabi_slll           
0000df26  __mspabi_func_epilog_7  
0000df28  __mspabi_func_epilog_6  
0000df2a  __mspabi_func_epilog_5  
0000df2c  __mspabi_func_epilog_4  
0000df2e  __mspabi_func_epilog_3  
0000df30  __mspabi_func_epilog_2  
0000df32  __mspabi_func_epilog_1  
0000df36  __TI_ISR_TRAP           
0000df3e  C$$EXIT                 
0000df3e  abort                   
0000df44  __TI_decompress_rle24   
0000df4a  _system_pre_init        
0000df4e  _system_post_cinit      
0000df6a  __TI_Handler_Table_Base 
0000df6e  __TI_CINIT_Base         
0000df6e  __TI_Handler_Table_Limit
0000df76  __TI_CINIT_Limit        
0000ffe2  __TI_int01              
0000ffe8  __TI_int04              
0000ffea  __TI_int05              
0000ffec  __TI_int06              
0000ffee  __TI_int07              
0000fff0  __TI_int08              
0000fff2  __TI_int09              
0000fff4  __TI_int10              
0000fff6  __TI_int11              
0000fff8  __TI_int12              
0000fffa  __TI_int13              
0000fffc  __TI_int14              
0000fffe  _reset_vector           
ffffffff  __TI_pprof_out_hndl     
ffffffff  __TI_prof_data_size     
ffffffff  __TI_prof_data_start    
ffffffff  __c_args__              
UNDEFED   __TI_BINIT_Base         
UNDEFED   __TI_BINIT_Limit        
UNDEFED   __TI_INITARRAY_Base     
UNDEFED   __TI_INITARRAY_Limit    

[290 symbols]
