******************************************************************************
                  MSP430 Linker PC v4.2.1                      
******************************************************************************
>> Linked Wed Jun 08 16:51:35 2016

OUTPUT FILE NAME:   <DC_Sys1.out>
ENTRY POINT SYMBOL: "_c_int00"  address: 0000e79c


MEMORY CONFIGURATION

         name            origin    length      used     unused   attr    fill
----------------------  --------  ---------  --------  --------  ----  --------
  SFR                   00000000   00000010  00000000  00000010  RWIX
  PERIPHERALS_8BIT      00000010   000000f0  00000000  000000f0  RWIX
  PERIPHERALS_16BIT     00000100   00000100  00000000  00000100  RWIX
  RAM                   00000200   00000200  000000e1  0000011f  RWIX
  INFOB                 00001000   00000080  00000000  00000080  RWIX
  INFOA                 00001080   00000080  00000000  00000080  RWIX
  FLASH                 0000c000   00003fe0  000028d2  0000170e  RWIX
  INT00                 0000ffe0   00000002  00000000  00000002  RWIX
  INT01                 0000ffe2   00000002  00000002  00000000  RWIX
  INT02                 0000ffe4   00000002  00000000  00000002  RWIX
  INT03                 0000ffe6   00000002  00000000  00000002  RWIX
  INT04                 0000ffe8   00000002  00000002  00000000  RWIX
  INT05                 0000ffea   00000002  00000002  00000000  RWIX
  INT06                 0000ffec   00000002  00000002  00000000  RWIX
  INT07                 0000ffee   00000002  00000002  00000000  RWIX
  INT08                 0000fff0   00000002  00000002  00000000  RWIX
  INT09                 0000fff2   00000002  00000002  00000000  RWIX
  INT10                 0000fff4   00000002  00000002  00000000  RWIX
  INT11                 0000fff6   00000002  00000002  00000000  RWIX
  INT12                 0000fff8   00000002  00000002  00000000  RWIX
  INT13                 0000fffa   00000002  00000002  00000000  RWIX
  INT14                 0000fffc   00000002  00000002  00000000  RWIX
  RESET                 0000fffe   00000002  00000002  00000000  RWIX


SECTION ALLOCATION MAP

 output                                  attributes/
section   page    origin      length       input sections
--------  ----  ----------  ----------   ----------------
.init_array 
*          0    0000c000    00000000     UNINITIALIZED

.data      0    00000200    0000005c     UNINITIALIZED
                  00000200    00000056     main.obj (.data)
                  00000256    00000006     can.obj (.data:buf_addr$1)

.TI.persistent 
*          0    00000200    00000000     UNINITIALIZED

.bss       0    0000025c    00000035     UNINITIALIZED
                  0000025c    00000010     (.common:buffer)
                  0000026c    0000000c     (.common:can)
                  00000278    00000004     (.common:bps_long)
                  0000027c    00000002     (.common:dcMODE)
                  0000027e    00000002     (.common:switches_dif)
                  00000280    00000002     (.common:switches_dif_save)
                  00000282    00000002     (.common:switches_new)
                  00000284    00000002     (.common:switches_old)
                  00000286    00000002     (.common:switches_out_dif)
                  00000288    00000002     (.common:switches_out_new)
                  0000028a    00000001     (.common:activity_count$3)
                  0000028b    00000001     (.common:bps_char0)
                  0000028c    00000001     (.common:bps_char1)
                  0000028d    00000001     (.common:bps_char2)
                  0000028e    00000001     (.common:bps_char3)
                  0000028f    00000001     (.common:enc1_new)
                  00000290    00000001     (.common:enc1_old)

.TI.noinit 
*          0    0000025c    00000000     UNINITIALIZED

.stack     0    000003b0    00000050     UNINITIALIZED
                  000003b0    00000002     rts430_eabi.lib : boot.obj (.stack)
                  000003b2    0000004e     --HOLE--

.text      0    0000c000    000028ac     
                  0000c000    00000e8c     main.obj (.text:main)
                  0000ce8c    000002f8     rts430_eabi.lib : frcmpyd.obj (.text:__TI_frcmpyd)
                  0000d184    000002e8                     : addd.obj (.text:__mspabi_addd)
                  0000d46c    0000026e                     : frcaddd.obj (.text:__TI_frcaddd)
                  0000d6da    00000256                     : mpyd.obj (.text:__mspabi_mpyd)
                  0000d930    0000018e     can.obj (.text:can_receive)
                  0000dabe    00000174     can.obj (.text:can_transmit)
                  0000dc32    00000138     rts430_eabi.lib : cmpd.obj (.text:__mspabi_cmpd)
                  0000dd6a    00000130                     : fs_add.obj (.text)
                  0000de9a    0000010c     can.obj (.text:can_init)
                  0000dfa6    000000c0     rts430_eabi.lib : renormd.obj (.text:__TI_renormd)
                  0000e066    000000a8                     : cvtdf.obj (.text:__mspabi_cvtdf)
                  0000e10e    0000009a                     : fs_div.obj (.text)
                  0000e1a8    00000080                     : cvtfd.obj (.text:__mspabi_cvtfd)
                  0000e228    0000005e                     : copy_decompress_rle.obj (.text:__TI_decompress_rle_core)
                  0000e286    0000005e                     : autoinit.obj (.text:_auto_init)
                  0000e2e4    0000005c                     : lsr32.obj (.text:l_lsr_const)
                  0000e340    00000052     main.obj (.text:timer_b0)
                  0000e392    00000050     can.obj (.text:can_write_tx)
                  0000e3e2    0000004c     rts430_eabi.lib : lsr16.obj (.text)
                  0000e42e    0000004a                     : fs_cmp.obj (.text)
                  0000e478    00000040     can.obj (.text:can_write)
                  0000e4b8    00000040     main.obj (.text:io_init)
                  0000e4f8    0000003e     rts430_eabi.lib : asr32.obj (.text:l_asr_const)
                  0000e536    0000003e                     : lsl32.obj (.text:l_lsl_const)
                  0000e574    0000003c     can.obj (.text:can_read)
                  0000e5b0    00000036     rts430_eabi.lib : subd.obj (.text:__mspabi_subd)
                  0000e5e6    00000036     spi.obj (.text:spi_init)
                  0000e61c    00000032     can.obj (.text:can_mod)
                  0000e64e    00000032     main.obj (.text:timerA_init)
                  0000e680    0000002c     main.obj (.text:clock_init)
                  0000e6ac    0000002c     rts430_eabi.lib : asr16.obj (.text)
                  0000e6d8    0000002c                     : lsl16.obj (.text)
                  0000e704    0000002a     can.obj (.text:can_rts)
                  0000e72e    00000026     rts430_eabi.lib : mult32.obj (.text)
                  0000e754    00000024     main.obj (.text:adc_init)
                  0000e778    00000024     rts430_eabi.lib : fs_utof.obj (.text)
                  0000e79c    0000001a                     : boot.obj (.text:_c_int00_noexit)
                  0000e7b6    0000001a     main.obj (.text:timerB_init)
                  0000e7d0    00000018     can.obj (.text:can_read_status)
                  0000e7e8    00000014     rts430_eabi.lib : copy_zero_init.obj (.text:decompress:ZI:__TI_zero_init)
                  0000e7fc    00000012     can.obj (.text:can_reset)
                  0000e80e    00000012     rts430_eabi.lib : copy_decompress_none.obj (.text:decompress:none:__TI_decompress_none)
                  0000e820    00000012                     : lsr32.obj (.text:l_lsr)
                  0000e832    00000012                     : memcpy.obj (.text:memcpy)
                  0000e844    00000012     spi.obj (.text:spi_exchange)
                  0000e856    00000012     spi.obj (.text:spi_transmit)
                  0000e868    00000010     rts430_eabi.lib : asr32.obj (.text:l_asr)
                  0000e878    00000010                     : lsl32.obj (.text:l_lsl)
                  0000e888    00000010                     : epilog.obj (.text)
                  0000e898    00000006                     : isr_trap.obj (.text:__TI_ISR_TRAP)
                  0000e89e    00000006                     : copy_decompress_rle.obj (.text:decompress:rle24:__TI_decompress_rle24)
                  0000e8a4    00000004                     : pre_init.obj (.text:_system_pre_init)
                  0000e8a8    00000004                     : exit.obj (.text:abort)

.cinit     0    0000e8ac    00000026     
                  0000e8ac    00000014     (.cinit..data.load) [load image, compression = rle]
                  0000e8c0    00000006     (__TI_handler_table)
                  0000e8c6    00000004     (.cinit..bss.load) [load image, compression = zero_init]
                  0000e8ca    00000008     (__TI_cinit_table)

PORT2      0    0000ffe2    00000002     
                  0000ffe2    00000002     rts430_eabi.lib : int01.obj (.int01)

PORT1      0    0000ffe8    00000002     
                  0000ffe8    00000002     rts430_eabi.lib : int04.obj (.int04)

TIMERA1    0    0000ffea    00000002     
                  0000ffea    00000002     rts430_eabi.lib : int05.obj (.int05)

TIMERA0    0    0000ffec    00000002     
                  0000ffec    00000002     rts430_eabi.lib : int06.obj (.int06)

ADC12      0    0000ffee    00000002     
                  0000ffee    00000002     rts430_eabi.lib : int07.obj (.int07)

USART0TX   0    0000fff0    00000002     
                  0000fff0    00000002     rts430_eabi.lib : int08.obj (.int08)

USART0RX   0    0000fff2    00000002     
                  0000fff2    00000002     rts430_eabi.lib : int09.obj (.int09)

WDT        0    0000fff4    00000002     
                  0000fff4    00000002     rts430_eabi.lib : int10.obj (.int10)

COMPARATORA 
*          0    0000fff6    00000002     
                  0000fff6    00000002     rts430_eabi.lib : int11.obj (.int11)

TIMERB1    0    0000fff8    00000002     
                  0000fff8    00000002     rts430_eabi.lib : int12.obj (.int12)

TIMERB0    0    0000fffa    00000002     
                  0000fffa    00000002     main.obj (.int13)

NMI        0    0000fffc    00000002     
                  0000fffc    00000002     rts430_eabi.lib : int14.obj (.int14)

.reset     0    0000fffe    00000002     
                  0000fffe    00000002     rts430_eabi.lib : boot.obj (.reset)


LINKER GENERATED COPY TABLES

__TI_cinit_table @ 0000e8ca records: 2, size/record: 4, table size: 8
	.data: load addr=0000e8ac, load size=00000014 bytes, run addr=00000200, run size=0000005c bytes, compression=rle
	.bss: load addr=0000e8c6, load size=00000004 bytes, run addr=0000025c, run size=00000035 bytes, compression=zero_init


LINKER GENERATED HANDLER TABLE

__TI_handler_table @ 0000e8c0 records: 3, size/record: 2, table size: 6
	index: 0, handler: __TI_zero_init
	index: 1, handler: __TI_decompress_rle24
	index: 2, handler: __TI_decompress_none


GLOBAL SYMBOLS: SORTED ALPHABETICALLY BY Name 

address    name
--------   ----
000001a0   ADC12CTL0
000001a2   ADC12CTL1
000001a6   ADC12IE
000001a4   ADC12IFG
000001a8   ADC12IV
00000080   ADC12MCTL0
00000081   ADC12MCTL1
0000008a   ADC12MCTL10
0000008b   ADC12MCTL11
0000008c   ADC12MCTL12
0000008d   ADC12MCTL13
0000008e   ADC12MCTL14
0000008f   ADC12MCTL15
00000082   ADC12MCTL2
00000083   ADC12MCTL3
00000084   ADC12MCTL4
00000085   ADC12MCTL5
00000086   ADC12MCTL6
00000087   ADC12MCTL7
00000088   ADC12MCTL8
00000089   ADC12MCTL9
00000140   ADC12MEM0
00000142   ADC12MEM1
00000154   ADC12MEM10
00000156   ADC12MEM11
00000158   ADC12MEM12
0000015a   ADC12MEM13
0000015c   ADC12MEM14
0000015e   ADC12MEM15
00000144   ADC12MEM2
00000146   ADC12MEM3
00000148   ADC12MEM4
0000014a   ADC12MEM5
0000014c   ADC12MEM6
0000014e   ADC12MEM7
00000150   ADC12MEM8
00000152   ADC12MEM9
00000057   BCSCTL1
00000058   BCSCTL2
0000e8a8   C$$EXIT
00000059   CACTL1
0000005a   CACTL2
0000005b   CAPD
00000056   DCOCTL
00000128   FCTL1
0000012a   FCTL2
0000012c   FCTL3
00000000   IE1
00000002   IFG1
00000004   ME1
00000022   P1DIR
00000025   P1IE
00000024   P1IES
00000023   P1IFG
00000020   P1IN
00000021   P1OUT
00000026   P1SEL
0000002a   P2DIR
0000002d   P2IE
0000002c   P2IES
0000002b   P2IFG
00000028   P2IN
00000029   P2OUT
0000002e   P2SEL
0000001a   P3DIR
00000018   P3IN
00000019   P3OUT
0000001b   P3SEL
0000001e   P4DIR
0000001c   P4IN
0000001d   P4OUT
0000001f   P4SEL
00000032   P5DIR
00000030   P5IN
00000031   P5OUT
00000033   P5SEL
00000036   P6DIR
00000034   P6IN
00000035   P6OUT
00000037   P6SEL
00000172   TACCR0
00000174   TACCR1
00000176   TACCR2
00000162   TACCTL0
00000164   TACCTL1
00000166   TACCTL2
00000160   TACTL
0000012e   TAIV
00000170   TAR
00000192   TBCCR0
00000194   TBCCR1
00000196   TBCCR2
00000182   TBCCTL0
00000184   TBCCTL1
00000186   TBCCTL2
00000180   TBCTL
0000011e   TBIV
00000190   TBR
00000074   U0BR0
00000075   U0BR1
00000070   U0CTL
00000073   U0MCTL
00000072   U0RCTL
00000076   U0RXBUF
00000071   U0TCTL
00000077   U0TXBUF
00000120   WDTCTL
00000400   __STACK_END
00000050   __STACK_SIZE
0000e8ca   __TI_CINIT_Base
0000e8d2   __TI_CINIT_Limit
0000e8c0   __TI_Handler_Table_Base
0000e8c6   __TI_Handler_Table_Limit
UNDEFED    __TI_INITARRAY_Base
UNDEFED    __TI_INITARRAY_Limit
0000e898   __TI_ISR_TRAP
00000001   __TI_args_main
0000e80e   __TI_decompress_none
0000e89e   __TI_decompress_rle24
00000001   __TI_exit
0000d46c   __TI_frcaddd
0000ce8c   __TI_frcmpyd
0000ffe2   __TI_int01
0000ffe8   __TI_int04
0000ffea   __TI_int05
0000ffec   __TI_int06
0000ffee   __TI_int07
0000fff0   __TI_int08
0000fff2   __TI_int09
0000fff4   __TI_int10
0000fff6   __TI_int11
0000fff8   __TI_int12
0000fffa   __TI_int13
0000fffc   __TI_int14
0000dfa6   __TI_renormd
0000e7e8   __TI_zero_init
ffffffff   __binit__
ffffffff   __c_args__
0000d184   __mspabi_addd
0000dd70   __mspabi_addf
0000dc32   __mspabi_cmpd
0000e42e   __mspabi_cmpf
0000e066   __mspabi_cvtdf
0000e1a8   __mspabi_cvtfd
0000e10e   __mspabi_divf
0000e778   __mspabi_fltuf
0000e894   __mspabi_func_epilog_1
0000e892   __mspabi_func_epilog_2
0000e890   __mspabi_func_epilog_3
0000e88e   __mspabi_func_epilog_4
0000e88c   __mspabi_func_epilog_5
0000e88a   __mspabi_func_epilog_6
0000e888   __mspabi_func_epilog_7
0000d6da   __mspabi_mpyd
0000e72e   __mspabi_mpyl
0000e6d8   __mspabi_slli
0000e700   __mspabi_slli_1
0000e6ee   __mspabi_slli_10
0000e6ec   __mspabi_slli_11
0000e6ea   __mspabi_slli_12
0000e6e8   __mspabi_slli_13
0000e6e6   __mspabi_slli_14
0000e6e4   __mspabi_slli_15
0000e6fe   __mspabi_slli_2
0000e6fc   __mspabi_slli_3
0000e6fa   __mspabi_slli_4
0000e6f8   __mspabi_slli_5
0000e6f6   __mspabi_slli_6
0000e6f4   __mspabi_slli_7
0000e6f2   __mspabi_slli_8
0000e6f0   __mspabi_slli_9
0000e878   __mspabi_slll
0000e56e   __mspabi_slll_1
0000e54a   __mspabi_slll_10
0000e546   __mspabi_slll_11
0000e542   __mspabi_slll_12
0000e53e   __mspabi_slll_13
0000e53a   __mspabi_slll_14
0000e536   __mspabi_slll_15
0000e56a   __mspabi_slll_2
0000e566   __mspabi_slll_3
0000e562   __mspabi_slll_4
0000e55e   __mspabi_slll_5
0000e55a   __mspabi_slll_6
0000e556   __mspabi_slll_7
0000e552   __mspabi_slll_8
0000e54e   __mspabi_slll_9
0000e6ac   __mspabi_srai
0000e6d4   __mspabi_srai_1
0000e6c2   __mspabi_srai_10
0000e6c0   __mspabi_srai_11
0000e6be   __mspabi_srai_12
0000e6bc   __mspabi_srai_13
0000e6ba   __mspabi_srai_14
0000e6b8   __mspabi_srai_15
0000e6d2   __mspabi_srai_2
0000e6d0   __mspabi_srai_3
0000e6ce   __mspabi_srai_4
0000e6cc   __mspabi_srai_5
0000e6ca   __mspabi_srai_6
0000e6c8   __mspabi_srai_7
0000e6c6   __mspabi_srai_8
0000e6c4   __mspabi_srai_9
0000e868   __mspabi_sral
0000e530   __mspabi_sral_1
0000e50c   __mspabi_sral_10
0000e508   __mspabi_sral_11
0000e504   __mspabi_sral_12
0000e500   __mspabi_sral_13
0000e4fc   __mspabi_sral_14
0000e4f8   __mspabi_sral_15
0000e52c   __mspabi_sral_2
0000e528   __mspabi_sral_3
0000e524   __mspabi_sral_4
0000e520   __mspabi_sral_5
0000e51c   __mspabi_sral_6
0000e518   __mspabi_sral_7
0000e514   __mspabi_sral_8
0000e510   __mspabi_sral_9
0000e3e2   __mspabi_srli
0000e428   __mspabi_srli_1
0000e404   __mspabi_srli_10
0000e400   __mspabi_srli_11
0000e3fc   __mspabi_srli_12
0000e3f8   __mspabi_srli_13
0000e3f4   __mspabi_srli_14
0000e3f0   __mspabi_srli_15
0000e424   __mspabi_srli_2
0000e420   __mspabi_srli_3
0000e41c   __mspabi_srli_4
0000e418   __mspabi_srli_5
0000e414   __mspabi_srli_6
0000e410   __mspabi_srli_7
0000e40c   __mspabi_srli_8
0000e408   __mspabi_srli_9
0000e820   __mspabi_srll
0000e338   __mspabi_srll_1
0000e302   __mspabi_srll_10
0000e2fc   __mspabi_srll_11
0000e2f6   __mspabi_srll_12
0000e2f0   __mspabi_srll_13
0000e2ea   __mspabi_srll_14
0000e2e4   __mspabi_srll_15
0000e332   __mspabi_srll_2
0000e32c   __mspabi_srll_3
0000e326   __mspabi_srll_4
0000e320   __mspabi_srll_5
0000e31a   __mspabi_srll_6
0000e314   __mspabi_srll_7
0000e30e   __mspabi_srll_8
0000e308   __mspabi_srll_9
0000e5b0   __mspabi_subd
0000dd6a   __mspabi_subf
0000e286   _auto_init
0000e79c   _c_int00
0000e79c   _c_int00_noexit
0000fffe   _reset_vector
000003b0   _stack
0000e8a4   _system_pre_init
0000e8a8   abort
00000202   activity_flag
00000212   actual_current
00000216   actual_current1
0000021a   actual_current2
00000206   actual_velocity
0000020a   actual_velocity1
0000020e   actual_velocity2
0000e754   adc_init
00000236   adcvalue1
00000238   adcvalue2
00000232   avg_set_current
ffffffff   binit
00000200   blink_flag
0000024c   blink_left
0000024d   blink_right
0000028b   bps_char0
0000028c   bps_char1
0000028d   bps_char2
0000028e   bps_char3
00000278   bps_long
00000204   bps_precharge_done
0000023c   brake
0000025c   buffer
0000026c   can
0000de9a   can_init
0000e61c   can_mod
0000e574   can_read
0000e7d0   can_read_status
0000d930   can_receive
0000e7fc   can_reset
0000e704   can_rts
0000dabe   can_transmit
0000e478   can_write
0000e392   can_write_tx
0000e680   clock_init
00000250   comms_event_count
00000201   comms_flag
0000023f   cruise
00000246   cruise_current
0000024a   cruise_steps
00000242   cruise_velocity
0000027c   dcMODE
00000252   debounceEncoder1
0000023d   enable
0000028f   enc1_new
00000290   enc1_old
0000024e   encoder1
00000203   input_flag
0000e4b8   io_init
0000c000   main
0000e832   memcpy
00000240   moving
0000023b   regen
00000226   request_current
0000023a   reverse
0000022e   set_bus_current
00000222   set_current
0000021e   set_velocity
0000e844   spi_exchange
0000e5e6   spi_init
0000e856   spi_transmit
0000027e   switches_dif
00000280   switches_dif_save
00000282   switches_new
00000284   switches_old
00000286   switches_out_dif
00000288   switches_out_new
0000e64e   timerA_init
0000e7b6   timerB_init
0000e340   timer_b0
0000022a   turtle_current
0000023e   turtle_mode


GLOBAL SYMBOLS: SORTED BY Symbol Address 

address    name
--------   ----
00000000   IE1
00000001   __TI_args_main
00000001   __TI_exit
00000002   IFG1
00000004   ME1
00000018   P3IN
00000019   P3OUT
0000001a   P3DIR
0000001b   P3SEL
0000001c   P4IN
0000001d   P4OUT
0000001e   P4DIR
0000001f   P4SEL
00000020   P1IN
00000021   P1OUT
00000022   P1DIR
00000023   P1IFG
00000024   P1IES
00000025   P1IE
00000026   P1SEL
00000028   P2IN
00000029   P2OUT
0000002a   P2DIR
0000002b   P2IFG
0000002c   P2IES
0000002d   P2IE
0000002e   P2SEL
00000030   P5IN
00000031   P5OUT
00000032   P5DIR
00000033   P5SEL
00000034   P6IN
00000035   P6OUT
00000036   P6DIR
00000037   P6SEL
00000050   __STACK_SIZE
00000056   DCOCTL
00000057   BCSCTL1
00000058   BCSCTL2
00000059   CACTL1
0000005a   CACTL2
0000005b   CAPD
00000070   U0CTL
00000071   U0TCTL
00000072   U0RCTL
00000073   U0MCTL
00000074   U0BR0
00000075   U0BR1
00000076   U0RXBUF
00000077   U0TXBUF
00000080   ADC12MCTL0
00000081   ADC12MCTL1
00000082   ADC12MCTL2
00000083   ADC12MCTL3
00000084   ADC12MCTL4
00000085   ADC12MCTL5
00000086   ADC12MCTL6
00000087   ADC12MCTL7
00000088   ADC12MCTL8
00000089   ADC12MCTL9
0000008a   ADC12MCTL10
0000008b   ADC12MCTL11
0000008c   ADC12MCTL12
0000008d   ADC12MCTL13
0000008e   ADC12MCTL14
0000008f   ADC12MCTL15
0000011e   TBIV
00000120   WDTCTL
00000128   FCTL1
0000012a   FCTL2
0000012c   FCTL3
0000012e   TAIV
00000140   ADC12MEM0
00000142   ADC12MEM1
00000144   ADC12MEM2
00000146   ADC12MEM3
00000148   ADC12MEM4
0000014a   ADC12MEM5
0000014c   ADC12MEM6
0000014e   ADC12MEM7
00000150   ADC12MEM8
00000152   ADC12MEM9
00000154   ADC12MEM10
00000156   ADC12MEM11
00000158   ADC12MEM12
0000015a   ADC12MEM13
0000015c   ADC12MEM14
0000015e   ADC12MEM15
00000160   TACTL
00000162   TACCTL0
00000164   TACCTL1
00000166   TACCTL2
00000170   TAR
00000172   TACCR0
00000174   TACCR1
00000176   TACCR2
00000180   TBCTL
00000182   TBCCTL0
00000184   TBCCTL1
00000186   TBCCTL2
00000190   TBR
00000192   TBCCR0
00000194   TBCCR1
00000196   TBCCR2
000001a0   ADC12CTL0
000001a2   ADC12CTL1
000001a4   ADC12IFG
000001a6   ADC12IE
000001a8   ADC12IV
00000200   blink_flag
00000201   comms_flag
00000202   activity_flag
00000203   input_flag
00000204   bps_precharge_done
00000206   actual_velocity
0000020a   actual_velocity1
0000020e   actual_velocity2
00000212   actual_current
00000216   actual_current1
0000021a   actual_current2
0000021e   set_velocity
00000222   set_current
00000226   request_current
0000022a   turtle_current
0000022e   set_bus_current
00000232   avg_set_current
00000236   adcvalue1
00000238   adcvalue2
0000023a   reverse
0000023b   regen
0000023c   brake
0000023d   enable
0000023e   turtle_mode
0000023f   cruise
00000240   moving
00000242   cruise_velocity
00000246   cruise_current
0000024a   cruise_steps
0000024c   blink_left
0000024d   blink_right
0000024e   encoder1
00000250   comms_event_count
00000252   debounceEncoder1
0000025c   buffer
0000026c   can
00000278   bps_long
0000027c   dcMODE
0000027e   switches_dif
00000280   switches_dif_save
00000282   switches_new
00000284   switches_old
00000286   switches_out_dif
00000288   switches_out_new
0000028b   bps_char0
0000028c   bps_char1
0000028d   bps_char2
0000028e   bps_char3
0000028f   enc1_new
00000290   enc1_old
000003b0   _stack
00000400   __STACK_END
0000c000   main
0000ce8c   __TI_frcmpyd
0000d184   __mspabi_addd
0000d46c   __TI_frcaddd
0000d6da   __mspabi_mpyd
0000d930   can_receive
0000dabe   can_transmit
0000dc32   __mspabi_cmpd
0000dd6a   __mspabi_subf
0000dd70   __mspabi_addf
0000de9a   can_init
0000dfa6   __TI_renormd
0000e066   __mspabi_cvtdf
0000e10e   __mspabi_divf
0000e1a8   __mspabi_cvtfd
0000e286   _auto_init
0000e2e4   __mspabi_srll_15
0000e2ea   __mspabi_srll_14
0000e2f0   __mspabi_srll_13
0000e2f6   __mspabi_srll_12
0000e2fc   __mspabi_srll_11
0000e302   __mspabi_srll_10
0000e308   __mspabi_srll_9
0000e30e   __mspabi_srll_8
0000e314   __mspabi_srll_7
0000e31a   __mspabi_srll_6
0000e320   __mspabi_srll_5
0000e326   __mspabi_srll_4
0000e32c   __mspabi_srll_3
0000e332   __mspabi_srll_2
0000e338   __mspabi_srll_1
0000e340   timer_b0
0000e392   can_write_tx
0000e3e2   __mspabi_srli
0000e3f0   __mspabi_srli_15
0000e3f4   __mspabi_srli_14
0000e3f8   __mspabi_srli_13
0000e3fc   __mspabi_srli_12
0000e400   __mspabi_srli_11
0000e404   __mspabi_srli_10
0000e408   __mspabi_srli_9
0000e40c   __mspabi_srli_8
0000e410   __mspabi_srli_7
0000e414   __mspabi_srli_6
0000e418   __mspabi_srli_5
0000e41c   __mspabi_srli_4
0000e420   __mspabi_srli_3
0000e424   __mspabi_srli_2
0000e428   __mspabi_srli_1
0000e42e   __mspabi_cmpf
0000e478   can_write
0000e4b8   io_init
0000e4f8   __mspabi_sral_15
0000e4fc   __mspabi_sral_14
0000e500   __mspabi_sral_13
0000e504   __mspabi_sral_12
0000e508   __mspabi_sral_11
0000e50c   __mspabi_sral_10
0000e510   __mspabi_sral_9
0000e514   __mspabi_sral_8
0000e518   __mspabi_sral_7
0000e51c   __mspabi_sral_6
0000e520   __mspabi_sral_5
0000e524   __mspabi_sral_4
0000e528   __mspabi_sral_3
0000e52c   __mspabi_sral_2
0000e530   __mspabi_sral_1
0000e536   __mspabi_slll_15
0000e53a   __mspabi_slll_14
0000e53e   __mspabi_slll_13
0000e542   __mspabi_slll_12
0000e546   __mspabi_slll_11
0000e54a   __mspabi_slll_10
0000e54e   __mspabi_slll_9
0000e552   __mspabi_slll_8
0000e556   __mspabi_slll_7
0000e55a   __mspabi_slll_6
0000e55e   __mspabi_slll_5
0000e562   __mspabi_slll_4
0000e566   __mspabi_slll_3
0000e56a   __mspabi_slll_2
0000e56e   __mspabi_slll_1
0000e574   can_read
0000e5b0   __mspabi_subd
0000e5e6   spi_init
0000e61c   can_mod
0000e64e   timerA_init
0000e680   clock_init
0000e6ac   __mspabi_srai
0000e6b8   __mspabi_srai_15
0000e6ba   __mspabi_srai_14
0000e6bc   __mspabi_srai_13
0000e6be   __mspabi_srai_12
0000e6c0   __mspabi_srai_11
0000e6c2   __mspabi_srai_10
0000e6c4   __mspabi_srai_9
0000e6c6   __mspabi_srai_8
0000e6c8   __mspabi_srai_7
0000e6ca   __mspabi_srai_6
0000e6cc   __mspabi_srai_5
0000e6ce   __mspabi_srai_4
0000e6d0   __mspabi_srai_3
0000e6d2   __mspabi_srai_2
0000e6d4   __mspabi_srai_1
0000e6d8   __mspabi_slli
0000e6e4   __mspabi_slli_15
0000e6e6   __mspabi_slli_14
0000e6e8   __mspabi_slli_13
0000e6ea   __mspabi_slli_12
0000e6ec   __mspabi_slli_11
0000e6ee   __mspabi_slli_10
0000e6f0   __mspabi_slli_9
0000e6f2   __mspabi_slli_8
0000e6f4   __mspabi_slli_7
0000e6f6   __mspabi_slli_6
0000e6f8   __mspabi_slli_5
0000e6fa   __mspabi_slli_4
0000e6fc   __mspabi_slli_3
0000e6fe   __mspabi_slli_2
0000e700   __mspabi_slli_1
0000e704   can_rts
0000e72e   __mspabi_mpyl
0000e754   adc_init
0000e778   __mspabi_fltuf
0000e79c   _c_int00
0000e79c   _c_int00_noexit
0000e7b6   timerB_init
0000e7d0   can_read_status
0000e7e8   __TI_zero_init
0000e7fc   can_reset
0000e80e   __TI_decompress_none
0000e820   __mspabi_srll
0000e832   memcpy
0000e844   spi_exchange
0000e856   spi_transmit
0000e868   __mspabi_sral
0000e878   __mspabi_slll
0000e888   __mspabi_func_epilog_7
0000e88a   __mspabi_func_epilog_6
0000e88c   __mspabi_func_epilog_5
0000e88e   __mspabi_func_epilog_4
0000e890   __mspabi_func_epilog_3
0000e892   __mspabi_func_epilog_2
0000e894   __mspabi_func_epilog_1
0000e898   __TI_ISR_TRAP
0000e89e   __TI_decompress_rle24
0000e8a4   _system_pre_init
0000e8a8   C$$EXIT
0000e8a8   abort
0000e8c0   __TI_Handler_Table_Base
0000e8c6   __TI_Handler_Table_Limit
0000e8ca   __TI_CINIT_Base
0000e8d2   __TI_CINIT_Limit
0000ffe2   __TI_int01
0000ffe8   __TI_int04
0000ffea   __TI_int05
0000ffec   __TI_int06
0000ffee   __TI_int07
0000fff0   __TI_int08
0000fff2   __TI_int09
0000fff4   __TI_int10
0000fff6   __TI_int11
0000fff8   __TI_int12
0000fffa   __TI_int13
0000fffc   __TI_int14
0000fffe   _reset_vector
ffffffff   __binit__
ffffffff   __c_args__
ffffffff   binit
UNDEFED    __TI_INITARRAY_Base
UNDEFED    __TI_INITARRAY_Limit

[332 symbols]
