******************************************************************************
                  MSP430 Linker PC v15.12.3                    
******************************************************************************
>> Linked Wed Jul 13 12:17:31 2016

OUTPUT FILE NAME:   <DC_Sys_CM.out>
ENTRY POINT SYMBOL: "_c_int00_noargs_noexit"  address: 0000e810


MEMORY CONFIGURATION

         name            origin    length      used     unused   attr    fill
----------------------  --------  ---------  --------  --------  ----  --------
  SFR                   00000000   00000010  00000000  00000010  RWIX
  PERIPHERALS_8BIT      00000010   000000f0  00000000  000000f0  RWIX
  PERIPHERALS_16BIT     00000100   00000100  00000000  00000100  RWIX
  RAM                   00000200   00000200  000000e1  0000011f  RWIX
  INFOB                 00001000   00000080  00000000  00000080  RWIX
  INFOA                 00001080   00000080  00000000  00000080  RWIX
  FLASH                 0000c000   00003fe0  00002950  00001690  RWIX
  INT00                 0000ffe0   00000002  00000000  00000002  RWIX
  INT01                 0000ffe2   00000002  00000002  00000000  RWIX
  INT02                 0000ffe4   00000002  00000000  00000002  RWIX
  INT03                 0000ffe6   00000002  00000000  00000002  RWIX
  INT04                 0000ffe8   00000002  00000002  00000000  RWIX
  INT05                 0000ffea   00000002  00000002  00000000  RWIX
  INT06                 0000ffec   00000002  00000002  00000000  RWIX
  INT07                 0000ffee   00000002  00000002  00000000  RWIX
  INT08                 0000fff0   00000002  00000002  00000000  RWIX
  INT09                 0000fff2   00000002  00000002  00000000  RWIX
  INT10                 0000fff4   00000002  00000002  00000000  RWIX
  INT11                 0000fff6   00000002  00000002  00000000  RWIX
  INT12                 0000fff8   00000002  00000002  00000000  RWIX
  INT13                 0000fffa   00000002  00000002  00000000  RWIX
  INT14                 0000fffc   00000002  00000002  00000000  RWIX
  RESET                 0000fffe   00000002  00000002  00000000  RWIX


SECTION ALLOCATION MAP

 output                                  attributes/
section   page    origin      length       input sections
--------  ----  ----------  ----------   ----------------
.data      0    00000200    0000005c     UNINITIALIZED
                  00000200    00000056     main.obj (.data)
                  00000256    00000006     can.obj (.data:buf_addr$1)

.bss       0    0000025c    00000035     UNINITIALIZED
                  0000025c    00000010     (.common:buffer)
                  0000026c    0000000c     (.common:can)
                  00000278    00000004     (.common:bps_long)
                  0000027c    00000002     (.common:dcMODE)
                  0000027e    00000002     (.common:switches_dif)
                  00000280    00000002     (.common:switches_dif_save)
                  00000282    00000002     (.common:switches_new)
                  00000284    00000002     (.common:switches_old)
                  00000286    00000002     (.common:switches_out_dif)
                  00000288    00000002     (.common:switches_out_new)
                  0000028a    00000001     main.obj (.bss)
                  0000028b    00000001     (.common:bps_char0)
                  0000028c    00000001     (.common:bps_char1)
                  0000028d    00000001     (.common:bps_char2)
                  0000028e    00000001     (.common:bps_char3)
                  0000028f    00000001     (.common:enc1_new)
                  00000290    00000001     (.common:enc1_old)

.stack     0    000003b0    00000050     UNINITIALIZED
                  000003b0    00000002     rts430_eabi.lib : boot.obj (.stack)
                  000003b2    0000004e     --HOLE--

.text      0    0000c000    00002926     
                  0000c000    00000f16     main.obj (.text:main)
                  0000cf16    000002f4     rts430_eabi.lib : frcmpyd.obj (.text:__TI_frcmpyd)
                  0000d20a    000002e8                     : addd.obj (.text:__mspabi_addd)
                  0000d4f2    0000026e                     : mpyd.obj (.text:__mspabi_mpyd)
                  0000d760    00000260                     : frcaddd.obj (.text:__TI_frcaddd)
                  0000d9c0    0000018e     can.obj (.text:can_receive)
                  0000db4e    00000174     can.obj (.text:can_transmit)
                  0000dcc2    00000132     rts430_eabi.lib : fs_add.obj (.text)
                  0000ddf4    0000010c     can.obj (.text:can_init)
                  0000df00    000000dc     rts430_eabi.lib : cmpd.obj (.text:__mspabi_cmpd)
                  0000dfdc    000000be                     : renormd.obj (.text:__TI_renormd)
                  0000e09a    0000009c                     : fs_div.obj (.text)
                  0000e136    0000008c                     : cvtdf.obj (.text:__mspabi_cvtdf)
                  0000e1c2    00000072                     : cvtfd.obj (.text:__mspabi_cvtfd)
                  0000e234    0000006e                     : autoinit.obj (.text:_auto_init)
                  0000e2a2    00000064                     : copy_decompress_rle.obj (.text:__TI_decompress_rle_core)
                  0000e306    0000005c                     : lsr32.obj (.text:l_lsr_const)
                  0000e362    0000005a                     : cpy_tbl.obj (.text:copy_in)
                  0000e3bc    00000052     main.obj (.text:timer_b0)
                  0000e40e    00000050     can.obj (.text:can_write_tx)
                  0000e45e    0000004c     rts430_eabi.lib : lsr16.obj (.text)
                  0000e4aa    0000004a                     : fs_cmp.obj (.text)
                  0000e4f4    00000040     can.obj (.text:can_write)
                  0000e534    00000040     main.obj (.text:io_init)
                  0000e574    0000003e     rts430_eabi.lib : asr32.obj (.text:l_asr_const)
                  0000e5b2    0000003e                     : lsl32.obj (.text:l_lsl_const)
                  0000e5f0    0000003c     can.obj (.text:can_read)
                  0000e62c    00000036     spi.obj (.text:spi_init)
                  0000e662    00000032     can.obj (.text:can_mod)
                  0000e694    00000032     main.obj (.text:timerA_init)
                  0000e6c6    0000002e     rts430_eabi.lib : subd.obj (.text:__mspabi_subd)
                  0000e6f4    0000002c     main.obj (.text:clock_init)
                  0000e720    0000002c     rts430_eabi.lib : asr16.obj (.text)
                  0000e74c    0000002c                     : lsl16.obj (.text)
                  0000e778    0000002a     can.obj (.text:can_rts)
                  0000e7a2    00000026     rts430_eabi.lib : mult32.obj (.text)
                  0000e7c8    00000024     main.obj (.text:adc_init)
                  0000e7ec    00000024     rts430_eabi.lib : fs_utof.obj (.text)
                  0000e810    0000001a                     : boot_special.obj (.text:_c_int00_noargs_noexit)
                  0000e82a    0000001a     main.obj (.text:timerB_init)
                  0000e844    00000018     can.obj (.text:can_read_status)
                  0000e85c    00000014     rts430_eabi.lib : mult16.obj (.text)
                  0000e870    00000012     can.obj (.text:can_reset)
                  0000e882    00000012     rts430_eabi.lib : copy_decompress_none.obj (.text:decompress:none:__TI_decompress_none)
                  0000e894    00000012                     : lsr32.obj (.text:l_lsr)
                  0000e8a6    00000012                     : memcpy.obj (.text:memcpy)
                  0000e8b8    00000012     spi.obj (.text:spi_exchange)
                  0000e8ca    00000012     spi.obj (.text:spi_transmit)
                  0000e8dc    00000010     rts430_eabi.lib : asr32.obj (.text:l_asr)
                  0000e8ec    00000010                     : lsl32.obj (.text:l_lsl)
                  0000e8fc    00000010                     : epilog.obj (.text)
                  0000e90c    00000008                     : isr_trap.obj (.text:_isr:__TI_ISR_TRAP)
                  0000e914    00000006                     : exit.obj (.text:abort)
                  0000e91a    00000006                     : copy_decompress_rle.obj (.text:decompress:rle24:__TI_decompress_rle24)
                  0000e920    00000004                     : pre_init.obj (.text:_system_pre_init)
                  0000e924    00000002                     : startup.obj (.text:_system_post_cinit)

.cinit     0    0000e926    0000002a     
                  0000e926    00000014     (.cinit..data.load) [load image, compression = rle]
                  0000e93a    00000009     (.cinit..bss.load) [load image, compression = rle]
                  0000e943    00000001     --HOLE-- [fill = 0]
                  0000e944    00000004     (__TI_handler_table)
                  0000e948    00000008     (__TI_cinit_table)

.init_array 
*          0    0000c000    00000000     UNINITIALIZED

PORT2      0    0000ffe2    00000002     
                  0000ffe2    00000002     rts430_eabi.lib : int01.obj (.int01)

PORT1      0    0000ffe8    00000002     
                  0000ffe8    00000002     rts430_eabi.lib : int04.obj (.int04)

TIMERA1    0    0000ffea    00000002     
                  0000ffea    00000002     rts430_eabi.lib : int05.obj (.int05)

TIMERA0    0    0000ffec    00000002     
                  0000ffec    00000002     rts430_eabi.lib : int06.obj (.int06)

ADC12      0    0000ffee    00000002     
                  0000ffee    00000002     rts430_eabi.lib : int07.obj (.int07)

USART0TX   0    0000fff0    00000002     
                  0000fff0    00000002     rts430_eabi.lib : int08.obj (.int08)

USART0RX   0    0000fff2    00000002     
                  0000fff2    00000002     rts430_eabi.lib : int09.obj (.int09)

WDT        0    0000fff4    00000002     
                  0000fff4    00000002     rts430_eabi.lib : int10.obj (.int10)

COMPARATORA 
*          0    0000fff6    00000002     
                  0000fff6    00000002     rts430_eabi.lib : int11.obj (.int11)

TIMERB1    0    0000fff8    00000002     
                  0000fff8    00000002     rts430_eabi.lib : int12.obj (.int12)

TIMERB0    0    0000fffa    00000002     
                  0000fffa    00000002     main.obj (.int13)

NMI        0    0000fffc    00000002     
                  0000fffc    00000002     rts430_eabi.lib : int14.obj (.int14)

.reset     0    0000fffe    00000002     
                  0000fffe    00000002     rts430_eabi.lib : boot.obj (.reset)

MODULE SUMMARY

       Module                     code    ro data   rw data
       ------                     ----    -------   -------
    .\
       main.obj                   4164    2         111    
       can.obj                    1376    0         34     
       spi.obj                    90      0         0      
    +--+--------------------------+-------+---------+---------+
       Total:                     5630    2         145    
                                                           
    C:\ti\ccsv6\tools\compiler\msp430_15.12.3.LTS\lib\rts430_eabi.lib
       frcmpyd.obj                756     0         0      
       addd.obj                   744     0         0      
       mpyd.obj                   622     0         0      
       frcaddd.obj                608     0         0      
       fs_add.obj                 306     0         0      
       cmpd.obj                   220     0         0      
       renormd.obj                190     0         0      
       fs_div.obj                 156     0         0      
       cvtdf.obj                  140     0         0      
       cvtfd.obj                  114     0         0      
       autoinit.obj               110     0         0      
       lsr32.obj                  110     0         0      
       copy_decompress_rle.obj    106     0         0      
       cpy_tbl.obj                90      0         0      
       asr32.obj                  78      0         0      
       lsl32.obj                  78      0         0      
       lsr16.obj                  76      0         0      
       fs_cmp.obj                 74      0         0      
       subd.obj                   46      0         0      
       asr16.obj                  44      0         0      
       lsl16.obj                  44      0         0      
       mult32.obj                 38      0         0      
       fs_utof.obj                36      0         0      
       boot_special.obj           26      0         0      
       mult16.obj                 20      0         0      
       copy_decompress_none.obj   18      0         0      
       memcpy.obj                 18      0         0      
       epilog.obj                 16      0         0      
       isr_trap.obj               8       0         0      
       exit.obj                   6       0         0      
       pre_init.obj               4       0         0      
       boot.obj                   0       2         0      
       int01.obj                  0       2         0      
       int04.obj                  0       2         0      
       int05.obj                  0       2         0      
       int06.obj                  0       2         0      
       int07.obj                  0       2         0      
       int08.obj                  0       2         0      
       int09.obj                  0       2         0      
       int10.obj                  0       2         0      
       int11.obj                  0       2         0      
       int12.obj                  0       2         0      
       int14.obj                  0       2         0      
       startup.obj                2       0         0      
    +--+--------------------------+-------+---------+---------+
       Total:                     4904    24        0      
                                                           
       Stack:                     0       0         80     
       Linker Generated:          0       41        0      
    +--+--------------------------+-------+---------+---------+
       Grand Total:               10534   67        225    


LINKER GENERATED COPY TABLES

__TI_cinit_table @ 0000e948 records: 2, size/record: 4, table size: 8
	.data: load addr=0000e926, load size=00000014 bytes, run addr=00000200, run size=0000005c bytes, compression=rle
	.bss: load addr=0000e93a, load size=00000009 bytes, run addr=0000025c, run size=00000035 bytes, compression=rle


LINKER GENERATED HANDLER TABLE

__TI_handler_table @ 0000e944 records: 2, size/record: 2, table size: 4
	index: 0, handler: __TI_decompress_rle24
	index: 1, handler: __TI_decompress_none


GLOBAL SYMBOLS: SORTED ALPHABETICALLY BY Name 

address   name                    
-------   ----                    
000001a0  ADC12CTL0               
000001a2  ADC12CTL1               
000001a6  ADC12IE                 
000001a4  ADC12IFG                
000001a8  ADC12IV                 
00000080  ADC12MCTL0              
00000081  ADC12MCTL1              
0000008a  ADC12MCTL10             
0000008b  ADC12MCTL11             
0000008c  ADC12MCTL12             
0000008d  ADC12MCTL13             
0000008e  ADC12MCTL14             
0000008f  ADC12MCTL15             
00000082  ADC12MCTL2              
00000083  ADC12MCTL3              
00000084  ADC12MCTL4              
00000085  ADC12MCTL5              
00000086  ADC12MCTL6              
00000087  ADC12MCTL7              
00000088  ADC12MCTL8              
00000089  ADC12MCTL9              
00000140  ADC12MEM0               
00000142  ADC12MEM1               
00000154  ADC12MEM10              
00000156  ADC12MEM11              
00000158  ADC12MEM12              
0000015a  ADC12MEM13              
0000015c  ADC12MEM14              
0000015e  ADC12MEM15              
00000144  ADC12MEM2               
00000146  ADC12MEM3               
00000148  ADC12MEM4               
0000014a  ADC12MEM5               
0000014c  ADC12MEM6               
0000014e  ADC12MEM7               
00000150  ADC12MEM8               
00000152  ADC12MEM9               
00000057  BCSCTL1                 
00000058  BCSCTL2                 
0000e914  C$$EXIT                 
00000059  CACTL1                  
0000005a  CACTL2                  
0000005b  CAPD                    
00000056  DCOCTL                  
00000128  FCTL1                   
0000012a  FCTL2                   
0000012c  FCTL3                   
00000000  IE1                     
00000002  IFG1                    
00000004  ME1                     
00000022  P1DIR                   
00000025  P1IE                    
00000024  P1IES                   
00000023  P1IFG                   
00000020  P1IN                    
00000021  P1OUT                   
00000026  P1SEL                   
0000002a  P2DIR                   
0000002d  P2IE                    
0000002c  P2IES                   
0000002b  P2IFG                   
00000028  P2IN                    
00000029  P2OUT                   
0000002e  P2SEL                   
0000001a  P3DIR                   
00000018  P3IN                    
00000019  P3OUT                   
0000001b  P3SEL                   
0000001e  P4DIR                   
0000001c  P4IN                    
0000001d  P4OUT                   
0000001f  P4SEL                   
00000032  P5DIR                   
00000030  P5IN                    
00000031  P5OUT                   
00000033  P5SEL                   
00000036  P6DIR                   
00000034  P6IN                    
00000035  P6OUT                   
00000037  P6SEL                   
00000172  TACCR0                  
00000174  TACCR1                  
00000176  TACCR2                  
00000162  TACCTL0                 
00000164  TACCTL1                 
00000166  TACCTL2                 
00000160  TACTL                   
0000012e  TAIV                    
00000170  TAR                     
00000192  TBCCR0                  
00000194  TBCCR1                  
00000196  TBCCR2                  
00000182  TBCCTL0                 
00000184  TBCCTL1                 
00000186  TBCCTL2                 
00000180  TBCTL                   
0000011e  TBIV                    
00000190  TBR                     
00000074  U0BR0                   
00000075  U0BR1                   
00000070  U0CTL                   
00000073  U0MCTL                  
00000072  U0RCTL                  
00000076  U0RXBUF                 
00000071  U0TCTL                  
00000077  U0TXBUF                 
00000120  WDTCTL                  
00000400  __STACK_END             
00000050  __STACK_SIZE            
UNDEFED   __TI_BINIT_Base         
UNDEFED   __TI_BINIT_Limit        
0000e948  __TI_CINIT_Base         
0000e950  __TI_CINIT_Limit        
0000e944  __TI_Handler_Table_Base 
0000e948  __TI_Handler_Table_Limit
UNDEFED   __TI_INITARRAY_Base     
UNDEFED   __TI_INITARRAY_Limit    
0000e90c  __TI_ISR_TRAP           
0000e882  __TI_decompress_none    
0000e91a  __TI_decompress_rle24   
0000d760  __TI_frcaddd            
0000cf16  __TI_frcmpyd            
0000ffe2  __TI_int01              
0000ffe8  __TI_int04              
0000ffea  __TI_int05              
0000ffec  __TI_int06              
0000ffee  __TI_int07              
0000fff0  __TI_int08              
0000fff2  __TI_int09              
0000fff4  __TI_int10              
0000fff6  __TI_int11              
0000fff8  __TI_int12              
0000fffa  __TI_int13              
0000fffc  __TI_int14              
ffffffff  __TI_pprof_out_hndl     
ffffffff  __TI_prof_data_size     
ffffffff  __TI_prof_data_start    
0000dfdc  __TI_renormd            
ffffffff  __c_args__              
0000d20a  __mspabi_addd           
0000dcc8  __mspabi_addf           
0000df00  __mspabi_cmpd           
0000e4aa  __mspabi_cmpf           
0000e136  __mspabi_cvtdf          
0000e1c2  __mspabi_cvtfd          
0000e09a  __mspabi_divf           
0000e7ec  __mspabi_fltuf          
0000e908  __mspabi_func_epilog_1  
0000e906  __mspabi_func_epilog_2  
0000e904  __mspabi_func_epilog_3  
0000e902  __mspabi_func_epilog_4  
0000e900  __mspabi_func_epilog_5  
0000e8fe  __mspabi_func_epilog_6  
0000e8fc  __mspabi_func_epilog_7  
0000d4f2  __mspabi_mpyd           
0000e85c  __mspabi_mpyi           
0000e85c  __mspabi_mpyi_sw        
0000e7a2  __mspabi_mpyl           
0000e7a2  __mspabi_mpyl_sw        
0000e74c  __mspabi_slli           
0000e774  __mspabi_slli_1         
0000e762  __mspabi_slli_10        
0000e760  __mspabi_slli_11        
0000e75e  __mspabi_slli_12        
0000e75c  __mspabi_slli_13        
0000e75a  __mspabi_slli_14        
0000e758  __mspabi_slli_15        
0000e772  __mspabi_slli_2         
0000e770  __mspabi_slli_3         
0000e76e  __mspabi_slli_4         
0000e76c  __mspabi_slli_5         
0000e76a  __mspabi_slli_6         
0000e768  __mspabi_slli_7         
0000e766  __mspabi_slli_8         
0000e764  __mspabi_slli_9         
0000e8ec  __mspabi_slll           
0000e5ea  __mspabi_slll_1         
0000e5c6  __mspabi_slll_10        
0000e5c2  __mspabi_slll_11        
0000e5be  __mspabi_slll_12        
0000e5ba  __mspabi_slll_13        
0000e5b6  __mspabi_slll_14        
0000e5b2  __mspabi_slll_15        
0000e5e6  __mspabi_slll_2         
0000e5e2  __mspabi_slll_3         
0000e5de  __mspabi_slll_4         
0000e5da  __mspabi_slll_5         
0000e5d6  __mspabi_slll_6         
0000e5d2  __mspabi_slll_7         
0000e5ce  __mspabi_slll_8         
0000e5ca  __mspabi_slll_9         
0000e720  __mspabi_srai           
0000e748  __mspabi_srai_1         
0000e736  __mspabi_srai_10        
0000e734  __mspabi_srai_11        
0000e732  __mspabi_srai_12        
0000e730  __mspabi_srai_13        
0000e72e  __mspabi_srai_14        
0000e72c  __mspabi_srai_15        
0000e746  __mspabi_srai_2         
0000e744  __mspabi_srai_3         
0000e742  __mspabi_srai_4         
0000e740  __mspabi_srai_5         
0000e73e  __mspabi_srai_6         
0000e73c  __mspabi_srai_7         
0000e73a  __mspabi_srai_8         
0000e738  __mspabi_srai_9         
0000e8dc  __mspabi_sral           
0000e5ac  __mspabi_sral_1         
0000e588  __mspabi_sral_10        
0000e584  __mspabi_sral_11        
0000e580  __mspabi_sral_12        
0000e57c  __mspabi_sral_13        
0000e578  __mspabi_sral_14        
0000e574  __mspabi_sral_15        
0000e5a8  __mspabi_sral_2         
0000e5a4  __mspabi_sral_3         
0000e5a0  __mspabi_sral_4         
0000e59c  __mspabi_sral_5         
0000e598  __mspabi_sral_6         
0000e594  __mspabi_sral_7         
0000e590  __mspabi_sral_8         
0000e58c  __mspabi_sral_9         
0000e45e  __mspabi_srli           
0000e4a4  __mspabi_srli_1         
0000e480  __mspabi_srli_10        
0000e47c  __mspabi_srli_11        
0000e478  __mspabi_srli_12        
0000e474  __mspabi_srli_13        
0000e470  __mspabi_srli_14        
0000e46c  __mspabi_srli_15        
0000e4a0  __mspabi_srli_2         
0000e49c  __mspabi_srli_3         
0000e498  __mspabi_srli_4         
0000e494  __mspabi_srli_5         
0000e490  __mspabi_srli_6         
0000e48c  __mspabi_srli_7         
0000e488  __mspabi_srli_8         
0000e484  __mspabi_srli_9         
0000e894  __mspabi_srll           
0000e35a  __mspabi_srll_1         
0000e324  __mspabi_srll_10        
0000e31e  __mspabi_srll_11        
0000e318  __mspabi_srll_12        
0000e312  __mspabi_srll_13        
0000e30c  __mspabi_srll_14        
0000e306  __mspabi_srll_15        
0000e354  __mspabi_srll_2         
0000e34e  __mspabi_srll_3         
0000e348  __mspabi_srll_4         
0000e342  __mspabi_srll_5         
0000e33c  __mspabi_srll_6         
0000e336  __mspabi_srll_7         
0000e330  __mspabi_srll_8         
0000e32a  __mspabi_srll_9         
0000e6c6  __mspabi_subd           
0000dcc2  __mspabi_subf           
0000e234  _auto_init              
0000e810  _c_int00_noargs_noexit  
0000fffe  _reset_vector           
000003b0  _stack                  
0000e924  _system_post_cinit      
0000e920  _system_pre_init        
0000e914  abort                   
00000202  activity_flag           
00000212  actual_current          
00000216  actual_current1         
0000021a  actual_current2         
00000206  actual_velocity         
0000020a  actual_velocity1        
0000020e  actual_velocity2        
0000e7c8  adc_init                
00000236  adcvalue1               
00000238  adcvalue2               
00000232  avg_set_current         
00000200  blink_flag              
0000024c  blink_left              
0000024d  blink_right             
0000028b  bps_char0               
0000028c  bps_char1               
0000028d  bps_char2               
0000028e  bps_char3               
00000278  bps_long                
00000204  bps_precharge_done      
0000023c  brake                   
0000025c  buffer                  
0000026c  can                     
0000ddf4  can_init                
0000e662  can_mod                 
0000e5f0  can_read                
0000e844  can_read_status         
0000d9c0  can_receive             
0000e870  can_reset               
0000e778  can_rts                 
0000db4e  can_transmit            
0000e4f4  can_write               
0000e40e  can_write_tx            
0000023e  charge_mode             
0000e6f4  clock_init              
00000250  comms_event_count       
00000201  comms_flag              
0000e362  copy_in                 
00000240  cruise                  
00000246  cruise_current          
0000024a  cruise_steps            
00000242  cruise_velocity         
0000027c  dcMODE                  
00000252  debounceEncoder1        
0000023d  enable                  
0000028f  enc1_new                
00000290  enc1_old                
0000024e  encoder1                
00000203  input_flag              
0000e534  io_init                 
0000c000  main                    
0000e8a6  memcpy                  
00000241  moving                  
0000023b  regen                   
00000226  request_current         
0000023a  reverse                 
0000022e  set_bus_current         
00000222  set_current             
0000021e  set_velocity            
0000e8b8  spi_exchange            
0000e62c  spi_init                
0000e8ca  spi_transmit            
0000027e  switches_dif            
00000280  switches_dif_save       
00000282  switches_new            
00000284  switches_old            
00000286  switches_out_dif        
00000288  switches_out_new        
0000e694  timerA_init             
0000e82a  timerB_init             
0000e3bc  timer_b0                
0000022a  turtle_current          
0000023f  turtle_mode             


GLOBAL SYMBOLS: SORTED BY Symbol Address 

address   name                    
-------   ----                    
00000000  IE1                     
00000002  IFG1                    
00000004  ME1                     
00000018  P3IN                    
00000019  P3OUT                   
0000001a  P3DIR                   
0000001b  P3SEL                   
0000001c  P4IN                    
0000001d  P4OUT                   
0000001e  P4DIR                   
0000001f  P4SEL                   
00000020  P1IN                    
00000021  P1OUT                   
00000022  P1DIR                   
00000023  P1IFG                   
00000024  P1IES                   
00000025  P1IE                    
00000026  P1SEL                   
00000028  P2IN                    
00000029  P2OUT                   
0000002a  P2DIR                   
0000002b  P2IFG                   
0000002c  P2IES                   
0000002d  P2IE                    
0000002e  P2SEL                   
00000030  P5IN                    
00000031  P5OUT                   
00000032  P5DIR                   
00000033  P5SEL                   
00000034  P6IN                    
00000035  P6OUT                   
00000036  P6DIR                   
00000037  P6SEL                   
00000050  __STACK_SIZE            
00000056  DCOCTL                  
00000057  BCSCTL1                 
00000058  BCSCTL2                 
00000059  CACTL1                  
0000005a  CACTL2                  
0000005b  CAPD                    
00000070  U0CTL                   
00000071  U0TCTL                  
00000072  U0RCTL                  
00000073  U0MCTL                  
00000074  U0BR0                   
00000075  U0BR1                   
00000076  U0RXBUF                 
00000077  U0TXBUF                 
00000080  ADC12MCTL0              
00000081  ADC12MCTL1              
00000082  ADC12MCTL2              
00000083  ADC12MCTL3              
00000084  ADC12MCTL4              
00000085  ADC12MCTL5              
00000086  ADC12MCTL6              
00000087  ADC12MCTL7              
00000088  ADC12MCTL8              
00000089  ADC12MCTL9              
0000008a  ADC12MCTL10             
0000008b  ADC12MCTL11             
0000008c  ADC12MCTL12             
0000008d  ADC12MCTL13             
0000008e  ADC12MCTL14             
0000008f  ADC12MCTL15             
0000011e  TBIV                    
00000120  WDTCTL                  
00000128  FCTL1                   
0000012a  FCTL2                   
0000012c  FCTL3                   
0000012e  TAIV                    
00000140  ADC12MEM0               
00000142  ADC12MEM1               
00000144  ADC12MEM2               
00000146  ADC12MEM3               
00000148  ADC12MEM4               
0000014a  ADC12MEM5               
0000014c  ADC12MEM6               
0000014e  ADC12MEM7               
00000150  ADC12MEM8               
00000152  ADC12MEM9               
00000154  ADC12MEM10              
00000156  ADC12MEM11              
00000158  ADC12MEM12              
0000015a  ADC12MEM13              
0000015c  ADC12MEM14              
0000015e  ADC12MEM15              
00000160  TACTL                   
00000162  TACCTL0                 
00000164  TACCTL1                 
00000166  TACCTL2                 
00000170  TAR                     
00000172  TACCR0                  
00000174  TACCR1                  
00000176  TACCR2                  
00000180  TBCTL                   
00000182  TBCCTL0                 
00000184  TBCCTL1                 
00000186  TBCCTL2                 
00000190  TBR                     
00000192  TBCCR0                  
00000194  TBCCR1                  
00000196  TBCCR2                  
000001a0  ADC12CTL0               
000001a2  ADC12CTL1               
000001a4  ADC12IFG                
000001a6  ADC12IE                 
000001a8  ADC12IV                 
00000200  blink_flag              
00000201  comms_flag              
00000202  activity_flag           
00000203  input_flag              
00000204  bps_precharge_done      
00000206  actual_velocity         
0000020a  actual_velocity1        
0000020e  actual_velocity2        
00000212  actual_current          
00000216  actual_current1         
0000021a  actual_current2         
0000021e  set_velocity            
00000222  set_current             
00000226  request_current         
0000022a  turtle_current          
0000022e  set_bus_current         
00000232  avg_set_current         
00000236  adcvalue1               
00000238  adcvalue2               
0000023a  reverse                 
0000023b  regen                   
0000023c  brake                   
0000023d  enable                  
0000023e  charge_mode             
0000023f  turtle_mode             
00000240  cruise                  
00000241  moving                  
00000242  cruise_velocity         
00000246  cruise_current          
0000024a  cruise_steps            
0000024c  blink_left              
0000024d  blink_right             
0000024e  encoder1                
00000250  comms_event_count       
00000252  debounceEncoder1        
0000025c  buffer                  
0000026c  can                     
00000278  bps_long                
0000027c  dcMODE                  
0000027e  switches_dif            
00000280  switches_dif_save       
00000282  switches_new            
00000284  switches_old            
00000286  switches_out_dif        
00000288  switches_out_new        
0000028b  bps_char0               
0000028c  bps_char1               
0000028d  bps_char2               
0000028e  bps_char3               
0000028f  enc1_new                
00000290  enc1_old                
000003b0  _stack                  
00000400  __STACK_END             
0000c000  main                    
0000cf16  __TI_frcmpyd            
0000d20a  __mspabi_addd           
0000d4f2  __mspabi_mpyd           
0000d760  __TI_frcaddd            
0000d9c0  can_receive             
0000db4e  can_transmit            
0000dcc2  __mspabi_subf           
0000dcc8  __mspabi_addf           
0000ddf4  can_init                
0000df00  __mspabi_cmpd           
0000dfdc  __TI_renormd            
0000e09a  __mspabi_divf           
0000e136  __mspabi_cvtdf          
0000e1c2  __mspabi_cvtfd          
0000e234  _auto_init              
0000e306  __mspabi_srll_15        
0000e30c  __mspabi_srll_14        
0000e312  __mspabi_srll_13        
0000e318  __mspabi_srll_12        
0000e31e  __mspabi_srll_11        
0000e324  __mspabi_srll_10        
0000e32a  __mspabi_srll_9         
0000e330  __mspabi_srll_8         
0000e336  __mspabi_srll_7         
0000e33c  __mspabi_srll_6         
0000e342  __mspabi_srll_5         
0000e348  __mspabi_srll_4         
0000e34e  __mspabi_srll_3         
0000e354  __mspabi_srll_2         
0000e35a  __mspabi_srll_1         
0000e362  copy_in                 
0000e3bc  timer_b0                
0000e40e  can_write_tx            
0000e45e  __mspabi_srli           
0000e46c  __mspabi_srli_15        
0000e470  __mspabi_srli_14        
0000e474  __mspabi_srli_13        
0000e478  __mspabi_srli_12        
0000e47c  __mspabi_srli_11        
0000e480  __mspabi_srli_10        
0000e484  __mspabi_srli_9         
0000e488  __mspabi_srli_8         
0000e48c  __mspabi_srli_7         
0000e490  __mspabi_srli_6         
0000e494  __mspabi_srli_5         
0000e498  __mspabi_srli_4         
0000e49c  __mspabi_srli_3         
0000e4a0  __mspabi_srli_2         
0000e4a4  __mspabi_srli_1         
0000e4aa  __mspabi_cmpf           
0000e4f4  can_write               
0000e534  io_init                 
0000e574  __mspabi_sral_15        
0000e578  __mspabi_sral_14        
0000e57c  __mspabi_sral_13        
0000e580  __mspabi_sral_12        
0000e584  __mspabi_sral_11        
0000e588  __mspabi_sral_10        
0000e58c  __mspabi_sral_9         
0000e590  __mspabi_sral_8         
0000e594  __mspabi_sral_7         
0000e598  __mspabi_sral_6         
0000e59c  __mspabi_sral_5         
0000e5a0  __mspabi_sral_4         
0000e5a4  __mspabi_sral_3         
0000e5a8  __mspabi_sral_2         
0000e5ac  __mspabi_sral_1         
0000e5b2  __mspabi_slll_15        
0000e5b6  __mspabi_slll_14        
0000e5ba  __mspabi_slll_13        
0000e5be  __mspabi_slll_12        
0000e5c2  __mspabi_slll_11        
0000e5c6  __mspabi_slll_10        
0000e5ca  __mspabi_slll_9         
0000e5ce  __mspabi_slll_8         
0000e5d2  __mspabi_slll_7         
0000e5d6  __mspabi_slll_6         
0000e5da  __mspabi_slll_5         
0000e5de  __mspabi_slll_4         
0000e5e2  __mspabi_slll_3         
0000e5e6  __mspabi_slll_2         
0000e5ea  __mspabi_slll_1         
0000e5f0  can_read                
0000e62c  spi_init                
0000e662  can_mod                 
0000e694  timerA_init             
0000e6c6  __mspabi_subd           
0000e6f4  clock_init              
0000e720  __mspabi_srai           
0000e72c  __mspabi_srai_15        
0000e72e  __mspabi_srai_14        
0000e730  __mspabi_srai_13        
0000e732  __mspabi_srai_12        
0000e734  __mspabi_srai_11        
0000e736  __mspabi_srai_10        
0000e738  __mspabi_srai_9         
0000e73a  __mspabi_srai_8         
0000e73c  __mspabi_srai_7         
0000e73e  __mspabi_srai_6         
0000e740  __mspabi_srai_5         
0000e742  __mspabi_srai_4         
0000e744  __mspabi_srai_3         
0000e746  __mspabi_srai_2         
0000e748  __mspabi_srai_1         
0000e74c  __mspabi_slli           
0000e758  __mspabi_slli_15        
0000e75a  __mspabi_slli_14        
0000e75c  __mspabi_slli_13        
0000e75e  __mspabi_slli_12        
0000e760  __mspabi_slli_11        
0000e762  __mspabi_slli_10        
0000e764  __mspabi_slli_9         
0000e766  __mspabi_slli_8         
0000e768  __mspabi_slli_7         
0000e76a  __mspabi_slli_6         
0000e76c  __mspabi_slli_5         
0000e76e  __mspabi_slli_4         
0000e770  __mspabi_slli_3         
0000e772  __mspabi_slli_2         
0000e774  __mspabi_slli_1         
0000e778  can_rts                 
0000e7a2  __mspabi_mpyl           
0000e7a2  __mspabi_mpyl_sw        
0000e7c8  adc_init                
0000e7ec  __mspabi_fltuf          
0000e810  _c_int00_noargs_noexit  
0000e82a  timerB_init             
0000e844  can_read_status         
0000e85c  __mspabi_mpyi           
0000e85c  __mspabi_mpyi_sw        
0000e870  can_reset               
0000e882  __TI_decompress_none    
0000e894  __mspabi_srll           
0000e8a6  memcpy                  
0000e8b8  spi_exchange            
0000e8ca  spi_transmit            
0000e8dc  __mspabi_sral           
0000e8ec  __mspabi_slll           
0000e8fc  __mspabi_func_epilog_7  
0000e8fe  __mspabi_func_epilog_6  
0000e900  __mspabi_func_epilog_5  
0000e902  __mspabi_func_epilog_4  
0000e904  __mspabi_func_epilog_3  
0000e906  __mspabi_func_epilog_2  
0000e908  __mspabi_func_epilog_1  
0000e90c  __TI_ISR_TRAP           
0000e914  C$$EXIT                 
0000e914  abort                   
0000e91a  __TI_decompress_rle24   
0000e920  _system_pre_init        
0000e924  _system_post_cinit      
0000e944  __TI_Handler_Table_Base 
0000e948  __TI_CINIT_Base         
0000e948  __TI_Handler_Table_Limit
0000e950  __TI_CINIT_Limit        
0000ffe2  __TI_int01              
0000ffe8  __TI_int04              
0000ffea  __TI_int05              
0000ffec  __TI_int06              
0000ffee  __TI_int07              
0000fff0  __TI_int08              
0000fff2  __TI_int09              
0000fff4  __TI_int10              
0000fff6  __TI_int11              
0000fff8  __TI_int12              
0000fffa  __TI_int13              
0000fffc  __TI_int14              
0000fffe  _reset_vector           
ffffffff  __TI_pprof_out_hndl     
ffffffff  __TI_prof_data_size     
ffffffff  __TI_prof_data_start    
ffffffff  __c_args__              
UNDEFED   __TI_BINIT_Base         
UNDEFED   __TI_BINIT_Limit        
UNDEFED   __TI_INITARRAY_Base     
UNDEFED   __TI_INITARRAY_Limit    

[337 symbols]
